Archive member included to satisfy reference by file (symbol)

c:/ac6/systemworkbench/plugins/fr.ac6.mcu.externaltools.arm-none.win32_1.15.0.201708311556/tools/compiler/bin/../lib/gcc/arm-none-eabi/6.3.1/../../../../arm-none-eabi/lib/thumb/v7-m\libc_nano.a(lib_a-exit.o)
                              c:/ac6/systemworkbench/plugins/fr.ac6.mcu.externaltools.arm-none.win32_1.15.0.201708311556/tools/compiler/bin/../lib/gcc/arm-none-eabi/6.3.1/../../../../arm-none-eabi/lib/thumb/v7-m/crt0.o (exit)
c:/ac6/systemworkbench/plugins/fr.ac6.mcu.externaltools.arm-none.win32_1.15.0.201708311556/tools/compiler/bin/../lib/gcc/arm-none-eabi/6.3.1/../../../../arm-none-eabi/lib/thumb/v7-m\libc_nano.a(lib_a-impure.o)
                              c:/ac6/systemworkbench/plugins/fr.ac6.mcu.externaltools.arm-none.win32_1.15.0.201708311556/tools/compiler/bin/../lib/gcc/arm-none-eabi/6.3.1/../../../../arm-none-eabi/lib/thumb/v7-m\libc_nano.a(lib_a-exit.o) (_global_impure_ptr)
c:/ac6/systemworkbench/plugins/fr.ac6.mcu.externaltools.arm-none.win32_1.15.0.201708311556/tools/compiler/bin/../lib/gcc/arm-none-eabi/6.3.1/../../../../arm-none-eabi/lib/thumb/v7-m\libc_nano.a(lib_a-init.o)
                              c:/ac6/systemworkbench/plugins/fr.ac6.mcu.externaltools.arm-none.win32_1.15.0.201708311556/tools/compiler/bin/../lib/gcc/arm-none-eabi/6.3.1/../../../../arm-none-eabi/lib/thumb/v7-m/crt0.o (__libc_init_array)
c:/ac6/systemworkbench/plugins/fr.ac6.mcu.externaltools.arm-none.win32_1.15.0.201708311556/tools/compiler/bin/../lib/gcc/arm-none-eabi/6.3.1/../../../../arm-none-eabi/lib/thumb/v7-m\libc_nano.a(lib_a-memcpy-stub.o)
                              Middlewares/Third_Party/FreeRTOS/Source/queue.o (memcpy)
c:/ac6/systemworkbench/plugins/fr.ac6.mcu.externaltools.arm-none.win32_1.15.0.201708311556/tools/compiler/bin/../lib/gcc/arm-none-eabi/6.3.1/../../../../arm-none-eabi/lib/thumb/v7-m\libc_nano.a(lib_a-memset.o)
                              c:/ac6/systemworkbench/plugins/fr.ac6.mcu.externaltools.arm-none.win32_1.15.0.201708311556/tools/compiler/bin/../lib/gcc/arm-none-eabi/6.3.1/../../../../arm-none-eabi/lib/thumb/v7-m/crt0.o (memset)
c:/ac6/systemworkbench/plugins/fr.ac6.mcu.externaltools.arm-none.win32_1.15.0.201708311556/tools/compiler/bin/../lib/gcc/arm-none-eabi/6.3.1/../../../../arm-none-eabi/lib/thumb/v7-m\libc_nano.a(lib_a-sprintf.o)
                              Application/Drivers/Src/sim808.o (sprintf)
c:/ac6/systemworkbench/plugins/fr.ac6.mcu.externaltools.arm-none.win32_1.15.0.201708311556/tools/compiler/bin/../lib/gcc/arm-none-eabi/6.3.1/../../../../arm-none-eabi/lib/thumb/v7-m\libc_nano.a(lib_a-strcmp.o)
                              Application/Drivers/Src/communication.o (strcmp)
c:/ac6/systemworkbench/plugins/fr.ac6.mcu.externaltools.arm-none.win32_1.15.0.201708311556/tools/compiler/bin/../lib/gcc/arm-none-eabi/6.3.1/../../../../arm-none-eabi/lib/thumb/v7-m\libc_nano.a(lib_a-strlen.o)
                              Application/Drivers/Src/communication.o (strlen)
c:/ac6/systemworkbench/plugins/fr.ac6.mcu.externaltools.arm-none.win32_1.15.0.201708311556/tools/compiler/bin/../lib/gcc/arm-none-eabi/6.3.1/../../../../arm-none-eabi/lib/thumb/v7-m\libc_nano.a(lib_a-strncpy.o)
                              Application/Drivers/Src/communication.o (strncpy)
c:/ac6/systemworkbench/plugins/fr.ac6.mcu.externaltools.arm-none.win32_1.15.0.201708311556/tools/compiler/bin/../lib/gcc/arm-none-eabi/6.3.1/../../../../arm-none-eabi/lib/thumb/v7-m\libc_nano.a(lib_a-strtok.o)
                              Application/Drivers/Src/communication.o (strtok)
c:/ac6/systemworkbench/plugins/fr.ac6.mcu.externaltools.arm-none.win32_1.15.0.201708311556/tools/compiler/bin/../lib/gcc/arm-none-eabi/6.3.1/../../../../arm-none-eabi/lib/thumb/v7-m\libc_nano.a(lib_a-strtok_r.o)
                              c:/ac6/systemworkbench/plugins/fr.ac6.mcu.externaltools.arm-none.win32_1.15.0.201708311556/tools/compiler/bin/../lib/gcc/arm-none-eabi/6.3.1/../../../../arm-none-eabi/lib/thumb/v7-m\libc_nano.a(lib_a-strtok.o) (__strtok_r)
c:/ac6/systemworkbench/plugins/fr.ac6.mcu.externaltools.arm-none.win32_1.15.0.201708311556/tools/compiler/bin/../lib/gcc/arm-none-eabi/6.3.1/../../../../arm-none-eabi/lib/thumb/v7-m\libc_nano.a(lib_a-malloc.o)
                              c:/ac6/systemworkbench/plugins/fr.ac6.mcu.externaltools.arm-none.win32_1.15.0.201708311556/tools/compiler/bin/../lib/gcc/arm-none-eabi/6.3.1/../../../../arm-none-eabi/lib/thumb/v7-m\libc_nano.a(lib_a-strtok.o) (malloc)
c:/ac6/systemworkbench/plugins/fr.ac6.mcu.externaltools.arm-none.win32_1.15.0.201708311556/tools/compiler/bin/../lib/gcc/arm-none-eabi/6.3.1/../../../../arm-none-eabi/lib/thumb/v7-m\libc_nano.a(lib_a-nano-freer.o)
                              c:/ac6/systemworkbench/plugins/fr.ac6.mcu.externaltools.arm-none.win32_1.15.0.201708311556/tools/compiler/bin/../lib/gcc/arm-none-eabi/6.3.1/../../../../arm-none-eabi/lib/thumb/v7-m\libc_nano.a(lib_a-malloc.o) (_free_r)
[...]
Memory Configuration

Name             Origin             Length             Attributes
RAM              0x20000000         0x00008000         xrw
FLASH            0x08000000         0x00040000         xr
*default*        0x00000000         0xffffffff

Linker script and memory map

LOAD c:/ac6/systemworkbench/plugins/fr.ac6.mcu.externaltools.arm-none.win32_1.15.0.201708311556/tools/compiler/bin/../lib/gcc/arm-none-eabi/6.3.1/thumb/v7-m/crti.o
LOAD c:/ac6/systemworkbench/plugins/fr.ac6.mcu.externaltools.arm-none.win32_1.15.0.201708311556/tools/compiler/bin/../lib/gcc/arm-none-eabi/6.3.1/thumb/v7-m/crtbegin.o
LOAD c:/ac6/systemworkbench/plugins/fr.ac6.mcu.externaltools.arm-none.win32_1.15.0.201708311556/tools/compiler/bin/../lib/gcc/arm-none-eabi/6.3.1/../../../../arm-none-eabi/lib/thumb/v7-m/crt0.o
LOAD Application/Base/Src/config.o
LOAD Application/Base/Src/freertos.o
LOAD Application/Base/Src/main.o
LOAD Application/Base/Src/stm32l1xx_hal_msp.o
LOAD Application/Base/Src/stm32l1xx_hal_timebase_TIM.o
LOAD Application/Base/Src/stm32l1xx_it.o
LOAD Application/Base/Src/system_stm32l1xx.o
LOAD Application/Drivers/Src/adc.o
LOAD Application/Drivers/Src/communication.o
LOAD Application/Drivers/Src/led.o
LOAD Application/Drivers/Src/power.o
LOAD Application/Drivers/Src/sim808.o
LOAD Application/Drivers/Src/uart.o
LOAD Application/USB/Src/usb.o
LOAD Application/USB/Src/usb_device.o
LOAD Application/USB/Src/usbd_cdc_if.o
LOAD Application/USB/Src/usbd_conf.o
LOAD Application/USB/Src/usbd_desc.o
LOAD Drivers/STM32L1xx_HAL_Driver/Src/stm32l1xx_hal.o
LOAD Drivers/STM32L1xx_HAL_Driver/Src/stm32l1xx_hal_adc.o
LOAD Drivers/STM32L1xx_HAL_Driver/Src/stm32l1xx_hal_adc_ex.o
LOAD Drivers/STM32L1xx_HAL_Driver/Src/stm32l1xx_hal_cortex.o
LOAD Drivers/STM32L1xx_HAL_Driver/Src/stm32l1xx_hal_dma.o
LOAD Drivers/STM32L1xx_HAL_Driver/Src/stm32l1xx_hal_flash.o
LOAD Drivers/STM32L1xx_HAL_Driver/Src/stm32l1xx_hal_flash_ex.o
LOAD Drivers/STM32L1xx_HAL_Driver/Src/stm32l1xx_hal_flash_ramfunc.o
LOAD Drivers/STM32L1xx_HAL_Driver/Src/stm32l1xx_hal_gpio.o
LOAD Drivers/STM32L1xx_HAL_Driver/Src/stm32l1xx_hal_pcd.o
LOAD Drivers/STM32L1xx_HAL_Driver/Src/stm32l1xx_hal_pcd_ex.o
LOAD Drivers/STM32L1xx_HAL_Driver/Src/stm32l1xx_hal_pwr.o
LOAD Drivers/STM32L1xx_HAL_Driver/Src/stm32l1xx_hal_pwr_ex.o
LOAD Drivers/STM32L1xx_HAL_Driver/Src/stm32l1xx_hal_rcc.o
LOAD Drivers/STM32L1xx_HAL_Driver/Src/stm32l1xx_hal_rcc_ex.o
LOAD Drivers/STM32L1xx_HAL_Driver/Src/stm32l1xx_hal_rtc.o
LOAD Drivers/STM32L1xx_HAL_Driver/Src/stm32l1xx_hal_rtc_ex.o
LOAD Drivers/STM32L1xx_HAL_Driver/Src/stm32l1xx_hal_tim.o
LOAD Drivers/STM32L1xx_HAL_Driver/Src/stm32l1xx_hal_tim_ex.o
LOAD Drivers/STM32L1xx_HAL_Driver/Src/stm32l1xx_hal_uart.o
LOAD Middlewares/ST/STM32_USB_Device_Library/Class/CDC/Src/usbd_cdc.o
LOAD Middlewares/ST/STM32_USB_Device_Library/Core/Src/usbd_core.o
LOAD Middlewares/ST/STM32_USB_Device_Library/Core/Src/usbd_ctlreq.o
LOAD Middlewares/ST/STM32_USB_Device_Library/Core/Src/usbd_ioreq.o
LOAD Middlewares/Third_Party/FreeRTOS/Source/CMSIS_RTOS/cmsis_os.o
LOAD Middlewares/Third_Party/FreeRTOS/Source/croutine.o
LOAD Middlewares/Third_Party/FreeRTOS/Source/event_groups.o
LOAD Middlewares/Third_Party/FreeRTOS/Source/list.o
LOAD Middlewares/Third_Party/FreeRTOS/Source/queue.o
LOAD Middlewares/Third_Party/FreeRTOS/Source/tasks.o
LOAD Middlewares/Third_Party/FreeRTOS/Source/timers.o
LOAD Middlewares/Third_Party/FreeRTOS/Source/portable/GCC/ARM_CM3/port.o
LOAD Middlewares/Third_Party/FreeRTOS/Source/portable/MemMang/heap_4.o
LOAD startup/startup_stm32l151xc.o
LOAD c:/ac6/systemworkbench/plugins/fr.ac6.mcu.externaltools.arm-none.win32_1.15.0.201708311556/tools/compiler/bin/../lib/gcc/arm-none-eabi/6.3.1/../../../../arm-none-eabi/lib/thumb/v7-m\libm.a
START GROUP
LOAD c:/ac6/systemworkbench/plugins/fr.ac6.mcu.externaltools.arm-none.win32_1.15.0.201708311556/tools/compiler/bin/../lib/gcc/arm-none-eabi/6.3.1/thumb/v7-m\libgcc.a
LOAD c:/ac6/systemworkbench/plugins/fr.ac6.mcu.externaltools.arm-none.win32_1.15.0.201708311556/tools/compiler/bin/../lib/gcc/arm-none-eabi/6.3.1/../../../../arm-none-eabi/lib/thumb/v7-m\libc_nano.a
END GROUP
START GROUP
LOAD c:/ac6/systemworkbench/plugins/fr.ac6.mcu.externaltools.arm-none.win32_1.15.0.201708311556/tools/compiler/bin/../lib/gcc/arm-none-eabi/6.3.1/thumb/v7-m\libgcc.a
LOAD c:/ac6/systemworkbench/plugins/fr.ac6.mcu.externaltools.arm-none.win32_1.15.0.201708311556/tools/compiler/bin/../lib/gcc/arm-none-eabi/6.3.1/../../../../arm-none-eabi/lib/thumb/v7-m\libc_nano.a
LOAD c:/ac6/systemworkbench/plugins/fr.ac6.mcu.externaltools.arm-none.win32_1.15.0.201708311556/tools/compiler/bin/../lib/gcc/arm-none-eabi/6.3.1/../../../../arm-none-eabi/lib/thumb/v7-m\libnosys.a
END GROUP
START GROUP
LOAD c:/ac6/systemworkbench/plugins/fr.ac6.mcu.externaltools.arm-none.win32_1.15.0.201708311556/tools/compiler/bin/../lib/gcc/arm-none-eabi/6.3.1/thumb/v7-m\libgcc.a
LOAD c:/ac6/systemworkbench/plugins/fr.ac6.mcu.externaltools.arm-none.win32_1.15.0.201708311556/tools/compiler/bin/../lib/gcc/arm-none-eabi/6.3.1/../../../../arm-none-eabi/lib/thumb/v7-m\libc_nano.a
LOAD c:/ac6/systemworkbench/plugins/fr.ac6.mcu.externaltools.arm-none.win32_1.15.0.201708311556/tools/compiler/bin/../lib/gcc/arm-none-eabi/6.3.1/../../../../arm-none-eabi/lib/thumb/v7-m\libnosys.a
END GROUP
LOAD c:/ac6/systemworkbench/plugins/fr.ac6.mcu.externaltools.arm-none.win32_1.15.0.201708311556/tools/compiler/bin/../lib/gcc/arm-none-eabi/6.3.1/thumb/v7-m/crtend.o
LOAD c:/ac6/systemworkbench/plugins/fr.ac6.mcu.externaltools.arm-none.win32_1.15.0.201708311556/tools/compiler/bin/../lib/gcc/arm-none-eabi/6.3.1/thumb/v7-m/crtn.o
                0x20008000                _estack = 0x20008000
                0x00000200                _Min_Heap_Size = 0x200
                0x00000400                _Min_Stack_Size = 0x400

.isr_vector     0x08000000      0x13c
                0x08000000                . = ALIGN (0x4)
 *(.isr_vector)
 .isr_vector    0x08000000      0x13c startup/startup_stm32l151xc.o
                0x08000000                g_pfnVectors
                0x0800013c                . = ALIGN (0x4)

.text           0x08000140     0xa74c
                0x08000140                . = ALIGN (0x4)
 *(.text)
 .text          0x08000140       0x6c c:/ac6/systemworkbench/plugins/fr.ac6.mcu.externaltools.arm-none.win32_1.15.0.201708311556/tools/compiler/bin/../lib/gcc/arm-none-eabi/6.3.1/thumb/v7-m/crtbegin.o
 .text          0x080001ac       0x14 c:/ac6/systemworkbench/plugins/fr.ac6.mcu.externaltools.arm-none.win32_1.15.0.201708311556/tools/compiler/bin/../lib/gcc/arm-none-eabi/6.3.1/../../../../arm-none-eabi/lib/thumb/v7-m\libc_nano.a(lib_a-strcmp.o)
                0x080001ac                strcmp
 .text          0x080001c0       0x10 c:/ac6/systemworkbench/plugins/fr.ac6.mcu.externaltools.arm-none.win32_1.15.0.201708311556/tools/compiler/bin/../lib/gcc/arm-none-eabi/6.3.1/../../../../arm-none-eabi/lib/thumb/v7-m\libc_nano.a(lib_a-strlen.o)
                0x080001c0                strlen
 *(.text*)
 .text.CONFIG_Init
                0x080001d0       0x14 Application/Base/Src/config.o
                0x080001d0                CONFIG_Init
 .text.CONFIG_ClockConfig
                0x080001e4       0xe0 Application/Base/Src/config.o
                0x080001e4                CONFIG_ClockConfig
 .text.CONFIG_GPIOClockEnable
                0x080002c4       0x74 Application/Base/Src/config.o
                0x080002c4                CONFIG_GPIOClockEnable
 .text.Error_Handler
                0x08000338       0x38 Application/Base/Src/config.o
                0x08000338                Error_Handler
 .text.HAL_TIM_PeriodElapsedCallback
                0x08000370       0x1e Application/Base/Src/config.o
                0x08000370                HAL_TIM_PeriodElapsedCallback
 .text._Error_Handler
                0x0800038e        0xc Application/Base/Src/config.o
                0x0800038e                _Error_Handler
 *fill*         0x0800039a        0x2 
 .text.main     0x0800039c       0x38 Application/Base/Src/main.o
                0x0800039c                main
 .text.StartDefaultTask
                0x080003d4       0x3c Application/Base/Src/main.o
                0x080003d4                StartDefaultTask
 .text.HAL_MspInit
                0x08000410       0xb4 Application/Base/Src/stm32l1xx_hal_msp.o
                0x08000410                HAL_MspInit
 .text.HAL_UART_MspInit
                0x080004c4       0x70 Application/Base/Src/stm32l1xx_hal_msp.o
                0x080004c4                HAL_UART_MspInit
 .text.HAL_InitTick
                0x08000534       0xac Application/Base/Src/stm32l1xx_hal_timebase_TIM.o
                0x08000534                HAL_InitTick
 .text.NMI_Handler
                0x080005e0        0xc Application/Base/Src/stm32l1xx_it.o
                0x080005e0                NMI_Handler
 .text.HardFault_Handler
                0x080005ec        0x6 Application/Base/Src/stm32l1xx_it.o
                0x080005ec                HardFault_Handler
 .text.MemManage_Handler
                0x080005f2        0x6 Application/Base/Src/stm32l1xx_it.o
                0x080005f2                MemManage_Handler
 .text.BusFault_Handler
                0x080005f8        0x6 Application/Base/Src/stm32l1xx_it.o
                0x080005f8                BusFault_Handler
 .text.UsageFault_Handler
                0x080005fe        0x6 Application/Base/Src/stm32l1xx_it.o
                0x080005fe                UsageFault_Handler
 .text.DebugMon_Handler
                0x08000604        0xc Application/Base/Src/stm32l1xx_it.o
                0x08000604                DebugMon_Handler
 .text.SysTick_Handler
                0x08000610        0xc Application/Base/Src/stm32l1xx_it.o
                0x08000610                SysTick_Handler
 .text.DMA1_Channel1_IRQHandler
                0x0800061c       0x14 Application/Base/Src/stm32l1xx_it.o
                0x0800061c                DMA1_Channel1_IRQHandler
 .text.ADC1_IRQHandler
                0x08000630       0x14 Application/Base/Src/stm32l1xx_it.o
                0x08000630                ADC1_IRQHandler
 .text.USB_LP_IRQHandler
                0x08000644       0x14 Application/Base/Src/stm32l1xx_it.o
                0x08000644                USB_LP_IRQHandler
 .text.EXTI9_5_IRQHandler
                0x08000658       0x10 Application/Base/Src/stm32l1xx_it.o
                0x08000658                EXTI9_5_IRQHandler
 .text.TIM2_IRQHandler
                0x08000668       0x14 Application/Base/Src/stm32l1xx_it.o
                0x08000668                TIM2_IRQHandler
 .text.EXTI15_10_IRQHandler
                0x0800067c       0x10 Application/Base/Src/stm32l1xx_it.o
                0x0800067c                EXTI15_10_IRQHandler
 .text.SystemInit
                0x0800068c       0x68 Application/Base/Src/system_stm32l1xx.o
                0x0800068c                SystemInit
 .text.LED_Init
                0x080006f4       0x3c Application/Drivers/Src/led.o
                0x080006f4                LED_Init
 .text.SIM808_Init
                0x08000730       0x10 Application/Drivers/Src/sim808.o
                0x08000730                SIM808_Init
 .text.SIM808_GPIOInit
                0x08000740       0x68 Application/Drivers/Src/sim808.o
                0x08000740                SIM808_GPIOInit
 .text.SIM808_SendCheckReply
                0x080007a8       0x38 Application/Drivers/Src/sim808.o
                0x080007a8                SIM808_SendCheckReply
 .text.SIM808_SendString
                0x080007e0       0x38 Application/Drivers/Src/sim808.o
                0x080007e0                SIM808_SendString
 .text.SIM808_SendByte
                0x08000818       0x26 Application/Drivers/Src/sim808.o
                0x08000818                SIM808_SendByte
 *fill*         0x0800083e        0x2 
 .text.SIM808_SendSMS
                0x08000840       0xd8 Application/Drivers/Src/sim808.o
                0x08000840                SIM808_SendSMS
 .text.UART_Init
                0x08000918      0x15c Application/Drivers/Src/uart.o
                0x08000918                UART_Init
 .text.UART_ByteReceivedHandler
                0x08000a74       0x38 Application/Drivers/Src/uart.o
                0x08000a74                UART_ByteReceivedHandler
 .text.UART_TransmissionCompleteHandler
                0x08000aac       0x58 Application/Drivers/Src/uart.o
                0x08000aac                UART_TransmissionCompleteHandler
 .text.UART_QueueReset
                0x08000b04       0x28 Application/Drivers/Src/uart.o
                0x08000b04                UART_QueueReset
 .text.UART_TxQueueFill
                0x08000b2c       0x3c Application/Drivers/Src/uart.o
                0x08000b2c                UART_TxQueueFill
 .text.UART_RxDeQueue
                0x08000b68       0x40 Application/Drivers/Src/uart.o
                0x08000b68                UART_RxDeQueue
 .text.UART_TxQueueGetByteFromISR
                0x08000ba8       0x50 Application/Drivers/Src/uart.o
                0x08000ba8                UART_TxQueueGetByteFromISR
 .text.UART_TxQueueGetByte
                0x08000bf8       0x24 Application/Drivers/Src/uart.o
                0x08000bf8                UART_TxQueueGetByte
 .text.UART_TxQueuePutByte
                0x08000c1c       0x24 Application/Drivers/Src/uart.o
                0x08000c1c                UART_TxQueuePutByte
 .text.UART_RxQeuePutByte
                0x08000c40       0x44 Application/Drivers/Src/uart.o
                0x08000c40                UART_RxQeuePutByte
 .text.UART_RxQueueGetByte
                0x08000c84       0x24 Application/Drivers/Src/uart.o
                0x08000c84                UART_RxQueueGetByte
 .text.UART_PutByte
                0x08000ca8       0x20 Application/Drivers/Src/uart.o
                0x08000ca8                UART_PutByte
 .text.UART_GetByte
                0x08000cc8       0x24 Application/Drivers/Src/uart.o
                0x08000cc8                UART_GetByte
 .text.UART_Enable
                0x08000cec       0xc4 Application/Drivers/Src/uart.o
                0x08000cec                UART_Enable
 .text.UART_Timer35Enable
                0x08000db0       0x1c Application/Drivers/Src/uart.o
                0x08000db0                UART_Timer35Enable
 .text.UART_Timer35Disable
                0x08000dcc       0x14 Application/Drivers/Src/uart.o
                0x08000dcc                UART_Timer35Disable
 .text.TIM3_IRQHandler
                0x08000de0       0x64 Application/Drivers/Src/uart.o
                0x08000de0                TIM3_IRQHandler
 .text.UART_TakeMutex
                0x08000e44       0x30 Application/Drivers/Src/uart.o
                0x08000e44                UART_TakeMutex
 .text.UART_GiveMutex
                0x08000e74       0x1c Application/Drivers/Src/uart.o
                0x08000e74                UART_GiveMutex
 .text.UART_SendByte
                0x08000e90       0x74 Application/Drivers/Src/uart.o
                0x08000e90                UART_SendByte
 .text.UART_SendString
                0x08000f04       0x64 Application/Drivers/Src/uart.o
                0x08000f04                UART_SendString
 .text.UART_SendCheckReply
                0x08000f68       0xa4 Application/Drivers/Src/uart.o
                0x08000f68                UART_SendCheckReply
 .text.USART1_IRQHandler
                0x0800100c       0xcc Application/Drivers/Src/uart.o
                0x0800100c                USART1_IRQHandler
 .text.MX_USB_DEVICE_Init
                0x080010d8       0x38 Application/USB/Src/usb_device.o
                0x080010d8                MX_USB_DEVICE_Init
 .text.CDC_Init_FS
                0x08001110       0x3c Application/USB/Src/usbd_cdc_if.o
 .text.CDC_DeInit_FS
                0x0800114c        0xe Application/USB/Src/usbd_cdc_if.o
 *fill*         0x0800115a        0x2 
 .text.CDC_Control_FS
                0x0800115c       0xbc Application/USB/Src/usbd_cdc_if.o
 .text.CDC_Receive_FS
                0x08001218       0xac Application/USB/Src/usbd_cdc_if.o
 .text.HAL_PCD_MspInit
                0x080012c4       0x4c Application/USB/Src/usbd_conf.o
                0x080012c4                HAL_PCD_MspInit
 .text.HAL_PCD_SetupStageCallback
                0x08001310       0x24 Application/USB/Src/usbd_conf.o
                0x08001310                HAL_PCD_SetupStageCallback
 .text.HAL_PCD_DataOutStageCallback
                0x08001334       0x36 Application/USB/Src/usbd_conf.o
                0x08001334                HAL_PCD_DataOutStageCallback
 .text.HAL_PCD_DataInStageCallback
                0x0800136a       0x34 Application/USB/Src/usbd_conf.o
                0x0800136a                HAL_PCD_DataInStageCallback
 .text.HAL_PCD_SOFCallback
                0x0800139e       0x1c Application/USB/Src/usbd_conf.o
                0x0800139e                HAL_PCD_SOFCallback
 .text.HAL_PCD_ResetCallback
                0x080013ba       0x44 Application/USB/Src/usbd_conf.o
                0x080013ba                HAL_PCD_ResetCallback
 *fill*         0x080013fe        0x2 
 .text.HAL_PCD_SuspendCallback
                0x08001400       0x34 Application/USB/Src/usbd_conf.o
                0x08001400                HAL_PCD_SuspendCallback
 .text.HAL_PCD_ResumeCallback
                0x08001434       0x1c Application/USB/Src/usbd_conf.o
                0x08001434                HAL_PCD_ResumeCallback
 .text.USBD_LL_Init
                0x08001450       0xc4 Application/USB/Src/usbd_conf.o
                0x08001450                USBD_LL_Init
 .text.USBD_LL_Start
                0x08001514       0x64 Application/USB/Src/usbd_conf.o
                0x08001514                USBD_LL_Start
 .text.USBD_LL_OpenEP
                0x08001578       0x7c Application/USB/Src/usbd_conf.o
                0x08001578                USBD_LL_OpenEP
 .text.USBD_LL_CloseEP
                0x080015f4       0x6c Application/USB/Src/usbd_conf.o
                0x080015f4                USBD_LL_CloseEP
 .text.USBD_LL_StallEP
                0x08001660       0x6c Application/USB/Src/usbd_conf.o
                0x08001660                USBD_LL_StallEP
 .text.USBD_LL_ClearStallEP
                0x080016cc       0x6c Application/USB/Src/usbd_conf.o
                0x080016cc                USBD_LL_ClearStallEP
 .text.USBD_LL_IsStallEP
                0x08001738       0x56 Application/USB/Src/usbd_conf.o
                0x08001738                USBD_LL_IsStallEP
 *fill*         0x0800178e        0x2 
 .text.USBD_LL_SetUSBAddress
                0x08001790       0x6c Application/USB/Src/usbd_conf.o
                0x08001790                USBD_LL_SetUSBAddress
 .text.USBD_LL_Transmit
                0x080017fc       0x74 Application/USB/Src/usbd_conf.o
                0x080017fc                USBD_LL_Transmit
 .text.USBD_LL_PrepareReceive
                0x08001870       0x74 Application/USB/Src/usbd_conf.o
                0x08001870                USBD_LL_PrepareReceive
 .text.USBD_LL_GetRxDataSize
                0x080018e4       0x26 Application/USB/Src/usbd_conf.o
                0x080018e4                USBD_LL_GetRxDataSize
 *fill*         0x0800190a        0x2 
 .text.USBD_static_malloc
                0x0800190c       0x18 Application/USB/Src/usbd_conf.o
                0x0800190c                USBD_static_malloc
 .text.USBD_static_free
                0x08001924       0x12 Application/USB/Src/usbd_conf.o
                0x08001924                USBD_static_free
 *fill*         0x08001936        0x2 
 .text.HAL_PCDEx_SetConnectionState
                0x08001938       0x3c Application/USB/Src/usbd_conf.o
                0x08001938                HAL_PCDEx_SetConnectionState
 .text.USBD_FS_DeviceDescriptor
                0x08001974       0x24 Application/USB/Src/usbd_desc.o
                0x08001974                USBD_FS_DeviceDescriptor
 .text.USBD_FS_LangIDStrDescriptor
                0x08001998       0x24 Application/USB/Src/usbd_desc.o
                0x08001998                USBD_FS_LangIDStrDescriptor
 .text.USBD_FS_ProductStrDescriptor
                0x080019bc       0x3c Application/USB/Src/usbd_desc.o
                0x080019bc                USBD_FS_ProductStrDescriptor
 .text.USBD_FS_ManufacturerStrDescriptor
                0x080019f8       0x28 Application/USB/Src/usbd_desc.o
                0x080019f8                USBD_FS_ManufacturerStrDescriptor
 .text.USBD_FS_SerialStrDescriptor
                0x08001a20       0x3c Application/USB/Src/usbd_desc.o
                0x08001a20                USBD_FS_SerialStrDescriptor
 .text.USBD_FS_ConfigStrDescriptor
                0x08001a5c       0x3c Application/USB/Src/usbd_desc.o
                0x08001a5c                USBD_FS_ConfigStrDescriptor
 .text.USBD_FS_InterfaceStrDescriptor
                0x08001a98       0x3c Application/USB/Src/usbd_desc.o
                0x08001a98                USBD_FS_InterfaceStrDescriptor
 .text.HAL_Init
                0x08001ad4       0x1a Drivers/STM32L1xx_HAL_Driver/Src/stm32l1xx_hal.o
                0x08001ad4                HAL_Init
 *fill*         0x08001aee        0x2 
 .text.HAL_IncTick
                0x08001af0       0x1c Drivers/STM32L1xx_HAL_Driver/Src/stm32l1xx_hal.o
                0x08001af0                HAL_IncTick
 .text.HAL_GetTick
                0x08001b0c       0x14 Drivers/STM32L1xx_HAL_Driver/Src/stm32l1xx_hal.o
                0x08001b0c                HAL_GetTick
 .text.HAL_ADC_IRQHandler
                0x08001b20      0x1fc Drivers/STM32L1xx_HAL_Driver/Src/stm32l1xx_hal_adc.o
                0x08001b20                HAL_ADC_IRQHandler
 .text.HAL_ADC_ConvCpltCallback
                0x08001d1c       0x12 Drivers/STM32L1xx_HAL_Driver/Src/stm32l1xx_hal_adc.o
                0x08001d1c                HAL_ADC_ConvCpltCallback
 .text.HAL_ADC_LevelOutOfWindowCallback
                0x08001d2e       0x12 Drivers/STM32L1xx_HAL_Driver/Src/stm32l1xx_hal_adc.o
                0x08001d2e                HAL_ADC_LevelOutOfWindowCallback
 .text.HAL_ADC_ErrorCallback
                0x08001d40       0x12 Drivers/STM32L1xx_HAL_Driver/Src/stm32l1xx_hal_adc.o
                0x08001d40                HAL_ADC_ErrorCallback
 .text.HAL_ADCEx_InjectedConvCpltCallback
                0x08001d52       0x12 Drivers/STM32L1xx_HAL_Driver/Src/stm32l1xx_hal_adc_ex.o
                0x08001d52                HAL_ADCEx_InjectedConvCpltCallback
 .text.NVIC_SetPriorityGrouping
                0x08001d64       0x48 Drivers/STM32L1xx_HAL_Driver/Src/stm32l1xx_hal_cortex.o
 .text.NVIC_GetPriorityGrouping
                0x08001dac       0x1c Drivers/STM32L1xx_HAL_Driver/Src/stm32l1xx_hal_cortex.o
 .text.NVIC_EnableIRQ
                0x08001dc8       0x30 Drivers/STM32L1xx_HAL_Driver/Src/stm32l1xx_hal_cortex.o
 .text.NVIC_ClearPendingIRQ
                0x08001df8       0x34 Drivers/STM32L1xx_HAL_Driver/Src/stm32l1xx_hal_cortex.o
 .text.NVIC_SetPriority
                0x08001e2c       0x54 Drivers/STM32L1xx_HAL_Driver/Src/stm32l1xx_hal_cortex.o
 .text.NVIC_EncodePriority
                0x08001e80       0x60 Drivers/STM32L1xx_HAL_Driver/Src/stm32l1xx_hal_cortex.o
 .text.SysTick_Config
                0x08001ee0       0x44 Drivers/STM32L1xx_HAL_Driver/Src/stm32l1xx_hal_cortex.o
 .text.HAL_NVIC_SetPriorityGrouping
                0x08001f24       0x16 Drivers/STM32L1xx_HAL_Driver/Src/stm32l1xx_hal_cortex.o
                0x08001f24                HAL_NVIC_SetPriorityGrouping
 .text.HAL_NVIC_SetPriority
                0x08001f3a       0x38 Drivers/STM32L1xx_HAL_Driver/Src/stm32l1xx_hal_cortex.o
                0x08001f3a                HAL_NVIC_SetPriority
 .text.HAL_NVIC_EnableIRQ
                0x08001f72       0x1c Drivers/STM32L1xx_HAL_Driver/Src/stm32l1xx_hal_cortex.o
                0x08001f72                HAL_NVIC_EnableIRQ
 .text.HAL_SYSTICK_Config
                0x08001f8e       0x18 Drivers/STM32L1xx_HAL_Driver/Src/stm32l1xx_hal_cortex.o
                0x08001f8e                HAL_SYSTICK_Config
 .text.HAL_NVIC_ClearPendingIRQ
                0x08001fa6       0x1c Drivers/STM32L1xx_HAL_Driver/Src/stm32l1xx_hal_cortex.o
                0x08001fa6                HAL_NVIC_ClearPendingIRQ
 *fill*         0x08001fc2        0x2 
 .text.HAL_SYSTICK_CLKSourceConfig
                0x08001fc4       0x38 Drivers/STM32L1xx_HAL_Driver/Src/stm32l1xx_hal_cortex.o
                0x08001fc4                HAL_SYSTICK_CLKSourceConfig
 .text.HAL_DMA_IRQHandler
                0x08001ffc      0x146 Drivers/STM32L1xx_HAL_Driver/Src/stm32l1xx_hal_dma.o
                0x08001ffc                HAL_DMA_IRQHandler
 *fill*         0x08002142        0x2 
 .text.HAL_GPIO_Init
                0x08002144      0x2fc Drivers/STM32L1xx_HAL_Driver/Src/stm32l1xx_hal_gpio.o
                0x08002144                HAL_GPIO_Init
 .text.HAL_GPIO_WritePin
                0x08002440       0x30 Drivers/STM32L1xx_HAL_Driver/Src/stm32l1xx_hal_gpio.o
                0x08002440                HAL_GPIO_WritePin
 .text.HAL_GPIO_EXTI_IRQHandler
                0x08002470       0x30 Drivers/STM32L1xx_HAL_Driver/Src/stm32l1xx_hal_gpio.o
                0x08002470                HAL_GPIO_EXTI_IRQHandler
 .text.HAL_GPIO_EXTI_Callback
                0x080024a0       0x14 Drivers/STM32L1xx_HAL_Driver/Src/stm32l1xx_hal_gpio.o
                0x080024a0                HAL_GPIO_EXTI_Callback
 .text.HAL_PCD_Init
                0x080024b4      0x1c0 Drivers/STM32L1xx_HAL_Driver/Src/stm32l1xx_hal_pcd.o
                0x080024b4                HAL_PCD_Init
 .text.HAL_PCD_Start
                0x08002674       0x1a Drivers/STM32L1xx_HAL_Driver/Src/stm32l1xx_hal_pcd.o
                0x08002674                HAL_PCD_Start
 *fill*         0x0800268e        0x2 
 .text.PCD_EP_ISR_Handler
                0x08002690      0x640 Drivers/STM32L1xx_HAL_Driver/Src/stm32l1xx_hal_pcd.o
 .text.PCD_WritePMA
                0x08002cd0       0x80 Drivers/STM32L1xx_HAL_Driver/Src/stm32l1xx_hal_pcd.o
 .text.PCD_ReadPMA
                0x08002d50       0x86 Drivers/STM32L1xx_HAL_Driver/Src/stm32l1xx_hal_pcd.o
 .text.HAL_PCD_IRQHandler
                0x08002dd6      0x1f0 Drivers/STM32L1xx_HAL_Driver/Src/stm32l1xx_hal_pcd.o
                0x08002dd6                HAL_PCD_IRQHandler
 .text.HAL_PCD_SetAddress
                0x08002fc6       0x50 Drivers/STM32L1xx_HAL_Driver/Src/stm32l1xx_hal_pcd.o
                0x08002fc6                HAL_PCD_SetAddress
 *fill*         0x08003016        0x2 
 .text.HAL_PCD_EP_Open
                0x08003018      0x6cc Drivers/STM32L1xx_HAL_Driver/Src/stm32l1xx_hal_pcd.o
                0x08003018                HAL_PCD_EP_Open
 .text.HAL_PCD_EP_Close
                0x080036e4      0x3e4 Drivers/STM32L1xx_HAL_Driver/Src/stm32l1xx_hal_pcd.o
                0x080036e4                HAL_PCD_EP_Close
 .text.HAL_PCD_EP_Receive
                0x08003ac8      0x2b0 Drivers/STM32L1xx_HAL_Driver/Src/stm32l1xx_hal_pcd.o
                0x08003ac8                HAL_PCD_EP_Receive
 .text.HAL_PCD_EP_GetRxCount
                0x08003d78       0x30 Drivers/STM32L1xx_HAL_Driver/Src/stm32l1xx_hal_pcd.o
                0x08003d78                HAL_PCD_EP_GetRxCount
 .text.HAL_PCD_EP_Transmit
                0x08003da8      0x324 Drivers/STM32L1xx_HAL_Driver/Src/stm32l1xx_hal_pcd.o
                0x08003da8                HAL_PCD_EP_Transmit
 .text.HAL_PCD_EP_SetStall
                0x080040cc      0x148 Drivers/STM32L1xx_HAL_Driver/Src/stm32l1xx_hal_pcd.o
                0x080040cc                HAL_PCD_EP_SetStall
 .text.HAL_PCD_EP_ClrStall
                0x08004214      0x1a8 Drivers/STM32L1xx_HAL_Driver/Src/stm32l1xx_hal_pcd.o
                0x08004214                HAL_PCD_EP_ClrStall
 .text.HAL_PCDEx_PMAConfig
                0x080043bc       0x84 Drivers/STM32L1xx_HAL_Driver/Src/stm32l1xx_hal_pcd_ex.o
                0x080043bc                HAL_PCDEx_PMAConfig
 .text.HAL_RCC_OscConfig
                0x08004440      0xef4 Drivers/STM32L1xx_HAL_Driver/Src/stm32l1xx_hal_rcc.o
                0x08004440                HAL_RCC_OscConfig
 .text.HAL_RCC_ClockConfig
                0x08005334      0x3b0 Drivers/STM32L1xx_HAL_Driver/Src/stm32l1xx_hal_rcc.o
                0x08005334                HAL_RCC_ClockConfig
 .text.HAL_RCC_GetSysClockFreq
                0x080056e4      0x10c Drivers/STM32L1xx_HAL_Driver/Src/stm32l1xx_hal_rcc.o
                0x080056e4                HAL_RCC_GetSysClockFreq
 .text.HAL_RCC_GetHCLKFreq
                0x080057f0       0x14 Drivers/STM32L1xx_HAL_Driver/Src/stm32l1xx_hal_rcc.o
                0x080057f0                HAL_RCC_GetHCLKFreq
 .text.HAL_RCC_GetPCLK1Freq
                0x08005804       0x44 Drivers/STM32L1xx_HAL_Driver/Src/stm32l1xx_hal_rcc.o
                0x08005804                HAL_RCC_GetPCLK1Freq
 .text.HAL_RCC_GetPCLK2Freq
                0x08005848       0x44 Drivers/STM32L1xx_HAL_Driver/Src/stm32l1xx_hal_rcc.o
                0x08005848                HAL_RCC_GetPCLK2Freq
 .text.HAL_RCC_GetClockConfig
                0x0800588c       0x60 Drivers/STM32L1xx_HAL_Driver/Src/stm32l1xx_hal_rcc.o
                0x0800588c                HAL_RCC_GetClockConfig
 .text.RCC_SetFlashLatencyFromMSIRange
                0x080058ec       0xc4 Drivers/STM32L1xx_HAL_Driver/Src/stm32l1xx_hal_rcc.o
 .text.HAL_RCCEx_PeriphCLKConfig
                0x080059b0      0x208 Drivers/STM32L1xx_HAL_Driver/Src/stm32l1xx_hal_rcc_ex.o
                0x080059b0                HAL_RCCEx_PeriphCLKConfig
 .text.HAL_TIM_Base_Init
                0x08005bb8       0x56 Drivers/STM32L1xx_HAL_Driver/Src/stm32l1xx_hal_tim.o
                0x08005bb8                HAL_TIM_Base_Init
 .text.HAL_TIM_Base_MspInit
                0x08005c0e       0x12 Drivers/STM32L1xx_HAL_Driver/Src/stm32l1xx_hal_tim.o
                0x08005c0e                HAL_TIM_Base_MspInit
 .text.HAL_TIM_Base_Start_IT
                0x08005c20       0x34 Drivers/STM32L1xx_HAL_Driver/Src/stm32l1xx_hal_tim.o
                0x08005c20                HAL_TIM_Base_Start_IT
 .text.HAL_TIM_Base_Stop_IT
                0x08005c54       0x44 Drivers/STM32L1xx_HAL_Driver/Src/stm32l1xx_hal_tim.o
                0x08005c54                HAL_TIM_Base_Stop_IT
 .text.HAL_TIM_IRQHandler
                0x08005c98      0x1b8 Drivers/STM32L1xx_HAL_Driver/Src/stm32l1xx_hal_tim.o
                0x08005c98                HAL_TIM_IRQHandler
 .text.HAL_TIM_OC_DelayElapsedCallback
                0x08005e50       0x12 Drivers/STM32L1xx_HAL_Driver/Src/stm32l1xx_hal_tim.o
                0x08005e50                HAL_TIM_OC_DelayElapsedCallback
 .text.HAL_TIM_IC_CaptureCallback
                0x08005e62       0x12 Drivers/STM32L1xx_HAL_Driver/Src/stm32l1xx_hal_tim.o
                0x08005e62                HAL_TIM_IC_CaptureCallback
 .text.HAL_TIM_PWM_PulseFinishedCallback
                0x08005e74       0x12 Drivers/STM32L1xx_HAL_Driver/Src/stm32l1xx_hal_tim.o
                0x08005e74                HAL_TIM_PWM_PulseFinishedCallback
 .text.HAL_TIM_TriggerCallback
                0x08005e86       0x12 Drivers/STM32L1xx_HAL_Driver/Src/stm32l1xx_hal_tim.o
                0x08005e86                HAL_TIM_TriggerCallback
 .text.TIM_Base_SetConfig
                0x08005e98       0xd8 Drivers/STM32L1xx_HAL_Driver/Src/stm32l1xx_hal_tim.o
 .text.HAL_UART_Init
                0x08005f70       0x92 Drivers/STM32L1xx_HAL_Driver/Src/stm32l1xx_hal_uart.o
                0x08005f70                HAL_UART_Init
 *fill*         0x08006002        0x2 
 .text.UART_SetConfig
                0x08006004      0x400 Drivers/STM32L1xx_HAL_Driver/Src/stm32l1xx_hal_uart.o
 .text.USBD_CDC_Init
                0x08006404       0xd2 Middlewares/ST/STM32_USB_Device_Library/Class/CDC/Src/usbd_cdc.o
 .text.USBD_CDC_DeInit
                0x080064d6       0x5a Middlewares/ST/STM32_USB_Device_Library/Class/CDC/Src/usbd_cdc.o
 .text.USBD_CDC_Setup
                0x08006530       0xbc Middlewares/ST/STM32_USB_Device_Library/Class/CDC/Src/usbd_cdc.o
 .text.USBD_CDC_DataIn
                0x080065ec       0x36 Middlewares/ST/STM32_USB_Device_Library/Class/CDC/Src/usbd_cdc.o
 .text.USBD_CDC_DataOut
                0x08006622       0x56 Middlewares/ST/STM32_USB_Device_Library/Class/CDC/Src/usbd_cdc.o
 .text.USBD_CDC_EP0_RxReady
                0x08006678       0x50 Middlewares/ST/STM32_USB_Device_Library/Class/CDC/Src/usbd_cdc.o
 .text.USBD_CDC_GetFSCfgDesc
                0x080066c8       0x20 Middlewares/ST/STM32_USB_Device_Library/Class/CDC/Src/usbd_cdc.o
 .text.USBD_CDC_GetHSCfgDesc
                0x080066e8       0x20 Middlewares/ST/STM32_USB_Device_Library/Class/CDC/Src/usbd_cdc.o
 .text.USBD_CDC_GetOtherSpeedCfgDesc
                0x08006708       0x20 Middlewares/ST/STM32_USB_Device_Library/Class/CDC/Src/usbd_cdc.o
 .text.USBD_CDC_GetDeviceQualifierDescriptor
                0x08006728       0x20 Middlewares/ST/STM32_USB_Device_Library/Class/CDC/Src/usbd_cdc.o
                0x08006728                USBD_CDC_GetDeviceQualifierDescriptor
 .text.USBD_CDC_RegisterInterface
                0x08006748       0x2c Middlewares/ST/STM32_USB_Device_Library/Class/CDC/Src/usbd_cdc.o
                0x08006748                USBD_CDC_RegisterInterface
 .text.USBD_CDC_SetTxBuffer
                0x08006774       0x32 Middlewares/ST/STM32_USB_Device_Library/Class/CDC/Src/usbd_cdc.o
                0x08006774                USBD_CDC_SetTxBuffer
 .text.USBD_CDC_SetRxBuffer
                0x080067a6       0x26 Middlewares/ST/STM32_USB_Device_Library/Class/CDC/Src/usbd_cdc.o
                0x080067a6                USBD_CDC_SetRxBuffer
 .text.USBD_CDC_ReceivePacket
                0x080067cc       0x54 Middlewares/ST/STM32_USB_Device_Library/Class/CDC/Src/usbd_cdc.o
                0x080067cc                USBD_CDC_ReceivePacket
 .text.USBD_Init
                0x08006820       0x56 Middlewares/ST/STM32_USB_Device_Library/Core/Src/usbd_core.o
                0x08006820                USBD_Init
 .text.USBD_RegisterClass
                0x08006876       0x32 Middlewares/ST/STM32_USB_Device_Library/Core/Src/usbd_core.o
                0x08006876                USBD_RegisterClass
 .text.USBD_Start
                0x080068a8       0x18 Middlewares/ST/STM32_USB_Device_Library/Core/Src/usbd_core.o
                0x080068a8                USBD_Start
 .text.USBD_RunTestMode
                0x080068c0       0x14 Middlewares/ST/STM32_USB_Device_Library/Core/Src/usbd_core.o
                0x080068c0                USBD_RunTestMode
 .text.USBD_SetClassConfig
                0x080068d4       0x3e Middlewares/ST/STM32_USB_Device_Library/Core/Src/usbd_core.o
                0x080068d4                USBD_SetClassConfig
 .text.USBD_ClrClassConfig
                0x08006912       0x26 Middlewares/ST/STM32_USB_Device_Library/Core/Src/usbd_core.o
                0x08006912                USBD_ClrClassConfig
 .text.USBD_LL_SetupStage
                0x08006938       0x94 Middlewares/ST/STM32_USB_Device_Library/Core/Src/usbd_core.o
                0x08006938                USBD_LL_SetupStage
 .text.USBD_LL_DataOutStage
                0x080069cc       0xb6 Middlewares/ST/STM32_USB_Device_Library/Core/Src/usbd_core.o
                0x080069cc                USBD_LL_DataOutStage
 .text.USBD_LL_DataInStage
                0x08006a82      0x11e Middlewares/ST/STM32_USB_Device_Library/Core/Src/usbd_core.o
                0x08006a82                USBD_LL_DataInStage
 .text.USBD_LL_Reset
                0x08006ba0       0x5e Middlewares/ST/STM32_USB_Device_Library/Core/Src/usbd_core.o
                0x08006ba0                USBD_LL_Reset
 .text.USBD_LL_SetSpeed
                0x08006bfe       0x1e Middlewares/ST/STM32_USB_Device_Library/Core/Src/usbd_core.o
                0x08006bfe                USBD_LL_SetSpeed
 .text.USBD_LL_Suspend
                0x08006c1c       0x28 Middlewares/ST/STM32_USB_Device_Library/Core/Src/usbd_core.o
                0x08006c1c                USBD_LL_Suspend
 .text.USBD_LL_Resume
                0x08006c44       0x20 Middlewares/ST/STM32_USB_Device_Library/Core/Src/usbd_core.o
                0x08006c44                USBD_LL_Resume
 .text.USBD_LL_SOF
                0x08006c64       0x34 Middlewares/ST/STM32_USB_Device_Library/Core/Src/usbd_core.o
                0x08006c64                USBD_LL_SOF
 .text.USBD_StdDevReq
                0x08006c98       0xa0 Middlewares/ST/STM32_USB_Device_Library/Core/Src/usbd_ctlreq.o
                0x08006c98                USBD_StdDevReq
 .text.USBD_StdItfReq
                0x08006d38       0x66 Middlewares/ST/STM32_USB_Device_Library/Core/Src/usbd_ctlreq.o
                0x08006d38                USBD_StdItfReq
 .text.USBD_StdEPReq
                0x08006d9e      0x1b0 Middlewares/ST/STM32_USB_Device_Library/Core/Src/usbd_ctlreq.o
                0x08006d9e                USBD_StdEPReq
 *fill*         0x08006f4e        0x2 
 .text.USBD_GetDescriptor
                0x08006f50      0x1e8 Middlewares/ST/STM32_USB_Device_Library/Core/Src/usbd_ctlreq.o
 .text.USBD_SetAddress
                0x08007138       0x7c Middlewares/ST/STM32_USB_Device_Library/Core/Src/usbd_ctlreq.o
 .text.USBD_SetConfig
                0x080071b4      0x110 Middlewares/ST/STM32_USB_Device_Library/Core/Src/usbd_ctlreq.o
 .text.USBD_GetConfig
                0x080072c4       0x64 Middlewares/ST/STM32_USB_Device_Library/Core/Src/usbd_ctlreq.o
 .text.USBD_GetStatus
                0x08007328       0x54 Middlewares/ST/STM32_USB_Device_Library/Core/Src/usbd_ctlreq.o
 .text.USBD_SetFeature
                0x0800737c       0x36 Middlewares/ST/STM32_USB_Device_Library/Core/Src/usbd_ctlreq.o
 .text.USBD_ClrFeature
                0x080073b2       0x50 Middlewares/ST/STM32_USB_Device_Library/Core/Src/usbd_ctlreq.o
 .text.USBD_ParseSetupRequest
                0x08007402       0x78 Middlewares/ST/STM32_USB_Device_Library/Core/Src/usbd_ctlreq.o
                0x08007402                USBD_ParseSetupRequest
 .text.USBD_CtlError
                0x0800747a       0x22 Middlewares/ST/STM32_USB_Device_Library/Core/Src/usbd_ctlreq.o
                0x0800747a                USBD_CtlError
 .text.USBD_GetString
                0x0800749c       0x86 Middlewares/ST/STM32_USB_Device_Library/Core/Src/usbd_ctlreq.o
                0x0800749c                USBD_GetString
 .text.USBD_GetLen
                0x08007522       0x2e Middlewares/ST/STM32_USB_Device_Library/Core/Src/usbd_ctlreq.o
 .text.USBD_CtlSendData
                0x08007550       0x38 Middlewares/ST/STM32_USB_Device_Library/Core/Src/usbd_ioreq.o
                0x08007550                USBD_CtlSendData
 .text.USBD_CtlContinueSendData
                0x08007588       0x24 Middlewares/ST/STM32_USB_Device_Library/Core/Src/usbd_ioreq.o
                0x08007588                USBD_CtlContinueSendData
 .text.USBD_CtlPrepareRx
                0x080075ac       0x3c Middlewares/ST/STM32_USB_Device_Library/Core/Src/usbd_ioreq.o
                0x080075ac                USBD_CtlPrepareRx
 .text.USBD_CtlContinueRx
                0x080075e8       0x24 Middlewares/ST/STM32_USB_Device_Library/Core/Src/usbd_ioreq.o
                0x080075e8                USBD_CtlContinueRx
 .text.USBD_CtlSendStatus
                0x0800760c       0x26 Middlewares/ST/STM32_USB_Device_Library/Core/Src/usbd_ioreq.o
                0x0800760c                USBD_CtlSendStatus
 .text.USBD_CtlReceiveStatus
                0x08007632       0x26 Middlewares/ST/STM32_USB_Device_Library/Core/Src/usbd_ioreq.o
                0x08007632                USBD_CtlReceiveStatus
 .text.makeFreeRtosPriority
                0x08007658       0x2e Middlewares/Third_Party/FreeRTOS/Source/CMSIS_RTOS/cmsis_os.o
 .text.osKernelStart
                0x08007686        0xe Middlewares/Third_Party/FreeRTOS/Source/CMSIS_RTOS/cmsis_os.o
                0x08007686                osKernelStart
 .text.osThreadCreate
                0x08007694       0x4e Middlewares/Third_Party/FreeRTOS/Source/CMSIS_RTOS/cmsis_os.o
                0x08007694                osThreadCreate
 .text.osSystickHandler
                0x080076e2       0x16 Middlewares/Third_Party/FreeRTOS/Source/CMSIS_RTOS/cmsis_os.o
                0x080076e2                osSystickHandler
 .text.vListInitialise
                0x080076f8       0x3e Middlewares/Third_Party/FreeRTOS/Source/list.o
                0x080076f8                vListInitialise
 .text.vListInitialiseItem
                0x08007736       0x18 Middlewares/Third_Party/FreeRTOS/Source/list.o
                0x08007736                vListInitialiseItem
 .text.vListInsertEnd
                0x0800774e       0x46 Middlewares/Third_Party/FreeRTOS/Source/list.o
                0x0800774e                vListInsertEnd
 .text.vListInsert
                0x08007794       0x70 Middlewares/Third_Party/FreeRTOS/Source/list.o
                0x08007794                vListInsert
 .text.uxListRemove
                0x08007804       0x52 Middlewares/Third_Party/FreeRTOS/Source/list.o
                0x08007804                uxListRemove
 *fill*         0x08007856        0x2 
 .text.xQueueGenericReset
                0x08007858       0xd0 Middlewares/Third_Party/FreeRTOS/Source/queue.o
                0x08007858                xQueueGenericReset
 .text.xQueueGenericCreate
                0x08007928       0x72 Middlewares/Third_Party/FreeRTOS/Source/queue.o
                0x08007928                xQueueGenericCreate
 .text.prvInitialiseNewQueue
                0x0800799a       0x3e Middlewares/Third_Party/FreeRTOS/Source/queue.o
 .text.prvInitialiseMutex
                0x080079d8       0x34 Middlewares/Third_Party/FreeRTOS/Source/queue.o
 .text.xQueueCreateMutex
                0x08007a0c       0x30 Middlewares/Third_Party/FreeRTOS/Source/queue.o
                0x08007a0c                xQueueCreateMutex
 .text.xQueueGenericSend
                0x08007a3c      0x1f4 Middlewares/Third_Party/FreeRTOS/Source/queue.o
                0x08007a3c                xQueueGenericSend
 .text.xQueueGenericSendFromISR
                0x08007c30      0x128 Middlewares/Third_Party/FreeRTOS/Source/queue.o
                0x08007c30                xQueueGenericSendFromISR
 .text.xQueueGiveFromISR
                0x08007d58      0x112 Middlewares/Third_Party/FreeRTOS/Source/queue.o
                0x08007d58                xQueueGiveFromISR
 *fill*         0x08007e6a        0x2 
 .text.xQueueGenericReceive
                0x08007e6c      0x224 Middlewares/Third_Party/FreeRTOS/Source/queue.o
                0x08007e6c                xQueueGenericReceive
 .text.xQueueReceiveFromISR
                0x08008090       0xfa Middlewares/Third_Party/FreeRTOS/Source/queue.o
                0x08008090                xQueueReceiveFromISR
 .text.uxQueueMessagesWaiting
                0x0800818a       0x3a Middlewares/Third_Party/FreeRTOS/Source/queue.o
                0x0800818a                uxQueueMessagesWaiting
 .text.prvCopyDataToQueue
                0x080081c4       0xd4 Middlewares/Third_Party/FreeRTOS/Source/queue.o
 .text.prvCopyDataFromQueue
                0x08008298       0x4c Middlewares/Third_Party/FreeRTOS/Source/queue.o
 .text.prvUnlockQueue
                0x080082e4       0xa4 Middlewares/Third_Party/FreeRTOS/Source/queue.o
 .text.prvIsQueueEmpty
                0x08008388       0x2c Middlewares/Third_Party/FreeRTOS/Source/queue.o
 .text.prvIsQueueFull
                0x080083b4       0x30 Middlewares/Third_Party/FreeRTOS/Source/queue.o
 .text.vQueueAddToRegistry
                0x080083e4       0x50 Middlewares/Third_Party/FreeRTOS/Source/queue.o
                0x080083e4                vQueueAddToRegistry
 .text.vQueueWaitForMessageRestricted
                0x08008434       0x68 Middlewares/Third_Party/FreeRTOS/Source/queue.o
                0x08008434                vQueueWaitForMessageRestricted
 .text.xTaskCreate
                0x0800849c       0x82 Middlewares/Third_Party/FreeRTOS/Source/tasks.o
                0x0800849c                xTaskCreate
 .text.prvInitialiseNewTask
                0x0800851e       0xfc Middlewares/Third_Party/FreeRTOS/Source/tasks.o
 *fill*         0x0800861a        0x2 
 .text.prvAddNewTaskToReadyList
                0x0800861c       0xd4 Middlewares/Third_Party/FreeRTOS/Source/tasks.o
 .text.vTaskDelay
                0x080086f0       0x68 Middlewares/Third_Party/FreeRTOS/Source/tasks.o
                0x080086f0                vTaskDelay
 .text.vTaskStartScheduler
                0x08008758       0x98 Middlewares/Third_Party/FreeRTOS/Source/tasks.o
                0x08008758                vTaskStartScheduler
 .text.vTaskSuspendAll
                0x080087f0       0x1c Middlewares/Third_Party/FreeRTOS/Source/tasks.o
                0x080087f0                vTaskSuspendAll
 .text.xTaskResumeAll
                0x0800880c      0x138 Middlewares/Third_Party/FreeRTOS/Source/tasks.o
                0x0800880c                xTaskResumeAll
 .text.xTaskGetTickCount
                0x08008944       0x1c Middlewares/Third_Party/FreeRTOS/Source/tasks.o
                0x08008944                xTaskGetTickCount
 .text.xTaskIncrementTick
                0x08008960      0x178 Middlewares/Third_Party/FreeRTOS/Source/tasks.o
                0x08008960                xTaskIncrementTick
 .text.vTaskSwitchContext
                0x08008ad8       0xb4 Middlewares/Third_Party/FreeRTOS/Source/tasks.o
                0x08008ad8                vTaskSwitchContext
 .text.vTaskPlaceOnEventList
                0x08008b8c       0x48 Middlewares/Third_Party/FreeRTOS/Source/tasks.o
                0x08008b8c                vTaskPlaceOnEventList
 .text.vTaskPlaceOnEventListRestricted
                0x08008bd4       0x54 Middlewares/Third_Party/FreeRTOS/Source/tasks.o
                0x08008bd4                vTaskPlaceOnEventListRestricted
 .text.xTaskRemoveFromEventList
                0x08008c28       0xc4 Middlewares/Third_Party/FreeRTOS/Source/tasks.o
                0x08008c28                xTaskRemoveFromEventList
 .text.vTaskSetTimeOutState
                0x08008cec       0x44 Middlewares/Third_Party/FreeRTOS/Source/tasks.o
                0x08008cec                vTaskSetTimeOutState
 .text.xTaskCheckForTimeOut
                0x08008d30       0xbc Middlewares/Third_Party/FreeRTOS/Source/tasks.o
                0x08008d30                xTaskCheckForTimeOut
 .text.vTaskMissedYield
                0x08008dec       0x18 Middlewares/Third_Party/FreeRTOS/Source/tasks.o
                0x08008dec                vTaskMissedYield
 .text.prvIdleTask
                0x08008e04       0x30 Middlewares/Third_Party/FreeRTOS/Source/tasks.o
 .text.prvInitialiseTaskLists
                0x08008e34       0x80 Middlewares/Third_Party/FreeRTOS/Source/tasks.o
 .text.prvCheckTasksWaitingTermination
                0x08008eb4       0x78 Middlewares/Third_Party/FreeRTOS/Source/tasks.o
 .text.prvDeleteTCB
                0x08008f2c       0x20 Middlewares/Third_Party/FreeRTOS/Source/tasks.o
 .text.prvResetNextTaskUnblockTime
                0x08008f4c       0x48 Middlewares/Third_Party/FreeRTOS/Source/tasks.o
 .text.xTaskGetSchedulerState
                0x08008f94       0x3c Middlewares/Third_Party/FreeRTOS/Source/tasks.o
                0x08008f94                xTaskGetSchedulerState
 .text.vTaskPriorityInherit
                0x08008fd0       0xec Middlewares/Third_Party/FreeRTOS/Source/tasks.o
                0x08008fd0                vTaskPriorityInherit
 .text.xTaskPriorityDisinherit
                0x080090bc      0x108 Middlewares/Third_Party/FreeRTOS/Source/tasks.o
                0x080090bc                xTaskPriorityDisinherit
 .text.pvTaskIncrementMutexHeldCount
                0x080091c4       0x28 Middlewares/Third_Party/FreeRTOS/Source/tasks.o
                0x080091c4                pvTaskIncrementMutexHeldCount
 .text.prvAddCurrentTaskToDelayedList
                0x080091ec       0xcc Middlewares/Third_Party/FreeRTOS/Source/tasks.o
 .text.xTimerCreateTimerTask
                0x080092b8       0x60 Middlewares/Third_Party/FreeRTOS/Source/timers.o
                0x080092b8                xTimerCreateTimerTask
 .text.xTimerGenericCommand
                0x08009318       0x98 Middlewares/Third_Party/FreeRTOS/Source/timers.o
                0x08009318                xTimerGenericCommand
 .text.prvProcessExpiredTimer
                0x080093b0       0x80 Middlewares/Third_Party/FreeRTOS/Source/timers.o
 .text.prvTimerTask
                0x08009430       0x24 Middlewares/Third_Party/FreeRTOS/Source/timers.o
 .text.prvProcessTimerOrBlockTask
                0x08009454       0x9c Middlewares/Third_Party/FreeRTOS/Source/timers.o
 .text.prvGetNextExpireTime
                0x080094f0       0x48 Middlewares/Third_Party/FreeRTOS/Source/timers.o
 .text.prvSampleTimeNow
                0x08009538       0x40 Middlewares/Third_Party/FreeRTOS/Source/timers.o
 .text.prvInsertTimerInActiveList
                0x08009578       0x84 Middlewares/Third_Party/FreeRTOS/Source/timers.o
 .text.prvProcessReceivedCommands
                0x080095fc      0x124 Middlewares/Third_Party/FreeRTOS/Source/timers.o
 .text.prvSwitchTimerLists
                0x08009720       0xc0 Middlewares/Third_Party/FreeRTOS/Source/timers.o
 .text.prvCheckForValidListAndQueue
                0x080097e0       0x6c Middlewares/Third_Party/FreeRTOS/Source/timers.o
 .text.pxPortInitialiseStack
                0x0800984c       0x58 Middlewares/Third_Party/FreeRTOS/Source/portable/GCC/ARM_CM3/port.o
                0x0800984c                pxPortInitialiseStack
 .text.prvTaskExitError
                0x080098a4       0x3c Middlewares/Third_Party/FreeRTOS/Source/portable/GCC/ARM_CM3/port.o
 .text.SVC_Handler
                0x080098e0       0x28 Middlewares/Third_Party/FreeRTOS/Source/portable/GCC/ARM_CM3/port.o
                0x080098e0                SVC_Handler
 .text.prvPortStartFirstTask
                0x08009908       0x20 Middlewares/Third_Party/FreeRTOS/Source/portable/GCC/ARM_CM3/port.o
 .text.xPortStartScheduler
                0x08009928       0xb8 Middlewares/Third_Party/FreeRTOS/Source/portable/GCC/ARM_CM3/port.o
                0x08009928                xPortStartScheduler
 .text.vPortEnterCritical
                0x080099e0       0x5c Middlewares/Third_Party/FreeRTOS/Source/portable/GCC/ARM_CM3/port.o
                0x080099e0                vPortEnterCritical
 .text.vPortExitCritical
                0x08009a3c       0x4c Middlewares/Third_Party/FreeRTOS/Source/portable/GCC/ARM_CM3/port.o
                0x08009a3c                vPortExitCritical
 *fill*         0x08009a88        0x8 
 .text.PendSV_Handler
                0x08009a90       0x48 Middlewares/Third_Party/FreeRTOS/Source/portable/GCC/ARM_CM3/port.o
                0x08009a90                PendSV_Handler
 .text.xPortSysTickHandler
                0x08009ad8       0x40 Middlewares/Third_Party/FreeRTOS/Source/portable/GCC/ARM_CM3/port.o
                0x08009ad8                xPortSysTickHandler
 .text.vPortSetupTimerInterrupt
                0x08009b18       0x34 Middlewares/Third_Party/FreeRTOS/Source/portable/GCC/ARM_CM3/port.o
                0x08009b18                vPortSetupTimerInterrupt
 .text.vPortValidateInterruptPriority
                0x08009b4c       0x78 Middlewares/Third_Party/FreeRTOS/Source/portable/GCC/ARM_CM3/port.o
                0x08009b4c                vPortValidateInterruptPriority
 .text.pvPortMalloc
                0x08009bc4      0x184 Middlewares/Third_Party/FreeRTOS/Source/portable/MemMang/heap_4.o
                0x08009bc4                pvPortMalloc
 .text.vPortFree
                0x08009d48       0xb0 Middlewares/Third_Party/FreeRTOS/Source/portable/MemMang/heap_4.o
                0x08009d48                vPortFree
 .text.prvHeapInit
                0x08009df8       0xc4 Middlewares/Third_Party/FreeRTOS/Source/portable/MemMang/heap_4.o
 .text.prvInsertBlockIntoFreeList
                0x08009ebc       0xb0 Middlewares/Third_Party/FreeRTOS/Source/portable/MemMang/heap_4.o
 .text.Reset_Handler
                0x08009f6c       0x48 startup/startup_stm32l151xc.o
                0x08009f6c                Reset_Handler
 .text.Default_Handler
                0x08009fb4        0x2 startup/startup_stm32l151xc.o
                0x08009fb4                RTC_Alarm_IRQHandler
                0x08009fb4                EXTI2_IRQHandler
                0x08009fb4                COMP_ACQ_IRQHandler
                0x08009fb4                TIM10_IRQHandler
                0x08009fb4                USB_HP_IRQHandler
                0x08009fb4                TIM6_IRQHandler
                0x08009fb4                PVD_IRQHandler
                0x08009fb4                EXTI3_IRQHandler
                0x08009fb4                EXTI0_IRQHandler
                0x08009fb4                I2C2_EV_IRQHandler
                0x08009fb4                SPI1_IRQHandler
                0x08009fb4                USB_FS_WKUP_IRQHandler
                0x08009fb4                DMA2_Channel2_IRQHandler
                0x08009fb4                DMA1_Channel4_IRQHandler
                0x08009fb4                USART3_IRQHandler
                0x08009fb4                DMA1_Channel7_IRQHandler
                0x08009fb4                TIM4_IRQHandler
                0x08009fb4                DMA2_Channel1_IRQHandler
                0x08009fb4                I2C1_EV_IRQHandler
                0x08009fb4                DMA1_Channel6_IRQHandler
                0x08009fb4                DMA2_Channel4_IRQHandler
                0x08009fb4                RCC_IRQHandler
                0x08009fb4                Default_Handler
                0x08009fb4                TIM7_IRQHandler
                0x08009fb4                TIM5_IRQHandler
                0x08009fb4                TIM9_IRQHandler
                0x08009fb4                TAMPER_STAMP_IRQHandler
                0x08009fb4                RTC_WKUP_IRQHandler
                0x08009fb4                SPI2_IRQHandler
                0x08009fb4                DMA2_Channel5_IRQHandler
                0x08009fb4                DMA1_Channel5_IRQHandler
                0x08009fb4                EXTI4_IRQHandler
                0x08009fb4                DMA1_Channel3_IRQHandler
                0x08009fb4                COMP_IRQHandler
                0x08009fb4                WWDG_IRQHandler
                0x08009fb4                DAC_IRQHandler
                0x08009fb4                EXTI1_IRQHandler
                0x08009fb4                TIM11_IRQHandler
                0x08009fb4                USART2_IRQHandler
                0x08009fb4                I2C2_ER_IRQHandler
                0x08009fb4                DMA1_Channel2_IRQHandler
                0x08009fb4                FLASH_IRQHandler
                0x08009fb4                SPI3_IRQHandler
                0x08009fb4                I2C1_ER_IRQHandler
                0x08009fb4                DMA2_Channel3_IRQHandler
 *fill*         0x08009fb6        0x2 
 .text.__libc_init_array
                0x08009fb8       0x48 c:/ac6/systemworkbench/plugins/fr.ac6.mcu.externaltools.arm-none.win32_1.15.0.201708311556/tools/compiler/bin/../lib/gcc/arm-none-eabi/6.3.1/../../../../arm-none-eabi/lib/thumb/v7-m\libc_nano.a(lib_a-init.o)
                0x08009fb8                __libc_init_array
 .text.memcpy   0x0800a000       0x16 c:/ac6/systemworkbench/plugins/fr.ac6.mcu.externaltools.arm-none.win32_1.15.0.201708311556/tools/compiler/bin/../lib/gcc/arm-none-eabi/6.3.1/../../../../arm-none-eabi/lib/thumb/v7-m\libc_nano.a(lib_a-memcpy-stub.o)
                0x0800a000                memcpy
 *fill*         0x0800a016        0x2 
 .text.sprintf  0x0800a018       0x48 c:/ac6/systemworkbench/plugins/fr.ac6.mcu.externaltools.arm-none.win32_1.15.0.201708311556/tools/compiler/bin/../lib/gcc/arm-none-eabi/6.3.1/../../../../arm-none-eabi/lib/thumb/v7-m\libc_nano.a(lib_a-sprintf.o)
                0x0800a018                siprintf
                0x0800a018                sprintf
 .text._free_r  0x0800a060       0x98 c:/ac6/systemworkbench/plugins/fr.ac6.mcu.externaltools.arm-none.win32_1.15.0.201708311556/tools/compiler/bin/../lib/gcc/arm-none-eabi/6.3.1/../../../../arm-none-eabi/lib/thumb/v7-m\libc_nano.a(lib_a-nano-freer.o)
                0x0800a060                _free_r
 .text._malloc_r
                0x0800a0f8       0xbc c:/ac6/systemworkbench/plugins/fr.ac6.mcu.externaltools.arm-none.win32_1.15.0.201708311556/tools/compiler/bin/../lib/gcc/arm-none-eabi/6.3.1/../../../../arm-none-eabi/lib/thumb/v7-m\libc_nano.a(lib_a-nano-mallocr.o)
                0x0800a0f8                _malloc_r
 .text.__ssputs_r
                0x0800a1b4       0xb6 c:/ac6/systemworkbench/plugins/fr.ac6.mcu.externaltools.arm-none.win32_1.15.0.201708311556/tools/compiler/bin/../lib/gcc/arm-none-eabi/6.3.1/../../../../arm-none-eabi/lib/thumb/v7-m\libc_nano.a(lib_a-nano-svfprintf.o)
                0x0800a1b4                __ssputs_r
 *fill*         0x0800a26a        0x2 
 .text._svfprintf_r
                0x0800a26c      0x1e8 c:/ac6/systemworkbench/plugins/fr.ac6.mcu.externaltools.arm-none.win32_1.15.0.201708311556/tools/compiler/bin/../lib/gcc/arm-none-eabi/6.3.1/../../../../arm-none-eabi/lib/thumb/v7-m\libc_nano.a(lib_a-nano-svfprintf.o)
                0x0800a26c                _svfiprintf_r
                0x0800a26c                _svfprintf_r
 .text._printf_common
                0x0800a454       0xee c:/ac6/systemworkbench/plugins/fr.ac6.mcu.externaltools.arm-none.win32_1.15.0.201708311556/tools/compiler/bin/../lib/gcc/arm-none-eabi/6.3.1/../../../../arm-none-eabi/lib/thumb/v7-m\libc_nano.a(lib_a-nano-vfprintf_i.o)
                0x0800a454                _printf_common
 *fill*         0x0800a542        0x2 
 .text._printf_i
                0x0800a544      0x240 c:/ac6/systemworkbench/plugins/fr.ac6.mcu.externaltools.arm-none.win32_1.15.0.201708311556/tools/compiler/bin/../lib/gcc/arm-none-eabi/6.3.1/../../../../arm-none-eabi/lib/thumb/v7-m\libc_nano.a(lib_a-nano-vfprintf_i.o)
                0x0800a544                _printf_i
 .text._sbrk_r  0x0800a784       0x20 c:/ac6/systemworkbench/plugins/fr.ac6.mcu.externaltools.arm-none.win32_1.15.0.201708311556/tools/compiler/bin/../lib/gcc/arm-none-eabi/6.3.1/../../../../arm-none-eabi/lib/thumb/v7-m\libc_nano.a(lib_a-sbrkr.o)
                0x0800a784                _sbrk_r
 .text.memchr   0x0800a7a4       0x1c c:/ac6/systemworkbench/plugins/fr.ac6.mcu.externaltools.arm-none.win32_1.15.0.201708311556/tools/compiler/bin/../lib/gcc/arm-none-eabi/6.3.1/../../../../arm-none-eabi/lib/thumb/v7-m\libc_nano.a(lib_a-memchr-stub.o)
                0x0800a7a4                memchr
 .text.memmove  0x0800a7c0       0x34 c:/ac6/systemworkbench/plugins/fr.ac6.mcu.externaltools.arm-none.win32_1.15.0.201708311556/tools/compiler/bin/../lib/gcc/arm-none-eabi/6.3.1/../../../../arm-none-eabi/lib/thumb/v7-m\libc_nano.a(lib_a-memmove.o)
                0x0800a7c0                memmove
 .text.__malloc_lock
                0x0800a7f4        0x2 c:/ac6/systemworkbench/plugins/fr.ac6.mcu.externaltools.arm-none.win32_1.15.0.201708311556/tools/compiler/bin/../lib/gcc/arm-none-eabi/6.3.1/../../../../arm-none-eabi/lib/thumb/v7-m\libc_nano.a(lib_a-mlock.o)
                0x0800a7f4                __malloc_lock
 .text.__malloc_unlock
                0x0800a7f6        0x2 c:/ac6/systemworkbench/plugins/fr.ac6.mcu.externaltools.arm-none.win32_1.15.0.201708311556/tools/compiler/bin/../lib/gcc/arm-none-eabi/6.3.1/../../../../arm-none-eabi/lib/thumb/v7-m\libc_nano.a(lib_a-mlock.o)
                0x0800a7f6                __malloc_unlock
 .text._realloc_r
                0x0800a7f8       0x4c c:/ac6/systemworkbench/plugins/fr.ac6.mcu.externaltools.arm-none.win32_1.15.0.201708311556/tools/compiler/bin/../lib/gcc/arm-none-eabi/6.3.1/../../../../arm-none-eabi/lib/thumb/v7-m\libc_nano.a(lib_a-nano-reallocr.o)
                0x0800a7f8                _realloc_r
 .text._malloc_usable_size_r
                0x0800a844       0x12 c:/ac6/systemworkbench/plugins/fr.ac6.mcu.externaltools.arm-none.win32_1.15.0.201708311556/tools/compiler/bin/../lib/gcc/arm-none-eabi/6.3.1/../../../../arm-none-eabi/lib/thumb/v7-m\libc_nano.a(lib_a-nano-msizer.o)
                0x0800a844                _malloc_usable_size_r
 *fill*         0x0800a856        0x2 
 .text._sbrk    0x0800a858       0x1c c:/ac6/systemworkbench/plugins/fr.ac6.mcu.externaltools.arm-none.win32_1.15.0.201708311556/tools/compiler/bin/../lib/gcc/arm-none-eabi/6.3.1/../../../../arm-none-eabi/lib/thumb/v7-m\libnosys.a(sbrk.o)
                0x0800a858                _sbrk
 *(.glue_7)
 .glue_7        0x0800a874        0x0 linker stubs
 *(.glue_7t)
 .glue_7t       0x0800a874        0x0 linker stubs
 *(.eh_frame)
 .eh_frame      0x0800a874        0x0 c:/ac6/systemworkbench/plugins/fr.ac6.mcu.externaltools.arm-none.win32_1.15.0.201708311556/tools/compiler/bin/../lib/gcc/arm-none-eabi/6.3.1/thumb/v7-m/crtbegin.o
 *(.init)
 .init          0x0800a874        0x4 c:/ac6/systemworkbench/plugins/fr.ac6.mcu.externaltools.arm-none.win32_1.15.0.201708311556/tools/compiler/bin/../lib/gcc/arm-none-eabi/6.3.1/thumb/v7-m/crti.o
                0x0800a874                _init
 .init          0x0800a878        0x8 c:/ac6/systemworkbench/plugins/fr.ac6.mcu.externaltools.arm-none.win32_1.15.0.201708311556/tools/compiler/bin/../lib/gcc/arm-none-eabi/6.3.1/thumb/v7-m/crtn.o
 *(.fini)
 .fini          0x0800a880        0x4 c:/ac6/systemworkbench/plugins/fr.ac6.mcu.externaltools.arm-none.win32_1.15.0.201708311556/tools/compiler/bin/../lib/gcc/arm-none-eabi/6.3.1/thumb/v7-m/crti.o
                0x0800a880                _fini
 .fini          0x0800a884        0x8 c:/ac6/systemworkbench/plugins/fr.ac6.mcu.externaltools.arm-none.win32_1.15.0.201708311556/tools/compiler/bin/../lib/gcc/arm-none-eabi/6.3.1/thumb/v7-m/crtn.o
                0x0800a88c                . = ALIGN (0x4)
                0x0800a88c                _etext = .

.vfp11_veneer   0x0800a88c        0x0
 .vfp11_veneer  0x0800a88c        0x0 linker stubs

.v4_bx          0x0800a88c        0x0
 .v4_bx         0x0800a88c        0x0 linker stubs

.iplt           0x0800a88c        0x0
 .iplt          0x0800a88c        0x0 c:/ac6/systemworkbench/plugins/fr.ac6.mcu.externaltools.arm-none.win32_1.15.0.201708311556/tools/compiler/bin/../lib/gcc/arm-none-eabi/6.3.1/thumb/v7-m/crtbegin.o

.rodata         0x0800a88c      0x1b8
                0x0800a88c                . = ALIGN (0x4)
 *(.rodata)
 .rodata        0x0800a88c       0x21 Application/Base/Src/config.o
 *fill*         0x0800a8ad        0x3 
 .rodata        0x0800a8b0       0x3a Application/Base/Src/main.o
 *fill*         0x0800a8ea        0x2 
 .rodata        0x0800a8ec       0x24 Application/Base/Src/system_stm32l1xx.o
                0x0800a8ec                PLLMulTable
                0x0800a8f8                AHBPrescTable
                0x0800a908                APBPrescTable
 .rodata        0x0800a910       0x49 Application/Drivers/Src/sim808.o
 *fill*         0x0800a959        0x3 
 .rodata        0x0800a95c       0x22 Application/Drivers/Src/uart.o
 *fill*         0x0800a97e        0x2 
 .rodata        0x0800a980       0x23 Application/USB/Src/usbd_conf.o
 *fill*         0x0800a9a3        0x1 
 .rodata        0x0800a9a4       0x56 Application/USB/Src/usbd_desc.o
 *fill*         0x0800a9fa        0x2 
 .rodata        0x0800a9fc        0x5 Middlewares/Third_Party/FreeRTOS/Source/tasks.o
 *fill*         0x0800aa01        0x3 
 .rodata        0x0800aa04        0xd Middlewares/Third_Party/FreeRTOS/Source/timers.o
 *(.rodata*)
 .rodata._svfprintf_r.str1.1
                0x0800aa11       0x11 c:/ac6/systemworkbench/plugins/fr.ac6.mcu.externaltools.arm-none.win32_1.15.0.201708311556/tools/compiler/bin/../lib/gcc/arm-none-eabi/6.3.1/../../../../arm-none-eabi/lib/thumb/v7-m\libc_nano.a(lib_a-nano-svfprintf.o)
 .rodata._printf_i.str1.1
                0x0800aa22       0x22 c:/ac6/systemworkbench/plugins/fr.ac6.mcu.externaltools.arm-none.win32_1.15.0.201708311556/tools/compiler/bin/../lib/gcc/arm-none-eabi/6.3.1/../../../../arm-none-eabi/lib/thumb/v7-m\libc_nano.a(lib_a-nano-vfprintf_i.o)
                0x0800aa44                . = ALIGN (0x4)

.rel.dyn        0x0800aa44        0x0
 .rel.iplt      0x0800aa44        0x0 c:/ac6/systemworkbench/plugins/fr.ac6.mcu.externaltools.arm-none.win32_1.15.0.201708311556/tools/compiler/bin/../lib/gcc/arm-none-eabi/6.3.1/thumb/v7-m/crtbegin.o

.ARM.extab
 *(.ARM.extab* .gnu.linkonce.armextab.*)

.ARM            0x0800aa44        0x0
                0x0800aa44                __exidx_start = .
 *(.ARM.exidx*)
                0x0800aa44                __exidx_end = .

.preinit_array  0x0800aa44        0x0
                0x0800aa44                PROVIDE (__preinit_array_start, .)
 *(.preinit_array*)
                0x0800aa44                PROVIDE (__preinit_array_end, .)

.init_array     0x0800aa44        0x4
                0x0800aa44                PROVIDE (__init_array_start, .)
 *(SORT(.init_array.*))
 *(.init_array*)
 .init_array    0x0800aa44        0x4 c:/ac6/systemworkbench/plugins/fr.ac6.mcu.externaltools.arm-none.win32_1.15.0.201708311556/tools/compiler/bin/../lib/gcc/arm-none-eabi/6.3.1/thumb/v7-m/crtbegin.o
                0x0800aa48                PROVIDE (__init_array_end, .)

.fini_array     0x0800aa48        0x4
                [!provide]                PROVIDE (__fini_array_start, .)
 *(SORT(.fini_array.*))
 *(.fini_array*)
 .fini_array    0x0800aa48        0x4 c:/ac6/systemworkbench/plugins/fr.ac6.mcu.externaltools.arm-none.win32_1.15.0.201708311556/tools/compiler/bin/../lib/gcc/arm-none-eabi/6.3.1/thumb/v7-m/crtbegin.o
                [!provide]                PROVIDE (__fini_array_end, .)
                0x0800aa4c                _sidata = LOADADDR (.data)

.data           0x20000000      0x1c4 load address 0x0800aa4c
                0x20000000                . = ALIGN (0x4)
                0x20000000                _sdata = .
 *(.data)
 .data          0x20000000        0x4 Application/Base/Src/system_stm32l1xx.o
                0x20000000                SystemCoreClock
 .data          0x20000004        0x4 Application/Drivers/Src/sim808.o
 .data          0x20000008       0x10 Application/USB/Src/usbd_cdc_if.o
                0x20000008                USBD_Interface_fops_FS
 .data          0x20000018       0x34 Application/USB/Src/usbd_desc.o
                0x20000018                FS_Desc
                0x20000034                USBD_FS_DeviceDesc
                0x20000048                USBD_LangIDDesc
 .data          0x2000004c      0x10f Middlewares/ST/STM32_USB_Device_Library/Class/CDC/Src/usbd_cdc.o
                0x20000058                USBD_CDC
                0x20000090                USBD_CDC_CfgHSDesc
                0x200000d4                USBD_CDC_CfgFSDesc
                0x20000118                USBD_CDC_OtherSpeedCfgDesc
 *fill*         0x2000015b        0x1 
 .data          0x2000015c        0x4 Middlewares/Third_Party/FreeRTOS/Source/portable/GCC/ARM_CM3/port.o
 *(.data*)
 .data._impure_ptr
                0x20000160        0x4 c:/ac6/systemworkbench/plugins/fr.ac6.mcu.externaltools.arm-none.win32_1.15.0.201708311556/tools/compiler/bin/../lib/gcc/arm-none-eabi/6.3.1/../../../../arm-none-eabi/lib/thumb/v7-m\libc_nano.a(lib_a-impure.o)
                0x20000160                _impure_ptr
 .data.impure_data
                0x20000164       0x60 c:/ac6/systemworkbench/plugins/fr.ac6.mcu.externaltools.arm-none.win32_1.15.0.201708311556/tools/compiler/bin/../lib/gcc/arm-none-eabi/6.3.1/../../../../arm-none-eabi/lib/thumb/v7-m\libc_nano.a(lib_a-impure.o)
                0x200001c4                . = ALIGN (0x4)
                0x200001c4                _edata = .

.jcr            0x200001c4        0x0 load address 0x0800ac10
 .jcr           0x200001c4        0x0 c:/ac6/systemworkbench/plugins/fr.ac6.mcu.externaltools.arm-none.win32_1.15.0.201708311556/tools/compiler/bin/../lib/gcc/arm-none-eabi/6.3.1/thumb/v7-m/crtbegin.o

.igot.plt       0x200001c4        0x0 load address 0x0800ac10
 .igot.plt      0x200001c4        0x0 c:/ac6/systemworkbench/plugins/fr.ac6.mcu.externaltools.arm-none.win32_1.15.0.201708311556/tools/compiler/bin/../lib/gcc/arm-none-eabi/6.3.1/thumb/v7-m/crtbegin.o
                0x200001c4                . = ALIGN (0x4)

.bss            0x200001c4     0x384c load address 0x0800ac10
                0x200001c4                _sbss = .
                0x200001c4                __bss_start__ = _sbss
 *(.bss)
 .bss           0x200001c4       0x1c c:/ac6/systemworkbench/plugins/fr.ac6.mcu.externaltools.arm-none.win32_1.15.0.201708311556/tools/compiler/bin/../lib/gcc/arm-none-eabi/6.3.1/thumb/v7-m/crtbegin.o
 .bss           0x200001e0      0x40c Application/Drivers/Src/uart.o
                0x200005e0                txBinarySemaphore
                0x200005e4                rxBinarySemaphore
                0x200005e8                UARTMutex
 .bss           0x200005ec      0x220 Application/USB/Src/usbd_conf.o
 .bss           0x2000080c        0x1 Middlewares/ST/STM32_USB_Device_Library/Class/CDC/Src/usbd_cdc.o
 .bss           0x2000080d        0x1 Middlewares/ST/STM32_USB_Device_Library/Core/Src/usbd_ctlreq.o
 *fill*         0x2000080e        0x2 
 .bss           0x20000810      0x168 Middlewares/Third_Party/FreeRTOS/Source/tasks.o
                0x20000810                pxCurrentTCB
 .bss           0x20000978       0x3c Middlewares/Third_Party/FreeRTOS/Source/timers.o
 .bss           0x200009b4        0x8 Middlewares/Third_Party/FreeRTOS/Source/portable/GCC/ARM_CM3/port.o
 .bss           0x200009bc     0x26c4 Middlewares/Third_Party/FreeRTOS/Source/portable/MemMang/heap_4.o
 *(.bss*)
 .bss.__malloc_free_list
                0x20003080        0x4 c:/ac6/systemworkbench/plugins/fr.ac6.mcu.externaltools.arm-none.win32_1.15.0.201708311556/tools/compiler/bin/../lib/gcc/arm-none-eabi/6.3.1/../../../../arm-none-eabi/lib/thumb/v7-m\libc_nano.a(lib_a-nano-mallocr.o)
                0x20003080                __malloc_free_list
 .bss.__malloc_sbrk_start
                0x20003084        0x4 c:/ac6/systemworkbench/plugins/fr.ac6.mcu.externaltools.arm-none.win32_1.15.0.201708311556/tools/compiler/bin/../lib/gcc/arm-none-eabi/6.3.1/../../../../arm-none-eabi/lib/thumb/v7-m\libc_nano.a(lib_a-nano-mallocr.o)
                0x20003084                __malloc_sbrk_start
 .bss.heap_end.4116
                0x20003088        0x4 c:/ac6/systemworkbench/plugins/fr.ac6.mcu.externaltools.arm-none.win32_1.15.0.201708311556/tools/compiler/bin/../lib/gcc/arm-none-eabi/6.3.1/../../../../arm-none-eabi/lib/thumb/v7-m\libnosys.a(sbrk.o)
 *(COMMON)
 COMMON         0x2000308c       0x68 Application/Base/Src/main.o
                0x2000308c                defaultTaskHandle
                0x20003090                communicationMessageRecieve
 COMMON         0x200030f4       0x38 Application/Base/Src/stm32l1xx_hal_timebase_TIM.o
                0x200030f4                htim2
 COMMON         0x2000312c       0x98 Application/Drivers/Src/adc.o
                0x2000312c                hdma_adc
                0x20003170                hadc
 COMMON         0x200031c4        0xc Application/Drivers/Src/communication.o
                0x200031c4                inputQueue
                0x200031c8                recieveTaskHandle
                0x200031cc                CDCMutex
 COMMON         0x200031d0       0x40 Application/Drivers/Src/sim808.o
                0x200031d0                huart1
 COMMON         0x20003210       0x44 Application/Drivers/Src/uart.o
                0x20003210                rxByte
                0x20003214                htim3
                0x2000324c                uartRxQueue
                0x20003250                uartTxQueue
 COMMON         0x20003254      0x224 Application/USB/Src/usb_device.o
                0x20003254                hUsbDeviceFS
 COMMON         0x20003478      0x130 Application/USB/Src/usbd_cdc_if.o
                0x20003478                UserRxBufferFS
                0x200034dc                UserTxBufferFS
                0x20003540                newMessage
                0x200035a4                newMessageCounter
 COMMON         0x200035a8      0x220 Application/USB/Src/usbd_conf.o
                0x200035a8                hpcd_USB_FS
 COMMON         0x200037c8      0x200 Application/USB/Src/usbd_desc.o
                0x200037c8                USBD_StrDesc
 COMMON         0x200039c8        0x4 Drivers/STM32L1xx_HAL_Driver/Src/stm32l1xx_hal.o
                0x200039c8                uwTick
 COMMON         0x200039cc       0x40 Middlewares/Third_Party/FreeRTOS/Source/queue.o
                0x200039cc                xQueueRegistry
 COMMON         0x20003a0c        0x4 c:/ac6/systemworkbench/plugins/fr.ac6.mcu.externaltools.arm-none.win32_1.15.0.201708311556/tools/compiler/bin/../lib/gcc/arm-none-eabi/6.3.1/../../../../arm-none-eabi/lib/thumb/v7-m\libc_nano.a(lib_a-reent.o)
                0x20003a0c                errno
                0x20003a10                . = ALIGN (0x4)
                0x20003a10                _ebss = .
                0x20003a10                __bss_end__ = _ebss

._user_heap_stack
                0x20003a10      0x600 load address 0x0800ac10
                0x20003a10                . = ALIGN (0x8)
                0x20003a10                PROVIDE (end, .)
                [!provide]                PROVIDE (_end, .)
                0x20003c10                . = (. + _Min_Heap_Size)
 *fill*         0x20003a10      0x200 
                0x20004010                . = (. + _Min_Stack_Size)
 *fill*         0x20003c10      0x400 
                0x20004010                . = ALIGN (0x8)

/DISCARD/
 libc.a(*)
 libm.a(*)
 libgcc.a(*)

.ARM.attributes
                0x00000000       0x29
 *(.ARM.attributes)
 .ARM.attributes
                0x00000000       0x1d c:/ac6/systemworkbench/plugins/fr.ac6.mcu.externaltools.arm-none.win32_1.15.0.201708311556/tools/compiler/bin/../lib/gcc/arm-none-eabi/6.3.1/thumb/v7-m/crti.o
 .ARM.attributes
                0x0000001d       0x2d c:/ac6/systemworkbench/plugins/fr.ac6.mcu.externaltools.arm-none.win32_1.15.0.201708311556/tools/compiler/bin/../lib/gcc/arm-none-eabi/6.3.1/thumb/v7-m/crtbegin.o
 .ARM.attributes
                0x0000004a       0x33 Application/Base/Src/config.o
 .ARM.attributes
                0x0000007d       0x33 Application/Base/Src/main.o
 .ARM.attributes
                0x000000b0       0x33 Application/Base/Src/stm32l1xx_hal_msp.o
 .ARM.attributes
                0x000000e3       0x33 Application/Base/Src/stm32l1xx_hal_timebase_TIM.o
 .ARM.attributes
                0x00000116       0x33 Application/Base/Src/stm32l1xx_it.o
 .ARM.attributes
                0x00000149       0x33 Application/Base/Src/system_stm32l1xx.o
 .ARM.attributes
                0x0000017c       0x33 Application/Drivers/Src/adc.o
 .ARM.attributes
                0x000001af       0x33 Application/Drivers/Src/communication.o
 .ARM.attributes
                0x000001e2       0x33 Application/Drivers/Src/led.o
 .ARM.attributes
                0x00000215       0x33 Application/Drivers/Src/sim808.o
 .ARM.attributes
                0x00000248       0x33 Application/Drivers/Src/uart.o
 .ARM.attributes
                0x0000027b       0x33 Application/USB/Src/usb_device.o
 .ARM.attributes
                0x000002ae       0x33 Application/USB/Src/usbd_cdc_if.o
 .ARM.attributes
                0x000002e1       0x33 Application/USB/Src/usbd_conf.o
 .ARM.attributes
                0x00000314       0x33 Application/USB/Src/usbd_desc.o
 .ARM.attributes
                0x00000347       0x33 Drivers/STM32L1xx_HAL_Driver/Src/stm32l1xx_hal.o
 .ARM.attributes
                0x0000037a       0x33 Drivers/STM32L1xx_HAL_Driver/Src/stm32l1xx_hal_adc.o
 .ARM.attributes
                0x000003ad       0x33 Drivers/STM32L1xx_HAL_Driver/Src/stm32l1xx_hal_adc_ex.o
 .ARM.attributes
                0x000003e0       0x33 Drivers/STM32L1xx_HAL_Driver/Src/stm32l1xx_hal_cortex.o
 .ARM.attributes
                0x00000413       0x33 Drivers/STM32L1xx_HAL_Driver/Src/stm32l1xx_hal_dma.o
 .ARM.attributes
                0x00000446       0x33 Drivers/STM32L1xx_HAL_Driver/Src/stm32l1xx_hal_gpio.o
 .ARM.attributes
                0x00000479       0x33 Drivers/STM32L1xx_HAL_Driver/Src/stm32l1xx_hal_pcd.o
 .ARM.attributes
                0x000004ac       0x33 Drivers/STM32L1xx_HAL_Driver/Src/stm32l1xx_hal_pcd_ex.o
 .ARM.attributes
                0x000004df       0x33 Drivers/STM32L1xx_HAL_Driver/Src/stm32l1xx_hal_rcc.o
 .ARM.attributes
                0x00000512       0x33 Drivers/STM32L1xx_HAL_Driver/Src/stm32l1xx_hal_rcc_ex.o
 .ARM.attributes
                0x00000545       0x33 Drivers/STM32L1xx_HAL_Driver/Src/stm32l1xx_hal_tim.o
 .ARM.attributes
                0x00000578       0x33 Drivers/STM32L1xx_HAL_Driver/Src/stm32l1xx_hal_uart.o
 .ARM.attributes
                0x000005ab       0x33 Middlewares/ST/STM32_USB_Device_Library/Class/CDC/Src/usbd_cdc.o
 .ARM.attributes
                0x000005de       0x33 Middlewares/ST/STM32_USB_Device_Library/Core/Src/usbd_core.o
 .ARM.attributes
                0x00000611       0x33 Middlewares/ST/STM32_USB_Device_Library/Core/Src/usbd_ctlreq.o
 .ARM.attributes
                0x00000644       0x33 Middlewares/ST/STM32_USB_Device_Library/Core/Src/usbd_ioreq.o
 .ARM.attributes
                0x00000677       0x33 Middlewares/Third_Party/FreeRTOS/Source/CMSIS_RTOS/cmsis_os.o
 .ARM.attributes
                0x000006aa       0x33 Middlewares/Third_Party/FreeRTOS/Source/list.o
 .ARM.attributes
                0x000006dd       0x33 Middlewares/Third_Party/FreeRTOS/Source/queue.o
 .ARM.attributes
                0x00000710       0x33 Middlewares/Third_Party/FreeRTOS/Source/tasks.o
 .ARM.attributes
                0x00000743       0x33 Middlewares/Third_Party/FreeRTOS/Source/timers.o
 .ARM.attributes
                0x00000776       0x33 Middlewares/Third_Party/FreeRTOS/Source/portable/GCC/ARM_CM3/port.o
 .ARM.attributes
                0x000007a9       0x33 Middlewares/Third_Party/FreeRTOS/Source/portable/MemMang/heap_4.o
 .ARM.attributes
                0x000007dc       0x21 startup/startup_stm32l151xc.o
 .ARM.attributes
                0x000007fd       0x2d c:/ac6/systemworkbench/plugins/fr.ac6.mcu.externaltools.arm-none.win32_1.15.0.201708311556/tools/compiler/bin/../lib/gcc/arm-none-eabi/6.3.1/../../../../arm-none-eabi/lib/thumb/v7-m\libc_nano.a(lib_a-impure.o)
 .ARM.attributes
                0x0000082a       0x2d c:/ac6/systemworkbench/plugins/fr.ac6.mcu.externaltools.arm-none.win32_1.15.0.201708311556/tools/compiler/bin/../lib/gcc/arm-none-eabi/6.3.1/../../../../arm-none-eabi/lib/thumb/v7-m\libc_nano.a(lib_a-init.o)
 .ARM.attributes
                0x00000857       0x2d c:/ac6/systemworkbench/plugins/fr.ac6.mcu.externaltools.arm-none.win32_1.15.0.201708311556/tools/compiler/bin/../lib/gcc/arm-none-eabi/6.3.1/../../../../arm-none-eabi/lib/thumb/v7-m\libc_nano.a(lib_a-memcpy-stub.o)
 .ARM.attributes
                0x00000884       0x2d c:/ac6/systemworkbench/plugins/fr.ac6.mcu.externaltools.arm-none.win32_1.15.0.201708311556/tools/compiler/bin/../lib/gcc/arm-none-eabi/6.3.1/../../../../arm-none-eabi/lib/thumb/v7-m\libc_nano.a(lib_a-sprintf.o)
 .ARM.attributes
                0x000008b1       0x1b c:/ac6/systemworkbench/plugins/fr.ac6.mcu.externaltools.arm-none.win32_1.15.0.201708311556/tools/compiler/bin/../lib/gcc/arm-none-eabi/6.3.1/../../../../arm-none-eabi/lib/thumb/v7-m\libc_nano.a(lib_a-strcmp.o)
 .ARM.attributes
                0x000008cc       0x17 c:/ac6/systemworkbench/plugins/fr.ac6.mcu.externaltools.arm-none.win32_1.15.0.201708311556/tools/compiler/bin/../lib/gcc/arm-none-eabi/6.3.1/../../../../arm-none-eabi/lib/thumb/v7-m\libc_nano.a(lib_a-strlen.o)
 .ARM.attributes
                0x000008e3       0x2d c:/ac6/systemworkbench/plugins/fr.ac6.mcu.externaltools.arm-none.win32_1.15.0.201708311556/tools/compiler/bin/../lib/gcc/arm-none-eabi/6.3.1/../../../../arm-none-eabi/lib/thumb/v7-m\libc_nano.a(lib_a-nano-freer.o)
 .ARM.attributes
                0x00000910       0x2d c:/ac6/systemworkbench/plugins/fr.ac6.mcu.externaltools.arm-none.win32_1.15.0.201708311556/tools/compiler/bin/../lib/gcc/arm-none-eabi/6.3.1/../../../../arm-none-eabi/lib/thumb/v7-m\libc_nano.a(lib_a-nano-mallocr.o)
 .ARM.attributes
                0x0000093d       0x2d c:/ac6/systemworkbench/plugins/fr.ac6.mcu.externaltools.arm-none.win32_1.15.0.201708311556/tools/compiler/bin/../lib/gcc/arm-none-eabi/6.3.1/../../../../arm-none-eabi/lib/thumb/v7-m\libc_nano.a(lib_a-nano-svfprintf.o)
 .ARM.attributes
                0x0000096a       0x2d c:/ac6/systemworkbench/plugins/fr.ac6.mcu.externaltools.arm-none.win32_1.15.0.201708311556/tools/compiler/bin/../lib/gcc/arm-none-eabi/6.3.1/../../../../arm-none-eabi/lib/thumb/v7-m\libc_nano.a(lib_a-nano-vfprintf_i.o)
 .ARM.attributes
                0x00000997       0x2d c:/ac6/systemworkbench/plugins/fr.ac6.mcu.externaltools.arm-none.win32_1.15.0.201708311556/tools/compiler/bin/../lib/gcc/arm-none-eabi/6.3.1/../../../../arm-none-eabi/lib/thumb/v7-m\libc_nano.a(lib_a-sbrkr.o)
 .ARM.attributes
                0x000009c4       0x2d c:/ac6/systemworkbench/plugins/fr.ac6.mcu.externaltools.arm-none.win32_1.15.0.201708311556/tools/compiler/bin/../lib/gcc/arm-none-eabi/6.3.1/../../../../arm-none-eabi/lib/thumb/v7-m\libc_nano.a(lib_a-memchr-stub.o)
 .ARM.attributes
                0x000009f1       0x2d c:/ac6/systemworkbench/plugins/fr.ac6.mcu.externaltools.arm-none.win32_1.15.0.201708311556/tools/compiler/bin/../lib/gcc/arm-none-eabi/6.3.1/../../../../arm-none-eabi/lib/thumb/v7-m\libc_nano.a(lib_a-memmove.o)
 .ARM.attributes
                0x00000a1e       0x2d c:/ac6/systemworkbench/plugins/fr.ac6.mcu.externaltools.arm-none.win32_1.15.0.201708311556/tools/compiler/bin/../lib/gcc/arm-none-eabi/6.3.1/../../../../arm-none-eabi/lib/thumb/v7-m\libc_nano.a(lib_a-mlock.o)
 .ARM.attributes
                0x00000a4b       0x2d c:/ac6/systemworkbench/plugins/fr.ac6.mcu.externaltools.arm-none.win32_1.15.0.201708311556/tools/compiler/bin/../lib/gcc/arm-none-eabi/6.3.1/../../../../arm-none-eabi/lib/thumb/v7-m\libc_nano.a(lib_a-nano-reallocr.o)
 .ARM.attributes
                0x00000a78       0x2d c:/ac6/systemworkbench/plugins/fr.ac6.mcu.externaltools.arm-none.win32_1.15.0.201708311556/tools/compiler/bin/../lib/gcc/arm-none-eabi/6.3.1/../../../../arm-none-eabi/lib/thumb/v7-m\libc_nano.a(lib_a-reent.o)
 .ARM.attributes
                0x00000aa5       0x2d c:/ac6/systemworkbench/plugins/fr.ac6.mcu.externaltools.arm-none.win32_1.15.0.201708311556/tools/compiler/bin/../lib/gcc/arm-none-eabi/6.3.1/../../../../arm-none-eabi/lib/thumb/v7-m\libc_nano.a(lib_a-nano-msizer.o)
 .ARM.attributes
                0x00000ad2       0x2d c:/ac6/systemworkbench/plugins/fr.ac6.mcu.externaltools.arm-none.win32_1.15.0.201708311556/tools/compiler/bin/../lib/gcc/arm-none-eabi/6.3.1/../../../../arm-none-eabi/lib/thumb/v7-m\libnosys.a(sbrk.o)
 .ARM.attributes
                0x00000aff       0x1d c:/ac6/systemworkbench/plugins/fr.ac6.mcu.externaltools.arm-none.win32_1.15.0.201708311556/tools/compiler/bin/../lib/gcc/arm-none-eabi/6.3.1/thumb/v7-m/crtn.o
OUTPUT(laske.elf elf32-littlearm)

.debug_info     0x00000000    0x2dd26
 .debug_info    0x00000000     0x135f Application/Base/Src/config.o
 .debug_info    0x0000135f      0xfc1 Application/Base/Src/main.o
 .debug_info    0x00002320     0x190c Application/Base/Src/stm32l1xx_hal_msp.o
 .debug_info    0x00003c2c     0x114d Application/Base/Src/stm32l1xx_hal_timebase_TIM.o
 .debug_info    0x00004d79     0x16cb Application/Base/Src/stm32l1xx_it.o
 .debug_info    0x00006444      0xc78 Application/Base/Src/system_stm32l1xx.o
 .debug_info    0x000070bc     0x1264 Application/Drivers/Src/adc.o
 .debug_info    0x00008320     0x109d Application/Drivers/Src/communication.o
 .debug_info    0x000093bd      0xb1e Application/Drivers/Src/led.o
 .debug_info    0x00009edb     0x16d5 Application/Drivers/Src/sim808.o
 .debug_info    0x0000b5b0     0x1741 Application/Drivers/Src/uart.o
 .debug_info    0x0000ccf1      0xe3f Application/USB/Src/usb_device.o
 .debug_info    0x0000db30      0xfdb Application/USB/Src/usbd_cdc_if.o
 .debug_info    0x0000eb0b     0x1d59 Application/USB/Src/usbd_conf.o
 .debug_info    0x00010864      0xc34 Application/USB/Src/usbd_desc.o
 .debug_info    0x00011498      0xe2a Drivers/STM32L1xx_HAL_Driver/Src/stm32l1xx_hal.o
 .debug_info    0x000122c2     0x16e4 Drivers/STM32L1xx_HAL_Driver/Src/stm32l1xx_hal_adc.o
 .debug_info    0x000139a6     0x1169 Drivers/STM32L1xx_HAL_Driver/Src/stm32l1xx_hal_adc_ex.o
 .debug_info    0x00014b0f     0x1571 Drivers/STM32L1xx_HAL_Driver/Src/stm32l1xx_hal_cortex.o
 .debug_info    0x00016080      0xfa5 Drivers/STM32L1xx_HAL_Driver/Src/stm32l1xx_hal_dma.o
 .debug_info    0x00017025      0xea0 Drivers/STM32L1xx_HAL_Driver/Src/stm32l1xx_hal_gpio.o
 .debug_info    0x00017ec5     0x19b3 Drivers/STM32L1xx_HAL_Driver/Src/stm32l1xx_hal_pcd.o
 .debug_info    0x00019878      0xdcf Drivers/STM32L1xx_HAL_Driver/Src/stm32l1xx_hal_pcd_ex.o
 .debug_info    0x0001a647     0x1dc2 Drivers/STM32L1xx_HAL_Driver/Src/stm32l1xx_hal_rcc.o
 .debug_info    0x0001c409      0xe38 Drivers/STM32L1xx_HAL_Driver/Src/stm32l1xx_hal_rcc_ex.o
 .debug_info    0x0001d241     0x29a8 Drivers/STM32L1xx_HAL_Driver/Src/stm32l1xx_hal_tim.o
 .debug_info    0x0001fbe9     0x16cc Drivers/STM32L1xx_HAL_Driver/Src/stm32l1xx_hal_uart.o
 .debug_info    0x000212b5     0x12fc Middlewares/ST/STM32_USB_Device_Library/Class/CDC/Src/usbd_cdc.o
 .debug_info    0x000225b1     0x119e Middlewares/ST/STM32_USB_Device_Library/Core/Src/usbd_core.o
 .debug_info    0x0002374f     0x10ff Middlewares/ST/STM32_USB_Device_Library/Core/Src/usbd_ctlreq.o
 .debug_info    0x0002484e      0xeff Middlewares/ST/STM32_USB_Device_Library/Core/Src/usbd_ioreq.o
 .debug_info    0x0002574d     0x1b32 Middlewares/Third_Party/FreeRTOS/Source/CMSIS_RTOS/cmsis_os.o
 .debug_info    0x0002727f      0xad7 Middlewares/Third_Party/FreeRTOS/Source/list.o
 .debug_info    0x00027d56     0x1a12 Middlewares/Third_Party/FreeRTOS/Source/queue.o
 .debug_info    0x00029768     0x2130 Middlewares/Third_Party/FreeRTOS/Source/tasks.o
 .debug_info    0x0002b898     0x137e Middlewares/Third_Party/FreeRTOS/Source/timers.o
 .debug_info    0x0002cc16      0x4ab Middlewares/Third_Party/FreeRTOS/Source/portable/GCC/ARM_CM3/port.o
 .debug_info    0x0002d0c1      0xc01 Middlewares/Third_Party/FreeRTOS/Source/portable/MemMang/heap_4.o
 .debug_info    0x0002dcc2       0x64 startup/startup_stm32l151xc.o

.debug_abbrev   0x00000000     0x6408
 .debug_abbrev  0x00000000      0x268 Application/Base/Src/config.o
 .debug_abbrev  0x00000268      0x239 Application/Base/Src/main.o
 .debug_abbrev  0x000004a1      0x27b Application/Base/Src/stm32l1xx_hal_msp.o
 .debug_abbrev  0x0000071c      0x233 Application/Base/Src/stm32l1xx_hal_timebase_TIM.o
 .debug_abbrev  0x0000094f      0x1fd Application/Base/Src/stm32l1xx_it.o
 .debug_abbrev  0x00000b4c      0x205 Application/Base/Src/system_stm32l1xx.o
 .debug_abbrev  0x00000d51      0x23c Application/Drivers/Src/adc.o
 .debug_abbrev  0x00000f8d      0x27b Application/Drivers/Src/communication.o
 .debug_abbrev  0x00001208      0x228 Application/Drivers/Src/led.o
 .debug_abbrev  0x00001430      0x277 Application/Drivers/Src/sim808.o
 .debug_abbrev  0x000016a7      0x2f6 Application/Drivers/Src/uart.o
 .debug_abbrev  0x0000199d      0x1dd Application/USB/Src/usb_device.o
 .debug_abbrev  0x00001b7a      0x2c6 Application/USB/Src/usbd_cdc_if.o
 .debug_abbrev  0x00001e40      0x2e8 Application/USB/Src/usbd_conf.o
 .debug_abbrev  0x00002128      0x264 Application/USB/Src/usbd_desc.o
 .debug_abbrev  0x0000238c      0x2a1 Drivers/STM32L1xx_HAL_Driver/Src/stm32l1xx_hal.o
 .debug_abbrev  0x0000262d      0x2fc Drivers/STM32L1xx_HAL_Driver/Src/stm32l1xx_hal_adc.o
 .debug_abbrev  0x00002929      0x2e8 Drivers/STM32L1xx_HAL_Driver/Src/stm32l1xx_hal_adc_ex.o
 .debug_abbrev  0x00002c11      0x369 Drivers/STM32L1xx_HAL_Driver/Src/stm32l1xx_hal_cortex.o
 .debug_abbrev  0x00002f7a      0x2a5 Drivers/STM32L1xx_HAL_Driver/Src/stm32l1xx_hal_dma.o
 .debug_abbrev  0x0000321f      0x287 Drivers/STM32L1xx_HAL_Driver/Src/stm32l1xx_hal_gpio.o
 .debug_abbrev  0x000034a6      0x338 Drivers/STM32L1xx_HAL_Driver/Src/stm32l1xx_hal_pcd.o
 .debug_abbrev  0x000037de      0x207 Drivers/STM32L1xx_HAL_Driver/Src/stm32l1xx_hal_pcd_ex.o
 .debug_abbrev  0x000039e5      0x337 Drivers/STM32L1xx_HAL_Driver/Src/stm32l1xx_hal_rcc.o
 .debug_abbrev  0x00003d1c      0x321 Drivers/STM32L1xx_HAL_Driver/Src/stm32l1xx_hal_rcc_ex.o
 .debug_abbrev  0x0000403d      0x2d7 Drivers/STM32L1xx_HAL_Driver/Src/stm32l1xx_hal_tim.o
 .debug_abbrev  0x00004314      0x2eb Drivers/STM32L1xx_HAL_Driver/Src/stm32l1xx_hal_uart.o
 .debug_abbrev  0x000045ff      0x2c5 Middlewares/ST/STM32_USB_Device_Library/Class/CDC/Src/usbd_cdc.o
 .debug_abbrev  0x000048c4      0x295 Middlewares/ST/STM32_USB_Device_Library/Core/Src/usbd_core.o
 .debug_abbrev  0x00004b59      0x2c5 Middlewares/ST/STM32_USB_Device_Library/Core/Src/usbd_ctlreq.o
 .debug_abbrev  0x00004e1e      0x205 Middlewares/ST/STM32_USB_Device_Library/Core/Src/usbd_ioreq.o
 .debug_abbrev  0x00005023      0x3a4 Middlewares/Third_Party/FreeRTOS/Source/CMSIS_RTOS/cmsis_os.o
 .debug_abbrev  0x000053c7      0x1fe Middlewares/Third_Party/FreeRTOS/Source/list.o
 .debug_abbrev  0x000055c5      0x30d Middlewares/Third_Party/FreeRTOS/Source/queue.o
 .debug_abbrev  0x000058d2      0x38a Middlewares/Third_Party/FreeRTOS/Source/tasks.o
 .debug_abbrev  0x00005c5c      0x2c1 Middlewares/Third_Party/FreeRTOS/Source/timers.o
 .debug_abbrev  0x00005f1d      0x205 Middlewares/Third_Party/FreeRTOS/Source/portable/GCC/ARM_CM3/port.o
 .debug_abbrev  0x00006122      0x2d4 Middlewares/Third_Party/FreeRTOS/Source/portable/MemMang/heap_4.o
 .debug_abbrev  0x000063f6       0x12 startup/startup_stm32l151xc.o

.debug_aranges  0x00000000     0x1888
 .debug_aranges
                0x00000000       0x50 Application/Base/Src/config.o
 .debug_aranges
                0x00000050       0x28 Application/Base/Src/main.o
 .debug_aranges
                0x00000078       0x50 Application/Base/Src/stm32l1xx_hal_msp.o
 .debug_aranges
                0x000000c8       0x30 Application/Base/Src/stm32l1xx_hal_timebase_TIM.o
 .debug_aranges
                0x000000f8       0x80 Application/Base/Src/stm32l1xx_it.o
 .debug_aranges
                0x00000178       0x28 Application/Base/Src/system_stm32l1xx.o
 .debug_aranges
                0x000001a0       0x38 Application/Drivers/Src/adc.o
 .debug_aranges
                0x000001d8       0x38 Application/Drivers/Src/communication.o
 .debug_aranges
                0x00000210       0x38 Application/Drivers/Src/led.o
 .debug_aranges
                0x00000248       0x60 Application/Drivers/Src/sim808.o
 .debug_aranges
                0x000002a8       0xd8 Application/Drivers/Src/uart.o
 .debug_aranges
                0x00000380       0x28 Application/USB/Src/usb_device.o
 .debug_aranges
                0x000003a8       0x40 Application/USB/Src/usbd_cdc_if.o
 .debug_aranges
                0x000003e8      0x110 Application/USB/Src/usbd_conf.o
 .debug_aranges
                0x000004f8       0x50 Application/USB/Src/usbd_desc.o
 .debug_aranges
                0x00000548       0xb0 Drivers/STM32L1xx_HAL_Driver/Src/stm32l1xx_hal.o
 .debug_aranges
                0x000005f8       0xf0 Drivers/STM32L1xx_HAL_Driver/Src/stm32l1xx_hal_adc.o
 .debug_aranges
                0x000006e8       0x58 Drivers/STM32L1xx_HAL_Driver/Src/stm32l1xx_hal_adc_ex.o
 .debug_aranges
                0x00000740      0x118 Drivers/STM32L1xx_HAL_Driver/Src/stm32l1xx_hal_cortex.o
 .debug_aranges
                0x00000858       0x80 Drivers/STM32L1xx_HAL_Driver/Src/stm32l1xx_hal_dma.o
 .debug_aranges
                0x000008d8       0x58 Drivers/STM32L1xx_HAL_Driver/Src/stm32l1xx_hal_gpio.o
 .debug_aranges
                0x00000930      0x138 Drivers/STM32L1xx_HAL_Driver/Src/stm32l1xx_hal_pcd.o
 .debug_aranges
                0x00000a68       0x20 Drivers/STM32L1xx_HAL_Driver/Src/stm32l1xx_hal_pcd_ex.o
 .debug_aranges
                0x00000a88       0x90 Drivers/STM32L1xx_HAL_Driver/Src/stm32l1xx_hal_rcc.o
 .debug_aranges
                0x00000b18       0x58 Drivers/STM32L1xx_HAL_Driver/Src/stm32l1xx_hal_rcc_ex.o
 .debug_aranges
                0x00000b70      0x368 Drivers/STM32L1xx_HAL_Driver/Src/stm32l1xx_hal_tim.o
 .debug_aranges
                0x00000ed8      0x150 Drivers/STM32L1xx_HAL_Driver/Src/stm32l1xx_hal_uart.o
 .debug_aranges
                0x00001028       0x90 Middlewares/ST/STM32_USB_Device_Library/Class/CDC/Src/usbd_cdc.o
 .debug_aranges
                0x000010b8       0xb8 Middlewares/ST/STM32_USB_Device_Library/Core/Src/usbd_core.o
 .debug_aranges
                0x00001170       0x88 Middlewares/ST/STM32_USB_Device_Library/Core/Src/usbd_ctlreq.o
 .debug_aranges
                0x000011f8       0x50 Middlewares/ST/STM32_USB_Device_Library/Core/Src/usbd_ioreq.o
 .debug_aranges
                0x00001248      0x1d8 Middlewares/Third_Party/FreeRTOS/Source/CMSIS_RTOS/cmsis_os.o
 .debug_aranges
                0x00001420       0x40 Middlewares/Third_Party/FreeRTOS/Source/list.o
 .debug_aranges
                0x00001460       0xe8 Middlewares/Third_Party/FreeRTOS/Source/queue.o
 .debug_aranges
                0x00001548      0x198 Middlewares/Third_Party/FreeRTOS/Source/tasks.o
 .debug_aranges
                0x000016e0       0xb8 Middlewares/Third_Party/FreeRTOS/Source/timers.o
 .debug_aranges
                0x00001798       0x78 Middlewares/Third_Party/FreeRTOS/Source/portable/GCC/ARM_CM3/port.o
 .debug_aranges
                0x00001810       0x50 Middlewares/Third_Party/FreeRTOS/Source/portable/MemMang/heap_4.o
 .debug_aranges
                0x00001860       0x28 startup/startup_stm32l151xc.o

.debug_ranges   0x00000000     0x1620
 .debug_ranges  0x00000000       0x40 Application/Base/Src/config.o
 .debug_ranges  0x00000040       0x18 Application/Base/Src/main.o
 .debug_ranges  0x00000058       0x40 Application/Base/Src/stm32l1xx_hal_msp.o
 .debug_ranges  0x00000098       0x20 Application/Base/Src/stm32l1xx_hal_timebase_TIM.o
 .debug_ranges  0x000000b8       0x70 Application/Base/Src/stm32l1xx_it.o
 .debug_ranges  0x00000128       0x18 Application/Base/Src/system_stm32l1xx.o
 .debug_ranges  0x00000140       0x28 Application/Drivers/Src/adc.o