Archive member included to satisfy reference by file (symbol)

c:/ac6/systemworkbench/plugins/fr.ac6.mcu.externaltools.arm-none.win32_1.13.3.201707031232/tools/compiler/bin/../lib/gcc/arm-none-eabi/5.4.1/../../../../arm-none-eabi/lib/armv7-m\libc_nano.a(lib_a-exit.o)
                              c:/ac6/systemworkbench/plugins/fr.ac6.mcu.externaltools.arm-none.win32_1.13.3.201707031232/tools/compiler/bin/../lib/gcc/arm-none-eabi/5.4.1/../../../../arm-none-eabi/lib/armv7-m/crt0.o (exit)
c:/ac6/systemworkbench/plugins/fr.ac6.mcu.externaltools.arm-none.win32_1.13.3.201707031232/tools/compiler/bin/../lib/gcc/arm-none-eabi/5.4.1/../../../../arm-none-eabi/lib/armv7-m\libc_nano.a(lib_a-impure.o)
                              c:/ac6/systemworkbench/plugins/fr.ac6.mcu.externaltools.arm-none.win32_1.13.3.201707031232/tools/compiler/bin/../lib/gcc/arm-none-eabi/5.4.1/../../../../arm-none-eabi/lib/armv7-m\libc_nano.a(lib_a-exit.o) (_global_impure_ptr)
c:/ac6/systemworkbench/plugins/fr.ac6.mcu.externaltools.arm-none.win32_1.13.3.201707031232/tools/compiler/bin/../lib/gcc/arm-none-eabi/5.4.1/../../../../arm-none-eabi/lib/armv7-m\libc_nano.a(lib_a-init.o)
                              c:/ac6/systemworkbench/plugins/fr.ac6.mcu.externaltools.arm-none.win32_1.13.3.201707031232/tools/compiler/bin/../lib/gcc/arm-none-eabi/5.4.1/../../../../arm-none-eabi/lib/armv7-m/crt0.o (__libc_init_array)
c:/ac6/systemworkbench/plugins/fr.ac6.mcu.externaltools.arm-none.win32_1.13.3.201707031232/tools/compiler/bin/../lib/gcc/arm-none-eabi/5.4.1/../../../../arm-none-eabi/lib/armv7-m\libc_nano.a(lib_a-memcpy-stub.o)
                              Middlewares/Third_Party/FreeRTOS/Source/queue.o (memcpy)
c:/ac6/systemworkbench/plugins/fr.ac6.mcu.externaltools.arm-none.win32_1.13.3.201707031232/tools/compiler/bin/../lib/gcc/arm-none-eabi/5.4.1/../../../../arm-none-eabi/lib/armv7-m\libc_nano.a(lib_a-memset.o)
                              c:/ac6/systemworkbench/plugins/fr.ac6.mcu.externaltools.arm-none.win32_1.13.3.201707031232/tools/compiler/bin/../lib/gcc/arm-none-eabi/5.4.1/../../../../arm-none-eabi/lib/armv7-m/crt0.o (memset)
c:/ac6/systemworkbench/plugins/fr.ac6.mcu.externaltools.arm-none.win32_1.13.3.201707031232/tools/compiler/bin/../lib/gcc/arm-none-eabi/5.4.1/../../../../arm-none-eabi/lib/armv7-m\libc_nano.a(lib_a-strcmp.o)
                              Src/communication.o (strcmp)
c:/ac6/systemworkbench/plugins/fr.ac6.mcu.externaltools.arm-none.win32_1.13.3.201707031232/tools/compiler/bin/../lib/gcc/arm-none-eabi/5.4.1/../../../../arm-none-eabi/lib/armv7-m\libc_nano.a(lib_a-strlen.o)
                              Src/communication.o (strlen)
c:/ac6/systemworkbench/plugins/fr.ac6.mcu.externaltools.arm-none.win32_1.13.3.201707031232/tools/compiler/bin/../lib/gcc/arm-none-eabi/5.4.1/../../../../arm-none-eabi/lib/armv7-m\libc_nano.a(lib_a-strncpy.o)
                              Src/communication.o (strncpy)
c:/ac6/systemworkbench/plugins/fr.ac6.mcu.externaltools.arm-none.win32_1.13.3.201707031232/tools/compiler/bin/../lib/gcc/arm-none-eabi/5.4.1/../../../../arm-none-eabi/lib/armv7-m\libc_nano.a(lib_a-strtok.o)
                              Src/communication.o (strtok)
c:/ac6/systemworkbench/plugins/fr.ac6.mcu.externaltools.arm-none.win32_1.13.3.201707031232/tools/compiler/bin/../lib/gcc/arm-none-eabi/5.4.1/../../../../arm-none-eabi/lib/armv7-m\libc_nano.a(lib_a-strtok_r.o)
                              c:/ac6/systemworkbench/plugins/fr.ac6.mcu.externaltools.arm-none.win32_1.13.3.201707031232/tools/compiler/bin/../lib/gcc/arm-none-eabi/5.4.1/../../../../arm-none-eabi/lib/armv7-m\libc_nano.a(lib_a-strtok.o) (__strtok_r)
c:/ac6/systemworkbench/plugins/fr.ac6.mcu.externaltools.arm-none.win32_1.13.3.201707031232/tools/compiler/bin/../lib/gcc/arm-none-eabi/5.4.1/../../../../arm-none-eabi/lib/armv7-m\libc_nano.a(lib_a-malloc.o)
                              c:/ac6/systemworkbench/plugins/fr.ac6.mcu.externaltools.arm-none.win32_1.13.3.201707031232/tools/compiler/bin/../lib/gcc/arm-none-eabi/5.4.1/../../../../arm-none-eabi/lib/armv7-m\libc_nano.a(lib_a-strtok.o) (malloc)
c:/ac6/systemworkbench/plugins/fr.ac6.mcu.externaltools.arm-none.win32_1.13.3.201707031232/tools/compiler/bin/../lib/gcc/arm-none-eabi/5.4.1/../../../../arm-none-eabi/lib/armv7-m\libc_nano.a(lib_a-nano-freer.o)
                              c:/ac6/systemworkbench/plugins/fr.ac6.mcu.externaltools.arm-none.win32_1.13.3.201707031232/tools/compiler/bin/../lib/gcc/arm-none-eabi/5.4.1/../../../../arm-none-eabi/lib/armv7-m\libc_nano.a(lib_a-malloc.o) (_free_r)
c:/ac6/systemworkbench/plugins/fr.ac6.mcu.externaltools.arm-none.win32_1.13.3.201707031232/tools/compiler/bin/../lib/gcc/arm-none-eabi/5.4.1/../../../../arm-none-eabi/lib/armv7-m\libc_nano.a(lib_a-nano-mallocr.o)
[...]
Memory Configuration

Name             Origin             Length             Attributes
RAM              0x20000000         0x00008000         xrw
FLASH            0x08000000         0x00040000         xr
*default*        0x00000000         0xffffffff

Linker script and memory map

LOAD c:/ac6/systemworkbench/plugins/fr.ac6.mcu.externaltools.arm-none.win32_1.13.3.201707031232/tools/compiler/bin/../lib/gcc/arm-none-eabi/5.4.1/armv7-m/crti.o
LOAD c:/ac6/systemworkbench/plugins/fr.ac6.mcu.externaltools.arm-none.win32_1.13.3.201707031232/tools/compiler/bin/../lib/gcc/arm-none-eabi/5.4.1/armv7-m/crtbegin.o
LOAD c:/ac6/systemworkbench/plugins/fr.ac6.mcu.externaltools.arm-none.win32_1.13.3.201707031232/tools/compiler/bin/../lib/gcc/arm-none-eabi/5.4.1/../../../../arm-none-eabi/lib/armv7-m/crt0.o
LOAD Drivers/STM32L1xx_HAL_Driver/Src/stm32l1xx_hal.o
LOAD Drivers/STM32L1xx_HAL_Driver/Src/stm32l1xx_hal_adc.o
LOAD Drivers/STM32L1xx_HAL_Driver/Src/stm32l1xx_hal_adc_ex.o
LOAD Drivers/STM32L1xx_HAL_Driver/Src/stm32l1xx_hal_cortex.o
LOAD Drivers/STM32L1xx_HAL_Driver/Src/stm32l1xx_hal_dma.o
LOAD Drivers/STM32L1xx_HAL_Driver/Src/stm32l1xx_hal_flash.o
LOAD Drivers/STM32L1xx_HAL_Driver/Src/stm32l1xx_hal_flash_ex.o
LOAD Drivers/STM32L1xx_HAL_Driver/Src/stm32l1xx_hal_flash_ramfunc.o
LOAD Drivers/STM32L1xx_HAL_Driver/Src/stm32l1xx_hal_gpio.o
LOAD Drivers/STM32L1xx_HAL_Driver/Src/stm32l1xx_hal_pcd.o
LOAD Drivers/STM32L1xx_HAL_Driver/Src/stm32l1xx_hal_pcd_ex.o
LOAD Drivers/STM32L1xx_HAL_Driver/Src/stm32l1xx_hal_pwr.o
LOAD Drivers/STM32L1xx_HAL_Driver/Src/stm32l1xx_hal_pwr_ex.o
LOAD Drivers/STM32L1xx_HAL_Driver/Src/stm32l1xx_hal_rcc.o
LOAD Drivers/STM32L1xx_HAL_Driver/Src/stm32l1xx_hal_rcc_ex.o
LOAD Drivers/STM32L1xx_HAL_Driver/Src/stm32l1xx_hal_rtc.o
LOAD Drivers/STM32L1xx_HAL_Driver/Src/stm32l1xx_hal_rtc_ex.o
LOAD Drivers/STM32L1xx_HAL_Driver/Src/stm32l1xx_hal_tim.o
LOAD Drivers/STM32L1xx_HAL_Driver/Src/stm32l1xx_hal_tim_ex.o
LOAD Drivers/STM32L1xx_HAL_Driver/Src/stm32l1xx_hal_uart.o
LOAD Middlewares/ST/STM32_USB_Device_Library/Class/CDC/Src/usbd_cdc.o
LOAD Middlewares/ST/STM32_USB_Device_Library/Core/Src/usbd_core.o
LOAD Middlewares/ST/STM32_USB_Device_Library/Core/Src/usbd_ctlreq.o
LOAD Middlewares/ST/STM32_USB_Device_Library/Core/Src/usbd_ioreq.o
LOAD Middlewares/Third_Party/FreeRTOS/Source/CMSIS_RTOS/cmsis_os.o
LOAD Middlewares/Third_Party/FreeRTOS/Source/croutine.o
LOAD Middlewares/Third_Party/FreeRTOS/Source/event_groups.o
LOAD Middlewares/Third_Party/FreeRTOS/Source/list.o
LOAD Middlewares/Third_Party/FreeRTOS/Source/queue.o
LOAD Middlewares/Third_Party/FreeRTOS/Source/tasks.o
LOAD Middlewares/Third_Party/FreeRTOS/Source/timers.o
LOAD Middlewares/Third_Party/FreeRTOS/Source/portable/GCC/ARM_CM3/port.o
LOAD Middlewares/Third_Party/FreeRTOS/Source/portable/MemMang/heap_4.o
LOAD Src/communication.o
LOAD Src/freertos.o
LOAD Src/main.o
LOAD Src/sim808.o
LOAD Src/stm32l1xx_hal_msp.o
LOAD Src/stm32l1xx_hal_timebase_TIM.o
LOAD Src/stm32l1xx_it.o
LOAD Src/system_stm32l1xx.o
LOAD Src/usb_device.o
LOAD Src/usbd_cdc_if.o
LOAD Src/usbd_conf.o
LOAD Src/usbd_desc.o
LOAD startup/startup_stm32l151xc.o
LOAD c:/ac6/systemworkbench/plugins/fr.ac6.mcu.externaltools.arm-none.win32_1.13.3.201707031232/tools/compiler/bin/../lib/gcc/arm-none-eabi/5.4.1/../../../../arm-none-eabi/lib/armv7-m\libm.a
START GROUP
LOAD c:/ac6/systemworkbench/plugins/fr.ac6.mcu.externaltools.arm-none.win32_1.13.3.201707031232/tools/compiler/bin/../lib/gcc/arm-none-eabi/5.4.1/armv7-m\libgcc.a
LOAD c:/ac6/systemworkbench/plugins/fr.ac6.mcu.externaltools.arm-none.win32_1.13.3.201707031232/tools/compiler/bin/../lib/gcc/arm-none-eabi/5.4.1/../../../../arm-none-eabi/lib/armv7-m\libc_nano.a
END GROUP
START GROUP
LOAD c:/ac6/systemworkbench/plugins/fr.ac6.mcu.externaltools.arm-none.win32_1.13.3.201707031232/tools/compiler/bin/../lib/gcc/arm-none-eabi/5.4.1/armv7-m\libgcc.a
LOAD c:/ac6/systemworkbench/plugins/fr.ac6.mcu.externaltools.arm-none.win32_1.13.3.201707031232/tools/compiler/bin/../lib/gcc/arm-none-eabi/5.4.1/../../../../arm-none-eabi/lib/armv7-m\libc_nano.a
LOAD c:/ac6/systemworkbench/plugins/fr.ac6.mcu.externaltools.arm-none.win32_1.13.3.201707031232/tools/compiler/bin/../lib/gcc/arm-none-eabi/5.4.1/../../../../arm-none-eabi/lib/armv7-m\libnosys.a
END GROUP
START GROUP
LOAD c:/ac6/systemworkbench/plugins/fr.ac6.mcu.externaltools.arm-none.win32_1.13.3.201707031232/tools/compiler/bin/../lib/gcc/arm-none-eabi/5.4.1/armv7-m\libgcc.a
LOAD c:/ac6/systemworkbench/plugins/fr.ac6.mcu.externaltools.arm-none.win32_1.13.3.201707031232/tools/compiler/bin/../lib/gcc/arm-none-eabi/5.4.1/../../../../arm-none-eabi/lib/armv7-m\libc_nano.a
LOAD c:/ac6/systemworkbench/plugins/fr.ac6.mcu.externaltools.arm-none.win32_1.13.3.201707031232/tools/compiler/bin/../lib/gcc/arm-none-eabi/5.4.1/../../../../arm-none-eabi/lib/armv7-m\libnosys.a
END GROUP
LOAD c:/ac6/systemworkbench/plugins/fr.ac6.mcu.externaltools.arm-none.win32_1.13.3.201707031232/tools/compiler/bin/../lib/gcc/arm-none-eabi/5.4.1/armv7-m/crtend.o
LOAD c:/ac6/systemworkbench/plugins/fr.ac6.mcu.externaltools.arm-none.win32_1.13.3.201707031232/tools/compiler/bin/../lib/gcc/arm-none-eabi/5.4.1/armv7-m/crtn.o
                0x20008000                _estack = 0x20008000
                0x00000200                _Min_Heap_Size = 0x200
                0x00000400                _Min_Stack_Size = 0x400

.isr_vector     0x08000000      0x13c
                0x08000000                . = ALIGN (0x4)
 *(.isr_vector)
 .isr_vector    0x08000000      0x13c startup/startup_stm32l151xc.o
                0x08000000                g_pfnVectors
                0x0800013c                . = ALIGN (0x4)

.text           0x08000140     0x6c84
                0x08000140                . = ALIGN (0x4)
 *(.text)
 .text          0x08000140       0x5c c:/ac6/systemworkbench/plugins/fr.ac6.mcu.externaltools.arm-none.win32_1.13.3.201707031232/tools/compiler/bin/../lib/gcc/arm-none-eabi/5.4.1/armv7-m/crtbegin.o
 .text          0x0800019c       0x14 c:/ac6/systemworkbench/plugins/fr.ac6.mcu.externaltools.arm-none.win32_1.13.3.201707031232/tools/compiler/bin/../lib/gcc/arm-none-eabi/5.4.1/../../../../arm-none-eabi/lib/armv7-m\libc_nano.a(lib_a-strcmp.o)
                0x0800019c                strcmp
 .text          0x080001b0       0x10 c:/ac6/systemworkbench/plugins/fr.ac6.mcu.externaltools.arm-none.win32_1.13.3.201707031232/tools/compiler/bin/../lib/gcc/arm-none-eabi/5.4.1/../../../../arm-none-eabi/lib/armv7-m\libc_nano.a(lib_a-strlen.o)
                0x080001b0                strlen
 *(.text*)
 .text.HAL_Init
                0x080001c0       0x18 Drivers/STM32L1xx_HAL_Driver/Src/stm32l1xx_hal.o
                0x080001c0                HAL_Init
 .text.HAL_IncTick
                0x080001d8       0x10 Drivers/STM32L1xx_HAL_Driver/Src/stm32l1xx_hal.o
                0x080001d8                HAL_IncTick
 .text.HAL_GetTick
                0x080001e8        0xc Drivers/STM32L1xx_HAL_Driver/Src/stm32l1xx_hal.o
                0x080001e8                HAL_GetTick
 .text.HAL_ADC_Init
                0x080001f4      0x190 Drivers/STM32L1xx_HAL_Driver/Src/stm32l1xx_hal_adc.o
                0x080001f4                HAL_ADC_Init
 .text.HAL_ADC_ConvCpltCallback
                0x08000384        0x4 Drivers/STM32L1xx_HAL_Driver/Src/stm32l1xx_hal_adc.o
                0x08000384                HAL_ADC_ConvCpltCallback
 .text.HAL_ADC_LevelOutOfWindowCallback
                0x08000388        0x4 Drivers/STM32L1xx_HAL_Driver/Src/stm32l1xx_hal_adc.o
                0x08000388                HAL_ADC_LevelOutOfWindowCallback
 .text.HAL_ADC_ErrorCallback
                0x0800038c        0x4 Drivers/STM32L1xx_HAL_Driver/Src/stm32l1xx_hal_adc.o
                0x0800038c                HAL_ADC_ErrorCallback
 .text.HAL_ADC_IRQHandler
                0x08000390      0x140 Drivers/STM32L1xx_HAL_Driver/Src/stm32l1xx_hal_adc.o
                0x08000390                HAL_ADC_IRQHandler
 .text.HAL_ADC_ConfigChannel
                0x080004d0      0x190 Drivers/STM32L1xx_HAL_Driver/Src/stm32l1xx_hal_adc.o
                0x080004d0                HAL_ADC_ConfigChannel
 .text.HAL_ADCEx_InjectedConvCpltCallback
                0x08000660        0x4 Drivers/STM32L1xx_HAL_Driver/Src/stm32l1xx_hal_adc_ex.o
                0x08000660                HAL_ADCEx_InjectedConvCpltCallback
 .text.HAL_NVIC_SetPriorityGrouping
                0x08000664       0x24 Drivers/STM32L1xx_HAL_Driver/Src/stm32l1xx_hal_cortex.o
                0x08000664                HAL_NVIC_SetPriorityGrouping
 .text.HAL_NVIC_SetPriority
                0x08000688       0x64 Drivers/STM32L1xx_HAL_Driver/Src/stm32l1xx_hal_cortex.o
                0x08000688                HAL_NVIC_SetPriority
 .text.HAL_NVIC_EnableIRQ
                0x080006ec       0x18 Drivers/STM32L1xx_HAL_Driver/Src/stm32l1xx_hal_cortex.o
                0x080006ec                HAL_NVIC_EnableIRQ
 .text.HAL_SYSTICK_Config
                0x08000704       0x2c Drivers/STM32L1xx_HAL_Driver/Src/stm32l1xx_hal_cortex.o
                0x08000704                HAL_SYSTICK_Config
 .text.HAL_NVIC_ClearPendingIRQ
                0x08000730       0x1c Drivers/STM32L1xx_HAL_Driver/Src/stm32l1xx_hal_cortex.o
                0x08000730                HAL_NVIC_ClearPendingIRQ
 .text.HAL_SYSTICK_CLKSourceConfig
                0x0800074c       0x20 Drivers/STM32L1xx_HAL_Driver/Src/stm32l1xx_hal_cortex.o
                0x0800074c                HAL_SYSTICK_CLKSourceConfig
 .text.HAL_DMA_Init
                0x0800076c       0xa4 Drivers/STM32L1xx_HAL_Driver/Src/stm32l1xx_hal_dma.o
                0x0800076c                HAL_DMA_Init
 .text.HAL_DMA_IRQHandler
                0x08000810       0xb4 Drivers/STM32L1xx_HAL_Driver/Src/stm32l1xx_hal_dma.o
                0x08000810                HAL_DMA_IRQHandler
 .text.HAL_GPIO_Init
                0x080008c4      0x194 Drivers/STM32L1xx_HAL_Driver/Src/stm32l1xx_hal_gpio.o
                0x080008c4                HAL_GPIO_Init
 .text.HAL_GPIO_WritePin
                0x08000a58        0xc Drivers/STM32L1xx_HAL_Driver/Src/stm32l1xx_hal_gpio.o
                0x08000a58                HAL_GPIO_WritePin
 .text.HAL_GPIO_TogglePin
                0x08000a64        0x8 Drivers/STM32L1xx_HAL_Driver/Src/stm32l1xx_hal_gpio.o
                0x08000a64                HAL_GPIO_TogglePin
 .text.HAL_GPIO_EXTI_Callback
                0x08000a6c        0x4 Drivers/STM32L1xx_HAL_Driver/Src/stm32l1xx_hal_gpio.o
                0x08000a6c                HAL_GPIO_EXTI_Callback
 .text.HAL_GPIO_EXTI_IRQHandler
                0x08000a70       0x18 Drivers/STM32L1xx_HAL_Driver/Src/stm32l1xx_hal_gpio.o
                0x08000a70                HAL_GPIO_EXTI_IRQHandler
 .text.PCD_WritePMA
                0x08000a88       0x28 Drivers/STM32L1xx_HAL_Driver/Src/stm32l1xx_hal_pcd.o
 .text.PCD_ReadPMA
                0x08000ab0       0x30 Drivers/STM32L1xx_HAL_Driver/Src/stm32l1xx_hal_pcd.o
 .text.HAL_PCD_Init
                0x08000ae0       0xac Drivers/STM32L1xx_HAL_Driver/Src/stm32l1xx_hal_pcd.o
                0x08000ae0                HAL_PCD_Init
 .text.HAL_PCD_SetAddress
                0x08000b8c       0x2c Drivers/STM32L1xx_HAL_Driver/Src/stm32l1xx_hal_pcd.o
                0x08000b8c                HAL_PCD_SetAddress
 .text.HAL_PCD_EP_Open
                0x08000bb8      0x38c Drivers/STM32L1xx_HAL_Driver/Src/stm32l1xx_hal_pcd.o
                0x08000bb8                HAL_PCD_EP_Open
 .text.HAL_PCD_EP_Close
                0x08000f44      0x210 Drivers/STM32L1xx_HAL_Driver/Src/stm32l1xx_hal_pcd.o
                0x08000f44                HAL_PCD_EP_Close
 .text.HAL_PCD_EP_Receive
                0x08001154      0x1f0 Drivers/STM32L1xx_HAL_Driver/Src/stm32l1xx_hal_pcd.o
                0x08001154                HAL_PCD_EP_Receive
 .text.HAL_PCD_EP_GetRxCount
                0x08001344       0x14 Drivers/STM32L1xx_HAL_Driver/Src/stm32l1xx_hal_pcd.o
                0x08001344                HAL_PCD_EP_GetRxCount
 .text.HAL_PCD_EP_Transmit
                0x08001358      0x228 Drivers/STM32L1xx_HAL_Driver/Src/stm32l1xx_hal_pcd.o
                0x08001358                HAL_PCD_EP_Transmit
 .text.PCD_EP_ISR_Handler
                0x08001580      0x490 Drivers/STM32L1xx_HAL_Driver/Src/stm32l1xx_hal_pcd.o
 .text.HAL_PCD_IRQHandler
                0x08001a10      0x154 Drivers/STM32L1xx_HAL_Driver/Src/stm32l1xx_hal_pcd.o
                0x08001a10                HAL_PCD_IRQHandler
 .text.HAL_PCD_EP_SetStall
                0x08001b64       0xb8 Drivers/STM32L1xx_HAL_Driver/Src/stm32l1xx_hal_pcd.o
                0x08001b64                HAL_PCD_EP_SetStall
 .text.HAL_PCD_EP_ClrStall
                0x08001c1c       0xe0 Drivers/STM32L1xx_HAL_Driver/Src/stm32l1xx_hal_pcd.o
                0x08001c1c                HAL_PCD_EP_ClrStall
 .text.HAL_PCD_Start
                0x08001cfc        0xc Drivers/STM32L1xx_HAL_Driver/Src/stm32l1xx_hal_pcd.o
                0x08001cfc                HAL_PCD_Start
 .text.HAL_PCDEx_PMAConfig
                0x08001d08       0x40 Drivers/STM32L1xx_HAL_Driver/Src/stm32l1xx_hal_pcd_ex.o
                0x08001d08                HAL_PCDEx_PMAConfig
 .text.RCC_SetFlashLatencyFromMSIRange
                0x08001d48       0x98 Drivers/STM32L1xx_HAL_Driver/Src/stm32l1xx_hal_rcc.o
 .text.HAL_RCC_OscConfig
                0x08001de0      0x7a0 Drivers/STM32L1xx_HAL_Driver/Src/stm32l1xx_hal_rcc.o
                0x08001de0                HAL_RCC_OscConfig
 .text.HAL_RCC_GetSysClockFreq
                0x08002580       0xa0 Drivers/STM32L1xx_HAL_Driver/Src/stm32l1xx_hal_rcc.o
                0x08002580                HAL_RCC_GetSysClockFreq
 .text.HAL_RCC_ClockConfig
                0x08002620      0x25c Drivers/STM32L1xx_HAL_Driver/Src/stm32l1xx_hal_rcc.o
                0x08002620                HAL_RCC_ClockConfig
 .text.HAL_RCC_GetHCLKFreq
                0x0800287c        0xc Drivers/STM32L1xx_HAL_Driver/Src/stm32l1xx_hal_rcc.o
                0x0800287c                HAL_RCC_GetHCLKFreq
 .text.HAL_RCC_GetPCLK1Freq
                0x08002888       0x30 Drivers/STM32L1xx_HAL_Driver/Src/stm32l1xx_hal_rcc.o
                0x08002888                HAL_RCC_GetPCLK1Freq
 .text.HAL_RCC_GetPCLK2Freq
                0x080028b8       0x30 Drivers/STM32L1xx_HAL_Driver/Src/stm32l1xx_hal_rcc.o
                0x080028b8                HAL_RCC_GetPCLK2Freq
 .text.HAL_RCC_GetClockConfig
                0x080028e8       0x3c Drivers/STM32L1xx_HAL_Driver/Src/stm32l1xx_hal_rcc.o
                0x080028e8                HAL_RCC_GetClockConfig
 .text.HAL_RCCEx_PeriphCLKConfig
                0x08002924      0x170 Drivers/STM32L1xx_HAL_Driver/Src/stm32l1xx_hal_rcc_ex.o
                0x08002924                HAL_RCCEx_PeriphCLKConfig
 .text.RTC_EnterInitMode
                0x08002a94       0x40 Drivers/STM32L1xx_HAL_Driver/Src/stm32l1xx_hal_rtc.o
                0x08002a94                RTC_EnterInitMode
 .text.HAL_RTC_Init
                0x08002ad4       0xa8 Drivers/STM32L1xx_HAL_Driver/Src/stm32l1xx_hal_rtc.o
                0x08002ad4                HAL_RTC_Init
 .text.RTC_ByteToBcd2
                0x08002b7c       0x18 Drivers/STM32L1xx_HAL_Driver/Src/stm32l1xx_hal_rtc.o
                0x08002b7c                RTC_ByteToBcd2
 .text.HAL_RTC_SetTime
                0x08002b94       0xf4 Drivers/STM32L1xx_HAL_Driver/Src/stm32l1xx_hal_rtc.o
                0x08002b94                HAL_RTC_SetTime
 .text.HAL_RTC_SetDate
                0x08002c88       0xd0 Drivers/STM32L1xx_HAL_Driver/Src/stm32l1xx_hal_rtc.o
                0x08002c88                HAL_RTC_SetDate
 .text.HAL_RTC_WaitForSynchro
                0x08002d58       0x40 Drivers/STM32L1xx_HAL_Driver/Src/stm32l1xx_hal_rtc_ex.o
                0x08002d58                HAL_RTC_WaitForSynchro
 .text.HAL_RTCEx_SetWakeUpTimer
                0x08002d98       0xc4 Drivers/STM32L1xx_HAL_Driver/Src/stm32l1xx_hal_rtc_ex.o
                0x08002d98                HAL_RTCEx_SetWakeUpTimer
 .text.HAL_RTCEx_BKUPWrite
                0x08002e5c        0xc Drivers/STM32L1xx_HAL_Driver/Src/stm32l1xx_hal_rtc_ex.o
                0x08002e5c                HAL_RTCEx_BKUPWrite
 .text.HAL_RTCEx_BKUPRead
                0x08002e68        0xc Drivers/STM32L1xx_HAL_Driver/Src/stm32l1xx_hal_rtc_ex.o
                0x08002e68                HAL_RTCEx_BKUPRead
 .text.TIM_Base_SetConfig
                0x08002e74       0x80 Drivers/STM32L1xx_HAL_Driver/Src/stm32l1xx_hal_tim.o
 .text.HAL_TIM_Base_MspInit
                0x08002ef4        0x4 Drivers/STM32L1xx_HAL_Driver/Src/stm32l1xx_hal_tim.o
                0x08002ef4                HAL_TIM_Base_MspInit
 .text.HAL_TIM_Base_Init
                0x08002ef8       0x38 Drivers/STM32L1xx_HAL_Driver/Src/stm32l1xx_hal_tim.o
                0x08002ef8                HAL_TIM_Base_Init
 .text.HAL_TIM_Base_Start_IT
                0x08002f30       0x18 Drivers/STM32L1xx_HAL_Driver/Src/stm32l1xx_hal_tim.o
                0x08002f30                HAL_TIM_Base_Start_IT
 .text.HAL_TIM_OC_DelayElapsedCallback
                0x08002f48        0x4 Drivers/STM32L1xx_HAL_Driver/Src/stm32l1xx_hal_tim.o
                0x08002f48                HAL_TIM_OC_DelayElapsedCallback
 .text.HAL_TIM_IC_CaptureCallback
                0x08002f4c        0x4 Drivers/STM32L1xx_HAL_Driver/Src/stm32l1xx_hal_tim.o
                0x08002f4c                HAL_TIM_IC_CaptureCallback
 .text.HAL_TIM_PWM_PulseFinishedCallback
                0x08002f50        0x4 Drivers/STM32L1xx_HAL_Driver/Src/stm32l1xx_hal_tim.o
                0x08002f50                HAL_TIM_PWM_PulseFinishedCallback
 .text.HAL_TIM_TriggerCallback
                0x08002f54        0x4 Drivers/STM32L1xx_HAL_Driver/Src/stm32l1xx_hal_tim.o
                0x08002f54                HAL_TIM_TriggerCallback
 .text.HAL_TIM_IRQHandler
                0x08002f58      0x138 Drivers/STM32L1xx_HAL_Driver/Src/stm32l1xx_hal_tim.o
                0x08002f58                HAL_TIM_IRQHandler
 .text.UART_Transmit_IT
                0x08003090       0x6c Drivers/STM32L1xx_HAL_Driver/Src/stm32l1xx_hal_uart.o
 .text.UART_SetConfig
                0x080030fc      0x314 Drivers/STM32L1xx_HAL_Driver/Src/stm32l1xx_hal_uart.o
 .text.UART_WaitOnFlagUntilTimeout
                0x08003410       0xd4 Drivers/STM32L1xx_HAL_Driver/Src/stm32l1xx_hal_uart.o
 .text.HAL_UART_Init
                0x080034e4       0x60 Drivers/STM32L1xx_HAL_Driver/Src/stm32l1xx_hal_uart.o
                0x080034e4                HAL_UART_Init
 .text.HAL_UART_Transmit
                0x08003544       0xec Drivers/STM32L1xx_HAL_Driver/Src/stm32l1xx_hal_uart.o
                0x08003544                HAL_UART_Transmit
 .text.HAL_UART_TxCpltCallback
                0x08003630        0x4 Drivers/STM32L1xx_HAL_Driver/Src/stm32l1xx_hal_uart.o
                0x08003630                HAL_UART_TxCpltCallback
 .text.UART_EndTransmit_IT
                0x08003634       0x2c Drivers/STM32L1xx_HAL_Driver/Src/stm32l1xx_hal_uart.o
 .text.HAL_UART_RxCpltCallback
                0x08003660        0x4 Drivers/STM32L1xx_HAL_Driver/Src/stm32l1xx_hal_uart.o
                0x08003660                HAL_UART_RxCpltCallback
 .text.UART_Receive_IT
                0x08003664       0xb4 Drivers/STM32L1xx_HAL_Driver/Src/stm32l1xx_hal_uart.o
 .text.HAL_UART_ErrorCallback
                0x08003718        0x4 Drivers/STM32L1xx_HAL_Driver/Src/stm32l1xx_hal_uart.o
                0x08003718                HAL_UART_ErrorCallback
 .text.HAL_UART_IRQHandler
                0x0800371c       0xc4 Drivers/STM32L1xx_HAL_Driver/Src/stm32l1xx_hal_uart.o
                0x0800371c                HAL_UART_IRQHandler
 .text.USBD_CDC_DataIn
                0x080037e0       0x14 Middlewares/ST/STM32_USB_Device_Library/Class/CDC/Src/usbd_cdc.o
 .text.USBD_CDC_EP0_RxReady
                0x080037f4       0x28 Middlewares/ST/STM32_USB_Device_Library/Class/CDC/Src/usbd_cdc.o
 .text.USBD_CDC_GetFSCfgDesc
                0x0800381c        0xc Middlewares/ST/STM32_USB_Device_Library/Class/CDC/Src/usbd_cdc.o
 .text.USBD_CDC_GetHSCfgDesc
                0x08003828        0xc Middlewares/ST/STM32_USB_Device_Library/Class/CDC/Src/usbd_cdc.o
 .text.USBD_CDC_GetOtherSpeedCfgDesc
                0x08003834        0xc Middlewares/ST/STM32_USB_Device_Library/Class/CDC/Src/usbd_cdc.o
 .text.USBD_CDC_GetDeviceQualifierDescriptor
                0x08003840        0xc Middlewares/ST/STM32_USB_Device_Library/Class/CDC/Src/usbd_cdc.o
                0x08003840                USBD_CDC_GetDeviceQualifierDescriptor
 .text.USBD_CDC_DataOut
                0x0800384c       0x30 Middlewares/ST/STM32_USB_Device_Library/Class/CDC/Src/usbd_cdc.o
 .text.USBD_CDC_Setup
                0x0800387c       0x74 Middlewares/ST/STM32_USB_Device_Library/Class/CDC/Src/usbd_cdc.o
 .text.USBD_CDC_DeInit
                0x080038f0       0x3c Middlewares/ST/STM32_USB_Device_Library/Class/CDC/Src/usbd_cdc.o
 .text.USBD_CDC_Init
                0x0800392c       0x98 Middlewares/ST/STM32_USB_Device_Library/Class/CDC/Src/usbd_cdc.o
 .text.USBD_CDC_RegisterInterface
                0x080039c4       0x10 Middlewares/ST/STM32_USB_Device_Library/Class/CDC/Src/usbd_cdc.o
                0x080039c4                USBD_CDC_RegisterInterface
 .text.USBD_CDC_SetTxBuffer
                0x080039d4       0x10 Middlewares/ST/STM32_USB_Device_Library/Class/CDC/Src/usbd_cdc.o
                0x080039d4                USBD_CDC_SetTxBuffer
 .text.USBD_CDC_SetRxBuffer
                0x080039e4        0xc Middlewares/ST/STM32_USB_Device_Library/Class/CDC/Src/usbd_cdc.o
                0x080039e4                USBD_CDC_SetRxBuffer
 .text.USBD_CDC_TransmitPacket
                0x080039f0       0x30 Middlewares/ST/STM32_USB_Device_Library/Class/CDC/Src/usbd_cdc.o
                0x080039f0                USBD_CDC_TransmitPacket
 .text.USBD_CDC_ReceivePacket
                0x08003a20       0x34 Middlewares/ST/STM32_USB_Device_Library/Class/CDC/Src/usbd_cdc.o
                0x08003a20                USBD_CDC_ReceivePacket
 .text.USBD_Init
                0x08003a54       0x30 Middlewares/ST/STM32_USB_Device_Library/Core/Src/usbd_core.o
                0x08003a54                USBD_Init
 .text.USBD_RegisterClass
                0x08003a84       0x10 Middlewares/ST/STM32_USB_Device_Library/Core/Src/usbd_core.o
                0x08003a84                USBD_RegisterClass
 .text.USBD_Start
                0x08003a94        0xc Middlewares/ST/STM32_USB_Device_Library/Core/Src/usbd_core.o
                0x08003a94                USBD_Start
 .text.USBD_SetClassConfig
                0x08003aa0       0x1c Middlewares/ST/STM32_USB_Device_Library/Core/Src/usbd_core.o
                0x08003aa0                USBD_SetClassConfig
 .text.USBD_ClrClassConfig
                0x08003abc       0x10 Middlewares/ST/STM32_USB_Device_Library/Core/Src/usbd_core.o
                0x08003abc                USBD_ClrClassConfig
 .text.USBD_LL_SetupStage
                0x08003acc       0x5c Middlewares/ST/STM32_USB_Device_Library/Core/Src/usbd_core.o
                0x08003acc                USBD_LL_SetupStage
 .text.USBD_LL_DataOutStage
                0x08003b28       0x68 Middlewares/ST/STM32_USB_Device_Library/Core/Src/usbd_core.o
                0x08003b28                USBD_LL_DataOutStage
 .text.USBD_LL_DataInStage
                0x08003b90       0xac Middlewares/ST/STM32_USB_Device_Library/Core/Src/usbd_core.o
                0x08003b90                USBD_LL_DataInStage
 .text.USBD_LL_Reset
                0x08003c3c       0x40 Middlewares/ST/STM32_USB_Device_Library/Core/Src/usbd_core.o
                0x08003c3c                USBD_LL_Reset
 .text.USBD_LL_SetSpeed
                0x08003c7c        0x8 Middlewares/ST/STM32_USB_Device_Library/Core/Src/usbd_core.o
                0x08003c7c                USBD_LL_SetSpeed
 .text.USBD_LL_Suspend
                0x08003c84       0x14 Middlewares/ST/STM32_USB_Device_Library/Core/Src/usbd_core.o
                0x08003c84                USBD_LL_Suspend
 .text.USBD_LL_Resume
                0x08003c98        0xc Middlewares/ST/STM32_USB_Device_Library/Core/Src/usbd_core.o
                0x08003c98                USBD_LL_Resume
 .text.USBD_LL_SOF
                0x08003ca4       0x18 Middlewares/ST/STM32_USB_Device_Library/Core/Src/usbd_core.o
                0x08003ca4                USBD_LL_SOF
 .text.USBD_GetLen
                0x08003cbc       0x14 Middlewares/ST/STM32_USB_Device_Library/Core/Src/usbd_ctlreq.o
 .text.USBD_SetFeature
                0x08003cd0       0x20 Middlewares/ST/STM32_USB_Device_Library/Core/Src/usbd_ctlreq.o
 .text.USBD_ParseSetupRequest
                0x08003cf0       0x28 Middlewares/ST/STM32_USB_Device_Library/Core/Src/usbd_ctlreq.o
                0x08003cf0                USBD_ParseSetupRequest
 .text.USBD_CtlError
                0x08003d18       0x14 Middlewares/ST/STM32_USB_Device_Library/Core/Src/usbd_ctlreq.o
                0x08003d18                USBD_CtlError
 .text.USBD_GetDescriptor
                0x08003d2c      0x130 Middlewares/ST/STM32_USB_Device_Library/Core/Src/usbd_ctlreq.o
 .text.USBD_SetAddress
                0x08003e5c       0x4c Middlewares/ST/STM32_USB_Device_Library/Core/Src/usbd_ctlreq.o
 .text.USBD_SetConfig
                0x08003ea8       0xa8 Middlewares/ST/STM32_USB_Device_Library/Core/Src/usbd_ctlreq.o
 .text.USBD_GetConfig
                0x08003f50       0x3c Middlewares/ST/STM32_USB_Device_Library/Core/Src/usbd_ctlreq.o
 .text.USBD_GetStatus
                0x08003f8c       0x2c Middlewares/ST/STM32_USB_Device_Library/Core/Src/usbd_ctlreq.o
 .text.USBD_ClrFeature
                0x08003fb8       0x30 Middlewares/ST/STM32_USB_Device_Library/Core/Src/usbd_ctlreq.o
 .text.USBD_StdDevReq
                0x08003fe8       0x48 Middlewares/ST/STM32_USB_Device_Library/Core/Src/usbd_ctlreq.o
                0x08003fe8                USBD_StdDevReq
 .text.USBD_StdItfReq
                0x08004030       0x38 Middlewares/ST/STM32_USB_Device_Library/Core/Src/usbd_ctlreq.o
                0x08004030                USBD_StdItfReq
 .text.USBD_StdEPReq
                0x08004068      0x11c Middlewares/ST/STM32_USB_Device_Library/Core/Src/usbd_ctlreq.o
                0x08004068                USBD_StdEPReq
 .text.USBD_GetString
                0x08004184       0x3c Middlewares/ST/STM32_USB_Device_Library/Core/Src/usbd_ctlreq.o
                0x08004184                USBD_GetString
 .text.USBD_CtlSendData
                0x080041c0       0x1c Middlewares/ST/STM32_USB_Device_Library/Core/Src/usbd_ioreq.o
                0x080041c0                USBD_CtlSendData
 .text.USBD_CtlContinueSendData
                0x080041dc       0x10 Middlewares/ST/STM32_USB_Device_Library/Core/Src/usbd_ioreq.o
                0x080041dc                USBD_CtlContinueSendData
 .text.USBD_CtlPrepareRx
                0x080041ec       0x20 Middlewares/ST/STM32_USB_Device_Library/Core/Src/usbd_ioreq.o
                0x080041ec                USBD_CtlPrepareRx
 .text.USBD_CtlContinueRx
                0x0800420c       0x10 Middlewares/ST/STM32_USB_Device_Library/Core/Src/usbd_ioreq.o
                0x0800420c                USBD_CtlContinueRx
 .text.USBD_CtlSendStatus
                0x0800421c       0x18 Middlewares/ST/STM32_USB_Device_Library/Core/Src/usbd_ioreq.o
                0x0800421c                USBD_CtlSendStatus
 .text.USBD_CtlReceiveStatus
                0x08004234       0x18 Middlewares/ST/STM32_USB_Device_Library/Core/Src/usbd_ioreq.o
                0x08004234                USBD_CtlReceiveStatus
 .text.makeFreeRtosPriority
                0x0800424c        0xc Middlewares/Third_Party/FreeRTOS/Source/CMSIS_RTOS/cmsis_os.o
 .text.osKernelStart
                0x08004258        0xc Middlewares/Third_Party/FreeRTOS/Source/CMSIS_RTOS/cmsis_os.o
                0x08004258                osKernelStart
 .text.osThreadCreate
                0x08004264       0x34 Middlewares/Third_Party/FreeRTOS/Source/CMSIS_RTOS/cmsis_os.o
                0x08004264                osThreadCreate
 .text.osSystickHandler
                0x08004298       0x10 Middlewares/Third_Party/FreeRTOS/Source/CMSIS_RTOS/cmsis_os.o
                0x08004298                osSystickHandler
 .text.vListInitialise
                0x080042a8       0x18 Middlewares/Third_Party/FreeRTOS/Source/list.o
                0x080042a8                vListInitialise
 .text.vListInitialiseItem
                0x080042c0        0x8 Middlewares/Third_Party/FreeRTOS/Source/list.o
                0x080042c0                vListInitialiseItem
 .text.vListInsertEnd
                0x080042c8       0x18 Middlewares/Third_Party/FreeRTOS/Source/list.o
                0x080042c8                vListInsertEnd
 .text.vListInsert
                0x080042e0       0x34 Middlewares/Third_Party/FreeRTOS/Source/list.o
                0x080042e0                vListInsert
 .text.uxListRemove
                0x08004314       0x24 Middlewares/Third_Party/FreeRTOS/Source/list.o
                0x08004314                uxListRemove
 .text.prvIsQueueFull
                0x08004338       0x20 Middlewares/Third_Party/FreeRTOS/Source/queue.o
 .text.prvIsQueueEmpty
                0x08004358       0x1c Middlewares/Third_Party/FreeRTOS/Source/queue.o
 .text.prvCopyDataToQueue
                0x08004374       0x78 Middlewares/Third_Party/FreeRTOS/Source/queue.o
 .text.prvCopyDataFromQueue
                0x080043ec       0x24 Middlewares/Third_Party/FreeRTOS/Source/queue.o
 .text.prvUnlockQueue
                0x08004410       0x68 Middlewares/Third_Party/FreeRTOS/Source/queue.o
 .text.xQueueGenericReset
                0x08004478       0x80 Middlewares/Third_Party/FreeRTOS/Source/queue.o
                0x08004478                xQueueGenericReset
 .text.prvInitialiseNewQueue
                0x080044f8       0x1c Middlewares/Third_Party/FreeRTOS/Source/queue.o
 .text.xQueueGenericCreate
                0x08004514       0x4c Middlewares/Third_Party/FreeRTOS/Source/queue.o
                0x08004514                xQueueGenericCreate
 .text.xQueueGenericSend
                0x08004560      0x190 Middlewares/Third_Party/FreeRTOS/Source/queue.o
                0x08004560                xQueueGenericSend
 .text.prvInitialiseMutex
                0x080046f0       0x18 Middlewares/Third_Party/FreeRTOS/Source/queue.o
 .text.xQueueCreateMutex
                0x08004708       0x18 Middlewares/Third_Party/FreeRTOS/Source/queue.o
                0x08004708                xQueueCreateMutex
 .text.xQueueGenericSendFromISR
                0x08004720       0xe4 Middlewares/Third_Party/FreeRTOS/Source/queue.o
                0x08004720                xQueueGenericSendFromISR
 .text.xQueueGenericReceive
                0x08004804      0x1a0 Middlewares/Third_Party/FreeRTOS/Source/queue.o
                0x08004804                xQueueGenericReceive
 .text.vQueueAddToRegistry
                0x080049a4       0x28 Middlewares/Third_Party/FreeRTOS/Source/queue.o
                0x080049a4                vQueueAddToRegistry
 .text.vQueueWaitForMessageRestricted
                0x080049cc       0x4c Middlewares/Third_Party/FreeRTOS/Source/queue.o
                0x080049cc                vQueueWaitForMessageRestricted
 .text.prvResetNextTaskUnblockTime
                0x08004a18       0x2c Middlewares/Third_Party/FreeRTOS/Source/tasks.o
 .text.prvDeleteTCB
                0x08004a44       0x14 Middlewares/Third_Party/FreeRTOS/Source/tasks.o
 .text.prvInitialiseNewTask
                0x08004a58       0x80 Middlewares/Third_Party/FreeRTOS/Source/tasks.o
 .text.prvInitialiseTaskLists
                0x08004ad8       0x58 Middlewares/Third_Party/FreeRTOS/Source/tasks.o
 .text.prvAddNewTaskToReadyList
                0x08004b30       0xac Middlewares/Third_Party/FreeRTOS/Source/tasks.o
 .text.prvAddCurrentTaskToDelayedList
                0x08004bdc       0x84 Middlewares/Third_Party/FreeRTOS/Source/tasks.o
 .text.xTaskCreate
                0x08004c60       0x64 Middlewares/Third_Party/FreeRTOS/Source/tasks.o
                0x08004c60                xTaskCreate
 .text.vTaskStartScheduler
                0x08004cc4       0x7c Middlewares/Third_Party/FreeRTOS/Source/tasks.o
                0x08004cc4                vTaskStartScheduler
 .text.vTaskSuspendAll
                0x08004d40       0x14 Middlewares/Third_Party/FreeRTOS/Source/tasks.o
                0x08004d40                vTaskSuspendAll
 .text.xTaskGetTickCount
                0x08004d54        0xc Middlewares/Third_Party/FreeRTOS/Source/tasks.o
                0x08004d54                xTaskGetTickCount
 .text.xTaskIncrementTick
                0x08004d60      0x118 Middlewares/Third_Party/FreeRTOS/Source/tasks.o
                0x08004d60                xTaskIncrementTick
 .text.xTaskResumeAll
                0x08004e78       0xf4 Middlewares/Third_Party/FreeRTOS/Source/tasks.o
                0x08004e78                xTaskResumeAll
 .text.vTaskDelay
                0x08004f6c       0x50 Middlewares/Third_Party/FreeRTOS/Source/tasks.o
                0x08004f6c                vTaskDelay
 .text.prvCheckTasksWaitingTermination
                0x08004fbc       0x54 Middlewares/Third_Party/FreeRTOS/Source/tasks.o
 .text.prvIdleTask
                0x08005010       0x28 Middlewares/Third_Party/FreeRTOS/Source/tasks.o
 .text.vTaskSwitchContext
                0x08005038       0x90 Middlewares/Third_Party/FreeRTOS/Source/tasks.o
                0x08005038                vTaskSwitchContext
 .text.vTaskPlaceOnEventList
                0x080050c8       0x34 Middlewares/Third_Party/FreeRTOS/Source/tasks.o
                0x080050c8                vTaskPlaceOnEventList
 .text.vTaskPlaceOnEventListRestricted
                0x080050fc       0x3c Middlewares/Third_Party/FreeRTOS/Source/tasks.o
                0x080050fc                vTaskPlaceOnEventListRestricted
 .text.xTaskRemoveFromEventList
                0x08005138       0x88 Middlewares/Third_Party/FreeRTOS/Source/tasks.o
                0x08005138                xTaskRemoveFromEventList
 .text.vTaskSetTimeOutState
                0x080051c0       0x28 Middlewares/Third_Party/FreeRTOS/Source/tasks.o
                0x080051c0                vTaskSetTimeOutState
 .text.xTaskCheckForTimeOut
                0x080051e8       0x80 Middlewares/Third_Party/FreeRTOS/Source/tasks.o
                0x080051e8                xTaskCheckForTimeOut
 .text.vTaskMissedYield
                0x08005268       0x10 Middlewares/Third_Party/FreeRTOS/Source/tasks.o
                0x08005268                vTaskMissedYield
 .text.xTaskGetSchedulerState
                0x08005278       0x20 Middlewares/Third_Party/FreeRTOS/Source/tasks.o
                0x08005278                xTaskGetSchedulerState
 .text.vTaskPriorityInherit
                0x08005298       0xb4 Middlewares/Third_Party/FreeRTOS/Source/tasks.o
                0x08005298                vTaskPriorityInherit
 .text.xTaskPriorityDisinherit
                0x0800534c       0xb8 Middlewares/Third_Party/FreeRTOS/Source/tasks.o
                0x0800534c                xTaskPriorityDisinherit
 .text.pvTaskIncrementMutexHeldCount
                0x08005404       0x20 Middlewares/Third_Party/FreeRTOS/Source/tasks.o
                0x08005404                pvTaskIncrementMutexHeldCount
 .text.prvGetNextExpireTime
                0x08005424       0x20 Middlewares/Third_Party/FreeRTOS/Source/timers.o
 .text.prvInsertTimerInActiveList
                0x08005444       0x44 Middlewares/Third_Party/FreeRTOS/Source/timers.o
 .text.prvCheckForValidListAndQueue
                0x08005488       0x48 Middlewares/Third_Party/FreeRTOS/Source/timers.o
 .text.xTimerCreateTimerTask
                0x080054d0       0x50 Middlewares/Third_Party/FreeRTOS/Source/timers.o
                0x080054d0                xTimerCreateTimerTask
 .text.xTimerGenericCommand
                0x08005520       0x6c Middlewares/Third_Party/FreeRTOS/Source/timers.o
                0x08005520                xTimerGenericCommand
 .text.prvSwitchTimerLists
                0x0800558c       0x74 Middlewares/Third_Party/FreeRTOS/Source/timers.o
 .text.prvSampleTimeNow
                0x08005600       0x2c Middlewares/Third_Party/FreeRTOS/Source/timers.o
 .text.prvProcessExpiredTimer
                0x0800562c       0x5c Middlewares/Third_Party/FreeRTOS/Source/timers.o
 .text.prvProcessTimerOrBlockTask
                0x08005688       0x70 Middlewares/Third_Party/FreeRTOS/Source/timers.o
 .text.prvProcessReceivedCommands
                0x080056f8       0xbc Middlewares/Third_Party/FreeRTOS/Source/timers.o
 .text.prvTimerTask
                0x080057b4       0x18 Middlewares/Third_Party/FreeRTOS/Source/timers.o
 .text.prvTaskExitError
                0x080057cc       0x34 Middlewares/Third_Party/FreeRTOS/Source/portable/GCC/ARM_CM3/port.o
 .text.prvPortStartFirstTask
                0x08005800       0x20 Middlewares/Third_Party/FreeRTOS/Source/portable/GCC/ARM_CM3/port.o
 .text.pxPortInitialiseStack
                0x08005820       0x24 Middlewares/Third_Party/FreeRTOS/Source/portable/GCC/ARM_CM3/port.o
                0x08005820                pxPortInitialiseStack
 *fill*         0x08005844        0xc 
 .text.SVC_Handler
                0x08005850       0x24 Middlewares/Third_Party/FreeRTOS/Source/portable/GCC/ARM_CM3/port.o
                0x08005850                SVC_Handler
 .text.vPortEnterCritical
                0x08005874       0x44 Middlewares/Third_Party/FreeRTOS/Source/portable/GCC/ARM_CM3/port.o
                0x08005874                vPortEnterCritical
 .text.vPortExitCritical
                0x080058b8       0x2c Middlewares/Third_Party/FreeRTOS/Source/portable/GCC/ARM_CM3/port.o
                0x080058b8                vPortExitCritical
 *fill*         0x080058e4        0xc 
 .text.PendSV_Handler
                0x080058f0       0x44 Middlewares/Third_Party/FreeRTOS/Source/portable/GCC/ARM_CM3/port.o
                0x080058f0                PendSV_Handler
 .text.xPortSysTickHandler
                0x08005934       0x2c Middlewares/Third_Party/FreeRTOS/Source/portable/GCC/ARM_CM3/port.o
                0x08005934                xPortSysTickHandler
 .text.vPortSetupTimerInterrupt
                0x08005960       0x2c Middlewares/Third_Party/FreeRTOS/Source/portable/GCC/ARM_CM3/port.o
                0x08005960                vPortSetupTimerInterrupt
 .text.xPortStartScheduler
                0x0800598c       0x90 Middlewares/Third_Party/FreeRTOS/Source/portable/GCC/ARM_CM3/port.o
                0x0800598c                xPortStartScheduler
 .text.vPortValidateInterruptPriority
                0x08005a1c       0x58 Middlewares/Third_Party/FreeRTOS/Source/portable/GCC/ARM_CM3/port.o
                0x08005a1c                vPortValidateInterruptPriority
 .text.prvHeapInit
                0x08005a74       0x5c Middlewares/Third_Party/FreeRTOS/Source/portable/MemMang/heap_4.o
 .text.prvInsertBlockIntoFreeList
                0x08005ad0       0x58 Middlewares/Third_Party/FreeRTOS/Source/portable/MemMang/heap_4.o
 .text.pvPortMalloc
                0x08005b28      0x10c Middlewares/Third_Party/FreeRTOS/Source/portable/MemMang/heap_4.o
                0x08005b28                pvPortMalloc
 .text.vPortFree
                0x08005c34       0x78 Middlewares/Third_Party/FreeRTOS/Source/portable/MemMang/heap_4.o
                0x08005c34                vPortFree
 .text.communicationInit
                0x08005cac       0x64 Src/communication.o
                0x08005cac                communicationInit
 .text.CommunicationParser
                0x08005d10       0xa0 Src/communication.o
                0x08005d10                CommunicationParser
 .text.CommunicationRecieveTask
                0x08005db0       0x7c Src/communication.o
                0x08005db0                CommunicationRecieveTask
 .text.MX_GPIO_Init
                0x08005e2c       0xd0 Src/main.o
 .text.MX_DMA_Init
                0x08005efc       0x34 Src/main.o
 .text.StartDefaultTask
                0x08005f30       0x80 Src/main.o
                0x08005f30                StartDefaultTask
 .text.HAL_TIM_PeriodElapsedCallback
                0x08005fb0       0x10 Src/main.o
                0x08005fb0                HAL_TIM_PeriodElapsedCallback
 .text._Error_Handler
                0x08005fc0        0x4 Src/main.o
                0x08005fc0                _Error_Handler
 .text.MX_RTC_Init
                0x08005fc4       0xc0 Src/main.o
 .text.MX_ADC_Init
                0x08006084       0x88 Src/main.o
 .text.SystemClock_Config
                0x0800610c       0xb8 Src/main.o
                0x0800610c                SystemClock_Config
 .text.main     0x080061c4       0x48 Src/main.o
                0x080061c4                main
 .text.sim808RecvParser
                0x0800620c        0x4 Src/sim808.o
 .text.sim808RecieveTask
                0x08006210       0x6c Src/sim808.o
                0x08006210                sim808RecieveTask
 .text.MX_USART1_UART_Init
                0x0800627c       0x3c Src/sim808.o
                0x0800627c                MX_USART1_UART_Init
 .text.sim808_sendMsg
                0x080062b8       0x1c Src/sim808.o
                0x080062b8                sim808_sendMsg
 .text.sim808_rx_uartInit
                0x080062d4       0x64 Src/sim808.o
                0x080062d4                sim808_rx_uartInit
 .text.HAL_MspInit
                0x08006338       0xa0 Src/stm32l1xx_hal_msp.o
                0x08006338                HAL_MspInit
 .text.HAL_ADC_MspInit
                0x080063d8       0x94 Src/stm32l1xx_hal_msp.o
                0x080063d8                HAL_ADC_MspInit
 .text.HAL_RTC_MspInit
                0x0800646c       0x28 Src/stm32l1xx_hal_msp.o
                0x0800646c                HAL_RTC_MspInit
 .text.HAL_UART_MspInit
                0x08006494       0x60 Src/stm32l1xx_hal_msp.o
                0x08006494                HAL_UART_MspInit
 .text.HAL_InitTick
                0x080064f4       0x78 Src/stm32l1xx_hal_timebase_TIM.o
                0x080064f4                HAL_InitTick
 .text.NMI_Handler
                0x0800656c        0x4 Src/stm32l1xx_it.o
                0x0800656c                NMI_Handler
 .text.HardFault_Handler
                0x08006570        0x4 Src/stm32l1xx_it.o
                0x08006570                HardFault_Handler
 .text.MemManage_Handler
                0x08006574        0x4 Src/stm32l1xx_it.o
                0x08006574                MemManage_Handler
 .text.BusFault_Handler
                0x08006578        0x4 Src/stm32l1xx_it.o
                0x08006578                BusFault_Handler
 .text.UsageFault_Handler
                0x0800657c        0x4 Src/stm32l1xx_it.o
                0x0800657c                UsageFault_Handler
 .text.DebugMon_Handler
                0x08006580        0x4 Src/stm32l1xx_it.o
                0x08006580                DebugMon_Handler
 .text.SysTick_Handler
                0x08006584        0x8 Src/stm32l1xx_it.o
                0x08006584                SysTick_Handler
 .text.DMA1_Channel1_IRQHandler
                0x0800658c       0x10 Src/stm32l1xx_it.o
                0x0800658c                DMA1_Channel1_IRQHandler
 .text.ADC1_IRQHandler
                0x0800659c       0x10 Src/stm32l1xx_it.o
                0x0800659c                ADC1_IRQHandler
 .text.USB_LP_IRQHandler
                0x080065ac       0x10 Src/stm32l1xx_it.o
                0x080065ac                USB_LP_IRQHandler
 .text.EXTI9_5_IRQHandler
                0x080065bc        0xc Src/stm32l1xx_it.o
                0x080065bc                EXTI9_5_IRQHandler
 .text.TIM2_IRQHandler
                0x080065c8       0x10 Src/stm32l1xx_it.o
                0x080065c8                TIM2_IRQHandler
 .text.USART1_IRQHandler
                0x080065d8       0x1c Src/stm32l1xx_it.o
                0x080065d8                USART1_IRQHandler
 .text.EXTI15_10_IRQHandler
                0x080065f4        0xc Src/stm32l1xx_it.o
                0x080065f4                EXTI15_10_IRQHandler
 .text.SystemInit
                0x08006600       0x48 Src/system_stm32l1xx.o
                0x08006600                SystemInit
 .text.MX_USB_DEVICE_Init
                0x08006648       0x38 Src/usb_device.o
                0x08006648                MX_USB_DEVICE_Init
 .text.CDC_DeInit_FS
                0x08006680        0x4 Src/usbd_cdc_if.o
 .text.CDC_Control_FS
                0x08006684        0x4 Src/usbd_cdc_if.o
 .text.CDC_Receive_FS
                0x08006688       0x78 Src/usbd_cdc_if.o
 .text.CDC_Init_FS
                0x08006700       0x38 Src/usbd_cdc_if.o
 .text.CDC_Transmit_FS
                0x08006738       0x48 Src/usbd_cdc_if.o
                0x08006738                CDC_Transmit_FS
 .text.HAL_PCD_MspInit
                0x08006780       0x40 Src/usbd_conf.o
                0x08006780                HAL_PCD_MspInit
 .text.HAL_PCD_SetupStageCallback
                0x080067c0       0x10 Src/usbd_conf.o
                0x080067c0                HAL_PCD_SetupStageCallback
 .text.HAL_PCD_DataOutStageCallback
                0x080067d0       0x18 Src/usbd_conf.o
                0x080067d0                HAL_PCD_DataOutStageCallback
 .text.HAL_PCD_DataInStageCallback
                0x080067e8       0x18 Src/usbd_conf.o
                0x080067e8                HAL_PCD_DataInStageCallback
 .text.HAL_PCD_SOFCallback
                0x08006800        0xc Src/usbd_conf.o
                0x08006800                HAL_PCD_SOFCallback
 .text.HAL_PCD_ResetCallback
                0x0800680c       0x18 Src/usbd_conf.o
                0x0800680c                HAL_PCD_ResetCallback
 .text.HAL_PCD_SuspendCallback
                0x08006824       0x20 Src/usbd_conf.o
                0x08006824                HAL_PCD_SuspendCallback
 .text.HAL_PCD_ResumeCallback
                0x08006844        0xc Src/usbd_conf.o
                0x08006844                HAL_PCD_ResumeCallback
 .text.USBD_LL_Init
                0x08006850       0x90 Src/usbd_conf.o
                0x08006850                USBD_LL_Init
 .text.USBD_LL_Start
                0x080068e0       0x20 Src/usbd_conf.o
                0x080068e0                USBD_LL_Start
 .text.USBD_LL_OpenEP
                0x08006900       0x24 Src/usbd_conf.o
                0x08006900                USBD_LL_OpenEP
 .text.USBD_LL_CloseEP
                0x08006924       0x20 Src/usbd_conf.o
                0x08006924                USBD_LL_CloseEP
 .text.USBD_LL_StallEP
                0x08006944       0x20 Src/usbd_conf.o
                0x08006944                USBD_LL_StallEP
 .text.USBD_LL_ClearStallEP
                0x08006964       0x20 Src/usbd_conf.o
                0x08006964                USBD_LL_ClearStallEP
 .text.USBD_LL_IsStallEP
                0x08006984       0x30 Src/usbd_conf.o
                0x08006984                USBD_LL_IsStallEP
 .text.USBD_LL_SetUSBAddress
                0x080069b4       0x20 Src/usbd_conf.o
                0x080069b4                USBD_LL_SetUSBAddress
 .text.USBD_LL_Transmit
                0x080069d4       0x20 Src/usbd_conf.o
                0x080069d4                USBD_LL_Transmit
 .text.USBD_LL_PrepareReceive
                0x080069f4       0x20 Src/usbd_conf.o
                0x080069f4                USBD_LL_PrepareReceive
 .text.USBD_LL_GetRxDataSize
                0x08006a14        0xc Src/usbd_conf.o
                0x08006a14                USBD_LL_GetRxDataSize
 .text.USBD_static_malloc
                0x08006a20        0x8 Src/usbd_conf.o
                0x08006a20                USBD_static_malloc
 .text.USBD_static_free
                0x08006a28        0x4 Src/usbd_conf.o
                0x08006a28                USBD_static_free
 .text.HAL_PCDEx_SetConnectionState
                0x08006a2c       0x20 Src/usbd_conf.o
                0x08006a2c                HAL_PCDEx_SetConnectionState
 .text.USBD_FS_DeviceDescriptor
                0x08006a4c        0xc Src/usbd_desc.o
                0x08006a4c                USBD_FS_DeviceDescriptor
 .text.USBD_FS_LangIDStrDescriptor
                0x08006a58        0xc Src/usbd_desc.o
                0x08006a58                USBD_FS_LangIDStrDescriptor
 .text.USBD_FS_ProductStrDescriptor
                0x08006a64       0x24 Src/usbd_desc.o
                0x08006a64                USBD_FS_ProductStrDescriptor
 .text.USBD_FS_ManufacturerStrDescriptor
                0x08006a88       0x1c Src/usbd_desc.o
                0x08006a88                USBD_FS_ManufacturerStrDescriptor
 .text.USBD_FS_SerialStrDescriptor
                0x08006aa4       0x24 Src/usbd_desc.o
                0x08006aa4                USBD_FS_SerialStrDescriptor
 .text.USBD_FS_ConfigStrDescriptor
                0x08006ac8       0x24 Src/usbd_desc.o
                0x08006ac8                USBD_FS_ConfigStrDescriptor
 .text.USBD_FS_InterfaceStrDescriptor
                0x08006aec       0x24 Src/usbd_desc.o
                0x08006aec                USBD_FS_InterfaceStrDescriptor
 .text.Reset_Handler
                0x08006b10       0x48 startup/startup_stm32l151xc.o
                0x08006b10                Reset_Handler
 .text.Default_Handler
                0x08006b58        0x2 startup/startup_stm32l151xc.o
                0x08006b58                RTC_Alarm_IRQHandler
                0x08006b58                EXTI2_IRQHandler
                0x08006b58                COMP_ACQ_IRQHandler
                0x08006b58                TIM10_IRQHandler
                0x08006b58                USB_HP_IRQHandler
                0x08006b58                TIM6_IRQHandler
                0x08006b58                PVD_IRQHandler
                0x08006b58                EXTI3_IRQHandler
                0x08006b58                EXTI0_IRQHandler
                0x08006b58                I2C2_EV_IRQHandler
                0x08006b58                SPI1_IRQHandler
                0x08006b58                USB_FS_WKUP_IRQHandler
                0x08006b58                DMA2_Channel2_IRQHandler
                0x08006b58                DMA1_Channel4_IRQHandler
                0x08006b58                USART3_IRQHandler
                0x08006b58                DMA1_Channel7_IRQHandler
                0x08006b58                TIM4_IRQHandler
                0x08006b58                DMA2_Channel1_IRQHandler
                0x08006b58                I2C1_EV_IRQHandler
                0x08006b58                DMA1_Channel6_IRQHandler
                0x08006b58                DMA2_Channel4_IRQHandler
                0x08006b58                TIM3_IRQHandler
                0x08006b58                RCC_IRQHandler
                0x08006b58                Default_Handler
                0x08006b58                TIM7_IRQHandler
                0x08006b58                TIM5_IRQHandler
                0x08006b58                TIM9_IRQHandler
                0x08006b58                TAMPER_STAMP_IRQHandler
                0x08006b58                RTC_WKUP_IRQHandler
                0x08006b58                SPI2_IRQHandler
                0x08006b58                DMA2_Channel5_IRQHandler
                0x08006b58                DMA1_Channel5_IRQHandler
                0x08006b58                EXTI4_IRQHandler
                0x08006b58                DMA1_Channel3_IRQHandler
                0x08006b58                COMP_IRQHandler
                0x08006b58                WWDG_IRQHandler
                0x08006b58                DAC_IRQHandler
                0x08006b58                EXTI1_IRQHandler
                0x08006b58                TIM11_IRQHandler
                0x08006b58                USART2_IRQHandler
                0x08006b58                I2C2_ER_IRQHandler
                0x08006b58                DMA1_Channel2_IRQHandler
                0x08006b58                FLASH_IRQHandler
                0x08006b58                SPI3_IRQHandler
                0x08006b58                I2C1_ER_IRQHandler
                0x08006b58                DMA2_Channel3_IRQHandler
 *fill*         0x08006b5a        0x2 
 .text.__libc_init_array
                0x08006b5c       0x4c c:/ac6/systemworkbench/plugins/fr.ac6.mcu.externaltools.arm-none.win32_1.13.3.201707031232/tools/compiler/bin/../lib/gcc/arm-none-eabi/5.4.1/../../../../arm-none-eabi/lib/armv7-m\libc_nano.a(lib_a-init.o)
                0x08006b5c                __libc_init_array
 .text.memcpy   0x08006ba8       0x16 c:/ac6/systemworkbench/plugins/fr.ac6.mcu.externaltools.arm-none.win32_1.13.3.201707031232/tools/compiler/bin/../lib/gcc/arm-none-eabi/5.4.1/../../../../arm-none-eabi/lib/armv7-m\libc_nano.a(lib_a-memcpy-stub.o)
                0x08006ba8                memcpy
 .text.strncpy  0x08006bbe       0x26 c:/ac6/systemworkbench/plugins/fr.ac6.mcu.externaltools.arm-none.win32_1.13.3.201707031232/tools/compiler/bin/../lib/gcc/arm-none-eabi/5.4.1/../../../../arm-none-eabi/lib/armv7-m\libc_nano.a(lib_a-strncpy.o)
                0x08006bbe                strncpy
 .text.strtok   0x08006be4       0x64 c:/ac6/systemworkbench/plugins/fr.ac6.mcu.externaltools.arm-none.win32_1.13.3.201707031232/tools/compiler/bin/../lib/gcc/arm-none-eabi/5.4.1/../../../../arm-none-eabi/lib/armv7-m\libc_nano.a(lib_a-strtok.o)
                0x08006be4                strtok
 .text.__strtok_r
                0x08006c48       0x56 c:/ac6/systemworkbench/plugins/fr.ac6.mcu.externaltools.arm-none.win32_1.13.3.201707031232/tools/compiler/bin/../lib/gcc/arm-none-eabi/5.4.1/../../../../arm-none-eabi/lib/armv7-m\libc_nano.a(lib_a-strtok_r.o)
                0x08006c48                __strtok_r
 *fill*         0x08006c9e        0x2 
 .text.malloc   0x08006ca0       0x10 c:/ac6/systemworkbench/plugins/fr.ac6.mcu.externaltools.arm-none.win32_1.13.3.201707031232/tools/compiler/bin/../lib/gcc/arm-none-eabi/5.4.1/../../../../arm-none-eabi/lib/armv7-m\libc_nano.a(lib_a-malloc.o)
                0x08006ca0                malloc
 .text._malloc_r
                0x08006cb0       0xbc c:/ac6/systemworkbench/plugins/fr.ac6.mcu.externaltools.arm-none.win32_1.13.3.201707031232/tools/compiler/bin/../lib/gcc/arm-none-eabi/5.4.1/../../../../arm-none-eabi/lib/armv7-m\libc_nano.a(lib_a-nano-mallocr.o)
                0x08006cb0                _malloc_r
 .text._sbrk_r  0x08006d6c       0x20 c:/ac6/systemworkbench/plugins/fr.ac6.mcu.externaltools.arm-none.win32_1.13.3.201707031232/tools/compiler/bin/../lib/gcc/arm-none-eabi/5.4.1/../../../../arm-none-eabi/lib/armv7-m\libc_nano.a(lib_a-sbrkr.o)
                0x08006d6c                _sbrk_r
 .text.__malloc_lock
                0x08006d8c        0x2 c:/ac6/systemworkbench/plugins/fr.ac6.mcu.externaltools.arm-none.win32_1.13.3.201707031232/tools/compiler/bin/../lib/gcc/arm-none-eabi/5.4.1/../../../../arm-none-eabi/lib/armv7-m\libc_nano.a(lib_a-mlock.o)
                0x08006d8c                __malloc_lock
 .text.__malloc_unlock
                0x08006d8e        0x2 c:/ac6/systemworkbench/plugins/fr.ac6.mcu.externaltools.arm-none.win32_1.13.3.201707031232/tools/compiler/bin/../lib/gcc/arm-none-eabi/5.4.1/../../../../arm-none-eabi/lib/armv7-m\libc_nano.a(lib_a-mlock.o)
                0x08006d8e                __malloc_unlock
 .text._sbrk    0x08006d90       0x1c c:/ac6/systemworkbench/plugins/fr.ac6.mcu.externaltools.arm-none.win32_1.13.3.201707031232/tools/compiler/bin/../lib/gcc/arm-none-eabi/5.4.1/../../../../arm-none-eabi/lib/armv7-m\libnosys.a(sbrk.o)
                0x08006d90                _sbrk
 *(.glue_7)
 .glue_7        0x08006dac        0x0 linker stubs
 *(.glue_7t)
 .glue_7t       0x08006dac        0x0 linker stubs
 *(.eh_frame)
 .eh_frame      0x08006dac        0x0 c:/ac6/systemworkbench/plugins/fr.ac6.mcu.externaltools.arm-none.win32_1.13.3.201707031232/tools/compiler/bin/../lib/gcc/arm-none-eabi/5.4.1/armv7-m/crtbegin.o
 *(.init)
 .init          0x08006dac        0x4 c:/ac6/systemworkbench/plugins/fr.ac6.mcu.externaltools.arm-none.win32_1.13.3.201707031232/tools/compiler/bin/../lib/gcc/arm-none-eabi/5.4.1/armv7-m/crti.o
                0x08006dac                _init
 .init          0x08006db0        0x8 c:/ac6/systemworkbench/plugins/fr.ac6.mcu.externaltools.arm-none.win32_1.13.3.201707031232/tools/compiler/bin/../lib/gcc/arm-none-eabi/5.4.1/armv7-m/crtn.o
 *(.fini)
 .fini          0x08006db8        0x4 c:/ac6/systemworkbench/plugins/fr.ac6.mcu.externaltools.arm-none.win32_1.13.3.201707031232/tools/compiler/bin/../lib/gcc/arm-none-eabi/5.4.1/armv7-m/crti.o
                0x08006db8                _fini
 .fini          0x08006dbc        0x8 c:/ac6/systemworkbench/plugins/fr.ac6.mcu.externaltools.arm-none.win32_1.13.3.201707031232/tools/compiler/bin/../lib/gcc/arm-none-eabi/5.4.1/armv7-m/crtn.o
                0x08006dc4                . = ALIGN (0x4)
                0x08006dc4                _etext = .

.vfp11_veneer   0x08006dc4        0x0
 .vfp11_veneer  0x08006dc4        0x0 linker stubs

.v4_bx          0x08006dc4        0x0
 .v4_bx         0x08006dc4        0x0 linker stubs

.iplt           0x08006dc4        0x0
 .iplt          0x08006dc4        0x0 c:/ac6/systemworkbench/plugins/fr.ac6.mcu.externaltools.arm-none.win32_1.13.3.201707031232/tools/compiler/bin/../lib/gcc/arm-none-eabi/5.4.1/armv7-m/crtbegin.o

.rodata         0x08006dc4      0x1b4
                0x08006dc4                . = ALIGN (0x4)
 *(.rodata)
 .rodata        0x08006dc4       0x14 Src/main.o
 .rodata        0x08006dd8       0x24 Src/system_stm32l1xx.o
                0x08006dd8                PLLMulTable
                0x08006de4                AHBPrescTable
                0x08006df4                APBPrescTable
 *(.rodata*)
 .rodata.str1.4
                0x08006dfc        0x5 Middlewares/Third_Party/FreeRTOS/Source/tasks.o
 *fill*         0x08006e01        0x3 
 .rodata.str1.4
                0x08006e04       0x10 Middlewares/Third_Party/FreeRTOS/Source/timers.o
 .rodata.str1.4
                0x08006e14       0x67 Src/communication.o
 *fill*         0x08006e7b        0x1 
 .rodata.str1.4
                0x08006e7c       0x54 Src/main.o
 .rodata.str1.4
                0x08006ed0       0x1e Src/sim808.o
                                 0x3e (size before relaxing)
 *fill*         0x08006eee        0x2 
 .rodata.str1.4
                0x08006ef0       0x1b Src/stm32l1xx_hal_msp.o
 *fill*         0x08006f0b        0x1 
 .rodata.str1.4
                0x08006f0c       0x13 Src/usbd_conf.o
 *fill*         0x08006f1f        0x1 
 .rodata.str1.4
                0x08006f20       0x58 Src/usbd_desc.o
                                 0x56 (size before relaxing)
                0x08006f78                . = ALIGN (0x4)

.rel.dyn        0x08006f78        0x0
 .rel.iplt      0x08006f78        0x0 c:/ac6/systemworkbench/plugins/fr.ac6.mcu.externaltools.arm-none.win32_1.13.3.201707031232/tools/compiler/bin/../lib/gcc/arm-none-eabi/5.4.1/armv7-m/crtbegin.o

.ARM.extab
 *(.ARM.extab* .gnu.linkonce.armextab.*)

.ARM            0x08006f78        0x0
                0x08006f78                __exidx_start = .
 *(.ARM.exidx*)
                0x08006f78                __exidx_end = .

.preinit_array  0x08006f78        0x0
                0x08006f78                PROVIDE (__preinit_array_start, .)
 *(.preinit_array*)
                0x08006f78                PROVIDE (__preinit_array_end, .)

.init_array     0x08006f78        0x4
                0x08006f78                PROVIDE (__init_array_start, .)
 *(SORT(.init_array.*))
 *(.init_array*)
 .init_array    0x08006f78        0x4 c:/ac6/systemworkbench/plugins/fr.ac6.mcu.externaltools.arm-none.win32_1.13.3.201707031232/tools/compiler/bin/../lib/gcc/arm-none-eabi/5.4.1/armv7-m/crtbegin.o
                0x08006f7c                PROVIDE (__init_array_end, .)

.fini_array     0x08006f7c        0x4
                [!provide]                PROVIDE (__fini_array_start, .)
 *(SORT(.fini_array.*))
 *(.fini_array*)
 .fini_array    0x08006f7c        0x4 c:/ac6/systemworkbench/plugins/fr.ac6.mcu.externaltools.arm-none.win32_1.13.3.201707031232/tools/compiler/bin/../lib/gcc/arm-none-eabi/5.4.1/armv7-m/crtbegin.o
                [!provide]                PROVIDE (__fini_array_end, .)
                0x08006f80                _sidata = LOADADDR (.data)

.data           0x20000000      0x1c0 load address 0x08006f80
                0x20000000                . = ALIGN (0x4)
                0x20000000                _sdata = .
 *(.data)
 .data          0x20000000      0x110 Middlewares/ST/STM32_USB_Device_Library/Class/CDC/Src/usbd_cdc.o
                0x20000000                USBD_CDC_CfgFSDesc
                0x20000044                USBD_CDC_CfgHSDesc
                0x20000088                USBD_CDC_OtherSpeedCfgDesc
                0x200000d8                USBD_CDC
 .data          0x20000110        0x4 Middlewares/Third_Party/FreeRTOS/Source/portable/GCC/ARM_CM3/port.o
 .data          0x20000114        0x4 Src/system_stm32l1xx.o
                0x20000114                SystemCoreClock
 .data          0x20000118       0x10 Src/usbd_cdc_if.o
                0x20000118                USBD_Interface_fops_FS
 .data          0x20000128       0x34 Src/usbd_desc.o
                0x20000128                USBD_FS_DeviceDesc
                0x2000013c                USBD_LangIDDesc
                0x20000140                FS_Desc
 *(.data*)
 .data.impure_data
                0x2000015c       0x60 c:/ac6/systemworkbench/plugins/fr.ac6.mcu.externaltools.arm-none.win32_1.13.3.201707031232/tools/compiler/bin/../lib/gcc/arm-none-eabi/5.4.1/../../../../arm-none-eabi/lib/armv7-m\libc_nano.a(lib_a-impure.o)
 .data._impure_ptr
                0x200001bc        0x4 c:/ac6/systemworkbench/plugins/fr.ac6.mcu.externaltools.arm-none.win32_1.13.3.201707031232/tools/compiler/bin/../lib/gcc/arm-none-eabi/5.4.1/../../../../arm-none-eabi/lib/armv7-m\libc_nano.a(lib_a-impure.o)
                0x200001bc                _impure_ptr
                0x200001c0                . = ALIGN (0x4)
                0x200001c0                _edata = .

.jcr            0x200001c0        0x0 load address 0x08007140
 .jcr           0x200001c0        0x0 c:/ac6/systemworkbench/plugins/fr.ac6.mcu.externaltools.arm-none.win32_1.13.3.201707031232/tools/compiler/bin/../lib/gcc/arm-none-eabi/5.4.1/armv7-m/crtbegin.o

.igot.plt       0x200001c0        0x0 load address 0x08007140
 .igot.plt      0x200001c0        0x0 c:/ac6/systemworkbench/plugins/fr.ac6.mcu.externaltools.arm-none.win32_1.13.3.201707031232/tools/compiler/bin/../lib/gcc/arm-none-eabi/5.4.1/armv7-m/crtbegin.o
                0x200001c0                . = ALIGN (0x4)

.bss            0x200001c0     0x3480 load address 0x08007140
                0x200001c0                _sbss = .
                0x200001c0                __bss_start__ = _sbss
 *(.bss)
 .bss           0x200001c0       0x1c c:/ac6/systemworkbench/plugins/fr.ac6.mcu.externaltools.arm-none.win32_1.13.3.201707031232/tools/compiler/bin/../lib/gcc/arm-none-eabi/5.4.1/armv7-m/crtbegin.o
 .bss           0x200001dc        0x1 Middlewares/ST/STM32_USB_Device_Library/Class/CDC/Src/usbd_cdc.o
 .bss           0x200001dd        0x1 Middlewares/ST/STM32_USB_Device_Library/Core/Src/usbd_ctlreq.o
 *fill*         0x200001de        0x2 
 .bss           0x200001e0      0x168 Middlewares/Third_Party/FreeRTOS/Source/tasks.o
                0x2000031c                pxCurrentTCB
 .bss           0x20000348       0x3c Middlewares/Third_Party/FreeRTOS/Source/timers.o
 .bss           0x20000384        0x8 Middlewares/Third_Party/FreeRTOS/Source/portable/GCC/ARM_CM3/port.o
 .bss           0x2000038c     0x26c4 Middlewares/Third_Party/FreeRTOS/Source/portable/MemMang/heap_4.o
 .bss           0x20002a50      0x220 Src/usbd_conf.o
 *(.bss*)
 .bss.__malloc_sbrk_start
                0x20002c70        0x4 c:/ac6/systemworkbench/plugins/fr.ac6.mcu.externaltools.arm-none.win32_1.13.3.201707031232/tools/compiler/bin/../lib/gcc/arm-none-eabi/5.4.1/../../../../arm-none-eabi/lib/armv7-m\libc_nano.a(lib_a-nano-mallocr.o)
                0x20002c70                __malloc_sbrk_start
 .bss.__malloc_free_list
                0x20002c74        0x4 c:/ac6/systemworkbench/plugins/fr.ac6.mcu.externaltools.arm-none.win32_1.13.3.201707031232/tools/compiler/bin/../lib/gcc/arm-none-eabi/5.4.1/../../../../arm-none-eabi/lib/armv7-m\libc_nano.a(lib_a-nano-mallocr.o)
                0x20002c74                __malloc_free_list
 .bss.heap_end.4167
                0x20002c78        0x4 c:/ac6/systemworkbench/plugins/fr.ac6.mcu.externaltools.arm-none.win32_1.13.3.201707031232/tools/compiler/bin/../lib/gcc/arm-none-eabi/5.4.1/../../../../arm-none-eabi/lib/armv7-m\libnosys.a(sbrk.o)
 *(COMMON)
 COMMON         0x20002c7c        0x4 Drivers/STM32L1xx_HAL_Driver/Src/stm32l1xx_hal.o
                0x20002c7c                uwTick
 COMMON         0x20002c80       0x40 Middlewares/Third_Party/FreeRTOS/Source/queue.o
                0x20002c80                xQueueRegistry
 COMMON         0x20002cc0       0x70 Src/communication.o
                0x20002cc0                inputQueue
                0x20002cc4                recieveTaskHandle
                0x20002cc8                communicationMessageRecieve
                0x20002d2c                CDCMutex
 COMMON         0x20002d30      0x120 Src/main.o
                0x20002d30                defaultTaskHandle
                0x20002d34                hrtc
                0x20002d54                sim808MessageRecieve
                0x20002db8                hdma_adc
                0x20002dfc                hadc
 COMMON         0x20002e50       0x40 Src/sim808.o
                0x20002e50                huart1
 COMMON         0x20002e90       0x38 Src/stm32l1xx_hal_timebase_TIM.o
                0x20002e90                htim2
 COMMON         0x20002ec8      0x224 Src/usb_device.o
                0x20002ec8                hUsbDeviceFS
 COMMON         0x200030ec      0x130 Src/usbd_cdc_if.o
                0x200030ec                UserRxBufferFS
                0x20003150                UserTxBufferFS
                0x200031b4                newMessage
                0x20003218                newMessageCounter
 COMMON         0x2000321c      0x220 Src/usbd_conf.o
                0x2000321c                hpcd_USB_FS
 COMMON         0x2000343c      0x200 Src/usbd_desc.o
                0x2000343c                USBD_StrDesc
 COMMON         0x2000363c        0x4 c:/ac6/systemworkbench/plugins/fr.ac6.mcu.externaltools.arm-none.win32_1.13.3.201707031232/tools/compiler/bin/../lib/gcc/arm-none-eabi/5.4.1/../../../../arm-none-eabi/lib/armv7-m\libc_nano.a(lib_a-reent.o)
                0x2000363c                errno
                0x20003640                . = ALIGN (0x4)
                0x20003640                _ebss = .
                0x20003640                __bss_end__ = _ebss

._user_heap_stack
                0x20003640      0x600 load address 0x08007140
                0x20003640                . = ALIGN (0x8)
                0x20003640                PROVIDE (end, .)
                [!provide]                PROVIDE (_end, .)
                0x20003840                . = (. + _Min_Heap_Size)
 *fill*         0x20003640      0x200 
                0x20003c40                . = (. + _Min_Stack_Size)
 *fill*         0x20003840      0x400 
                0x20003c40                . = ALIGN (0x8)

/DISCARD/
 libc.a(*)
 libm.a(*)
 libgcc.a(*)

.ARM.attributes
                0x00000000       0x29
 *(.ARM.attributes)
 .ARM.attributes
                0x00000000       0x1d c:/ac6/systemworkbench/plugins/fr.ac6.mcu.externaltools.arm-none.win32_1.13.3.201707031232/tools/compiler/bin/../lib/gcc/arm-none-eabi/5.4.1/armv7-m/crti.o
 .ARM.attributes
                0x0000001d       0x2d c:/ac6/systemworkbench/plugins/fr.ac6.mcu.externaltools.arm-none.win32_1.13.3.201707031232/tools/compiler/bin/../lib/gcc/arm-none-eabi/5.4.1/armv7-m/crtbegin.o
 .ARM.attributes
                0x0000004a       0x33 Drivers/STM32L1xx_HAL_Driver/Src/stm32l1xx_hal.o
 .ARM.attributes
                0x0000007d       0x33 Drivers/STM32L1xx_HAL_Driver/Src/stm32l1xx_hal_adc.o
 .ARM.attributes
                0x000000b0       0x33 Drivers/STM32L1xx_HAL_Driver/Src/stm32l1xx_hal_adc_ex.o
 .ARM.attributes
                0x000000e3       0x33 Drivers/STM32L1xx_HAL_Driver/Src/stm32l1xx_hal_cortex.o
 .ARM.attributes
                0x00000116       0x33 Drivers/STM32L1xx_HAL_Driver/Src/stm32l1xx_hal_dma.o
 .ARM.attributes
                0x00000149       0x33 Drivers/STM32L1xx_HAL_Driver/Src/stm32l1xx_hal_gpio.o
 .ARM.attributes
                0x0000017c       0x33 Drivers/STM32L1xx_HAL_Driver/Src/stm32l1xx_hal_pcd.o
 .ARM.attributes
                0x000001af       0x33 Drivers/STM32L1xx_HAL_Driver/Src/stm32l1xx_hal_pcd_ex.o
 .ARM.attributes
                0x000001e2       0x33 Drivers/STM32L1xx_HAL_Driver/Src/stm32l1xx_hal_rcc.o
 .ARM.attributes
                0x00000215       0x33 Drivers/STM32L1xx_HAL_Driver/Src/stm32l1xx_hal_rcc_ex.o
 .ARM.attributes
                0x00000248       0x33 Drivers/STM32L1xx_HAL_Driver/Src/stm32l1xx_hal_rtc.o
 .ARM.attributes
                0x0000027b       0x33 Drivers/STM32L1xx_HAL_Driver/Src/stm32l1xx_hal_rtc_ex.o
 .ARM.attributes
                0x000002ae       0x33 Drivers/STM32L1xx_HAL_Driver/Src/stm32l1xx_hal_tim.o
 .ARM.attributes
                0x000002e1       0x33 Drivers/STM32L1xx_HAL_Driver/Src/stm32l1xx_hal_uart.o
 .ARM.attributes
                0x00000314       0x33 Middlewares/ST/STM32_USB_Device_Library/Class/CDC/Src/usbd_cdc.o
 .ARM.attributes
                0x00000347       0x33 Middlewares/ST/STM32_USB_Device_Library/Core/Src/usbd_core.o
 .ARM.attributes
                0x0000037a       0x33 Middlewares/ST/STM32_USB_Device_Library/Core/Src/usbd_ctlreq.o
 .ARM.attributes
                0x000003ad       0x33 Middlewares/ST/STM32_USB_Device_Library/Core/Src/usbd_ioreq.o
 .ARM.attributes
                0x000003e0       0x33 Middlewares/Third_Party/FreeRTOS/Source/CMSIS_RTOS/cmsis_os.o
 .ARM.attributes
                0x00000413       0x33 Middlewares/Third_Party/FreeRTOS/Source/list.o
 .ARM.attributes
                0x00000446       0x33 Middlewares/Third_Party/FreeRTOS/Source/queue.o
 .ARM.attributes
                0x00000479       0x33 Middlewares/Third_Party/FreeRTOS/Source/tasks.o
 .ARM.attributes
                0x000004ac       0x33 Middlewares/Third_Party/FreeRTOS/Source/timers.o
 .ARM.attributes
                0x000004df       0x33 Middlewares/Third_Party/FreeRTOS/Source/portable/GCC/ARM_CM3/port.o
 .ARM.attributes
                0x00000512       0x33 Middlewares/Third_Party/FreeRTOS/Source/portable/MemMang/heap_4.o
 .ARM.attributes
                0x00000545       0x33 Src/communication.o
 .ARM.attributes
                0x00000578       0x33 Src/main.o
 .ARM.attributes
                0x000005ab       0x33 Src/sim808.o
 .ARM.attributes
                0x000005de       0x33 Src/stm32l1xx_hal_msp.o
 .ARM.attributes
                0x00000611       0x33 Src/stm32l1xx_hal_timebase_TIM.o
 .ARM.attributes
                0x00000644       0x33 Src/stm32l1xx_it.o
 .ARM.attributes
                0x00000677       0x33 Src/system_stm32l1xx.o
 .ARM.attributes
                0x000006aa       0x33 Src/usb_device.o
 .ARM.attributes
                0x000006dd       0x33 Src/usbd_cdc_if.o
 .ARM.attributes
                0x00000710       0x33 Src/usbd_conf.o
 .ARM.attributes
                0x00000743       0x33 Src/usbd_desc.o
 .ARM.attributes
                0x00000776       0x21 startup/startup_stm32l151xc.o
 .ARM.attributes
                0x00000797       0x2d c:/ac6/systemworkbench/plugins/fr.ac6.mcu.externaltools.arm-none.win32_1.13.3.201707031232/tools/compiler/bin/../lib/gcc/arm-none-eabi/5.4.1/../../../../arm-none-eabi/lib/armv7-m\libc_nano.a(lib_a-impure.o)
 .ARM.attributes
                0x000007c4       0x2d c:/ac6/systemworkbench/plugins/fr.ac6.mcu.externaltools.arm-none.win32_1.13.3.201707031232/tools/compiler/bin/../lib/gcc/arm-none-eabi/5.4.1/../../../../arm-none-eabi/lib/armv7-m\libc_nano.a(lib_a-init.o)
 .ARM.attributes
                0x000007f1       0x2d c:/ac6/systemworkbench/plugins/fr.ac6.mcu.externaltools.arm-none.win32_1.13.3.201707031232/tools/compiler/bin/../lib/gcc/arm-none-eabi/5.4.1/../../../../arm-none-eabi/lib/armv7-m\libc_nano.a(lib_a-memcpy-stub.o)
 .ARM.attributes
                0x0000081e       0x1b c:/ac6/systemworkbench/plugins/fr.ac6.mcu.externaltools.arm-none.win32_1.13.3.201707031232/tools/compiler/bin/../lib/gcc/arm-none-eabi/5.4.1/../../../../arm-none-eabi/lib/armv7-m\libc_nano.a(lib_a-strcmp.o)
 .ARM.attributes
                0x00000839       0x17 c:/ac6/systemworkbench/plugins/fr.ac6.mcu.externaltools.arm-none.win32_1.13.3.201707031232/tools/compiler/bin/../lib/gcc/arm-none-eabi/5.4.1/../../../../arm-none-eabi/lib/armv7-m\libc_nano.a(lib_a-strlen.o)
 .ARM.attributes
                0x00000850       0x2d c:/ac6/systemworkbench/plugins/fr.ac6.mcu.externaltools.arm-none.win32_1.13.3.201707031232/tools/compiler/bin/../lib/gcc/arm-none-eabi/5.4.1/../../../../arm-none-eabi/lib/armv7-m\libc_nano.a(lib_a-strncpy.o)
 .ARM.attributes
                0x0000087d       0x2d c:/ac6/systemworkbench/plugins/fr.ac6.mcu.externaltools.arm-none.win32_1.13.3.201707031232/tools/compiler/bin/../lib/gcc/arm-none-eabi/5.4.1/../../../../arm-none-eabi/lib/armv7-m\libc_nano.a(lib_a-strtok.o)
 .ARM.attributes
                0x000008aa       0x2d c:/ac6/systemworkbench/plugins/fr.ac6.mcu.externaltools.arm-none.win32_1.13.3.201707031232/tools/compiler/bin/../lib/gcc/arm-none-eabi/5.4.1/../../../../arm-none-eabi/lib/armv7-m\libc_nano.a(lib_a-strtok_r.o)
 .ARM.attributes
                0x000008d7       0x2d c:/ac6/systemworkbench/plugins/fr.ac6.mcu.externaltools.arm-none.win32_1.13.3.201707031232/tools/compiler/bin/../lib/gcc/arm-none-eabi/5.4.1/../../../../arm-none-eabi/lib/armv7-m\libc_nano.a(lib_a-malloc.o)
 .ARM.attributes
                0x00000904       0x2d c:/ac6/systemworkbench/plugins/fr.ac6.mcu.externaltools.arm-none.win32_1.13.3.201707031232/tools/compiler/bin/../lib/gcc/arm-none-eabi/5.4.1/../../../../arm-none-eabi/lib/armv7-m\libc_nano.a(lib_a-nano-mallocr.o)
 .ARM.attributes
                0x00000931       0x2d c:/ac6/systemworkbench/plugins/fr.ac6.mcu.externaltools.arm-none.win32_1.13.3.201707031232/tools/compiler/bin/../lib/gcc/arm-none-eabi/5.4.1/../../../../arm-none-eabi/lib/armv7-m\libc_nano.a(lib_a-sbrkr.o)
 .ARM.attributes
                0x0000095e       0x2d c:/ac6/systemworkbench/plugins/fr.ac6.mcu.externaltools.arm-none.win32_1.13.3.201707031232/tools/compiler/bin/../lib/gcc/arm-none-eabi/5.4.1/../../../../arm-none-eabi/lib/armv7-m\libc_nano.a(lib_a-mlock.o)
 .ARM.attributes
                0x0000098b       0x2d c:/ac6/systemworkbench/plugins/fr.ac6.mcu.externaltools.arm-none.win32_1.13.3.201707031232/tools/compiler/bin/../lib/gcc/arm-none-eabi/5.4.1/../../../../arm-none-eabi/lib/armv7-m\libc_nano.a(lib_a-reent.o)
 .ARM.attributes
                0x000009b8       0x2d c:/ac6/systemworkbench/plugins/fr.ac6.mcu.externaltools.arm-none.win32_1.13.3.201707031232/tools/compiler/bin/../lib/gcc/arm-none-eabi/5.4.1/../../../../arm-none-eabi/lib/armv7-m\libnosys.a(sbrk.o)
 .ARM.attributes
                0x000009e5       0x1d c:/ac6/systemworkbench/plugins/fr.ac6.mcu.externaltools.arm-none.win32_1.13.3.201707031232/tools/compiler/bin/../lib/gcc/arm-none-eabi/5.4.1/armv7-m/crtn.o
OUTPUT(beeSmart.elf elf32-littlearm)

.debug_info     0x00000000    0x1fa07
 .debug_info    0x00000000      0x633 Drivers/STM32L1xx_HAL_Driver/Src/stm32l1xx_hal.o
 .debug_info    0x00000633     0x101d Drivers/STM32L1xx_HAL_Driver/Src/stm32l1xx_hal_adc.o
 .debug_info    0x00001650      0x966 Drivers/STM32L1xx_HAL_Driver/Src/stm32l1xx_hal_adc_ex.o
 .debug_info    0x00001fb6      0xe6a Drivers/STM32L1xx_HAL_Driver/Src/stm32l1xx_hal_cortex.o
 .debug_info    0x00002e20      0x7c5 Drivers/STM32L1xx_HAL_Driver/Src/stm32l1xx_hal_dma.o
 .debug_info    0x000035e5      0x608 Drivers/STM32L1xx_HAL_Driver/Src/stm32l1xx_hal_gpio.o
 .debug_info    0x00003bed     0x13a1 Drivers/STM32L1xx_HAL_Driver/Src/stm32l1xx_hal_pcd.o
 .debug_info    0x00004f8e      0x54b Drivers/STM32L1xx_HAL_Driver/Src/stm32l1xx_hal_pcd_ex.o
 .debug_info    0x000054d9     0x16ac Drivers/STM32L1xx_HAL_Driver/Src/stm32l1xx_hal_rcc.o
 .debug_info    0x00006b85      0x5ea Drivers/STM32L1xx_HAL_Driver/Src/stm32l1xx_hal_rcc_ex.o
 .debug_info    0x0000716f      0xadb Drivers/STM32L1xx_HAL_Driver/Src/stm32l1xx_hal_rtc.o
 .debug_info    0x00007c4a     0x1591 Drivers/STM32L1xx_HAL_Driver/Src/stm32l1xx_hal_rtc_ex.o
 .debug_info    0x000091db     0x2d0d Drivers/STM32L1xx_HAL_Driver/Src/stm32l1xx_hal_tim.o
 .debug_info    0x0000bee8     0x11a2 Drivers/STM32L1xx_HAL_Driver/Src/stm32l1xx_hal_uart.o
 .debug_info    0x0000d08a      0xd07 Middlewares/ST/STM32_USB_Device_Library/Class/CDC/Src/usbd_cdc.o
 .debug_info    0x0000dd91      0xc42 Middlewares/ST/STM32_USB_Device_Library/Core/Src/usbd_core.o
 .debug_info    0x0000e9d3      0xdfb Middlewares/ST/STM32_USB_Device_Library/Core/Src/usbd_ctlreq.o
 .debug_info    0x0000f7ce      0x765 Middlewares/ST/STM32_USB_Device_Library/Core/Src/usbd_ioreq.o
 .debug_info    0x0000ff33     0x1c47 Middlewares/Third_Party/FreeRTOS/Source/CMSIS_RTOS/cmsis_os.o
 .debug_info    0x00011b7a      0x2a5 Middlewares/Third_Party/FreeRTOS/Source/list.o
 .debug_info    0x00011e1f     0x180e Middlewares/Third_Party/FreeRTOS/Source/queue.o
 .debug_info    0x0001362d     0x21b7 Middlewares/Third_Party/FreeRTOS/Source/tasks.o
 .debug_info    0x000157e4     0x105a Middlewares/Third_Party/FreeRTOS/Source/timers.o
 .debug_info    0x0001683e      0x4cd Middlewares/Third_Party/FreeRTOS/Source/portable/GCC/ARM_CM3/port.o
 .debug_info    0x00016d0b      0x445 Middlewares/Third_Party/FreeRTOS/Source/portable/MemMang/heap_4.o
 .debug_info    0x00017150      0x672 Src/communication.o
 .debug_info    0x000177c2     0x1b73 Src/main.o
 .debug_info    0x00019335      0x8b3 Src/sim808.o
 .debug_info    0x00019be8     0x12fa Src/stm32l1xx_hal_msp.o
 .debug_info    0x0001aee2      0x980 Src/stm32l1xx_hal_timebase_TIM.o
 .debug_info    0x0001b862     0x10e3 Src/stm32l1xx_it.o
 .debug_info    0x0001c945      0x446 Src/system_stm32l1xx.o
 .debug_info    0x0001cd8b      0x616 Src/usb_device.o
 .debug_info    0x0001d3a1      0x8b0 Src/usbd_cdc_if.o
 .debug_info    0x0001dc51     0x1884 Src/usbd_conf.o
 .debug_info    0x0001f4d5      0x4c6 Src/usbd_desc.o
 .debug_info    0x0001f99b       0x6c startup/startup_stm32l151xc.o

.debug_abbrev   0x00000000     0x4a7f
 .debug_abbrev  0x00000000      0x1c1 Drivers/STM32L1xx_HAL_Driver/Src/stm32l1xx_hal.o
 .debug_abbrev  0x000001c1      0x287 Drivers/STM32L1xx_HAL_Driver/Src/stm32l1xx_hal_adc.o
 .debug_abbrev  0x00000448      0x26a Drivers/STM32L1xx_HAL_Driver/Src/stm32l1xx_hal_adc_ex.o
 .debug_abbrev  0x000006b2      0x2e2 Drivers/STM32L1xx_HAL_Driver/Src/stm32l1xx_hal_cortex.o
 .debug_abbrev  0x00000994      0x210 Drivers/STM32L1xx_HAL_Driver/Src/stm32l1xx_hal_dma.o
 .debug_abbrev  0x00000ba4      0x1cd Drivers/STM32L1xx_HAL_Driver/Src/stm32l1xx_hal_gpio.o
 .debug_abbrev  0x00000d71      0x2a0 Drivers/STM32L1xx_HAL_Driver/Src/stm32l1xx_hal_pcd.o
 .debug_abbrev  0x00001011      0x145 Drivers/STM32L1xx_HAL_Driver/Src/stm32l1xx_hal_pcd_ex.o
 .debug_abbrev  0x00001156      0x290 Drivers/STM32L1xx_HAL_Driver/Src/stm32l1xx_hal_rcc.o
 .debug_abbrev  0x000013e6      0x242 Drivers/STM32L1xx_HAL_Driver/Src/stm32l1xx_hal_rcc_ex.o
 .debug_abbrev  0x00001628      0x1ad Drivers/STM32L1xx_HAL_Driver/Src/stm32l1xx_hal_rtc.o
 .debug_abbrev  0x000017d5      0x1bc Drivers/STM32L1xx_HAL_Driver/Src/stm32l1xx_hal_rtc_ex.o
 .debug_abbrev  0x00001991      0x20c Drivers/STM32L1xx_HAL_Driver/Src/stm32l1xx_hal_tim.o
 .debug_abbrev  0x00001b9d      0x228 Drivers/STM32L1xx_HAL_Driver/Src/stm32l1xx_hal_uart.o
 .debug_abbrev  0x00001dc5      0x24a Middlewares/ST/STM32_USB_Device_Library/Class/CDC/Src/usbd_cdc.o
 .debug_abbrev  0x0000200f      0x1ef Middlewares/ST/STM32_USB_Device_Library/Core/Src/usbd_core.o
 .debug_abbrev  0x000021fe      0x26c Middlewares/ST/STM32_USB_Device_Library/Core/Src/usbd_ctlreq.o
 .debug_abbrev  0x0000246a      0x158 Middlewares/ST/STM32_USB_Device_Library/Core/Src/usbd_ioreq.o
 .debug_abbrev  0x000025c2      0x2fe Middlewares/Third_Party/FreeRTOS/Source/CMSIS_RTOS/cmsis_os.o
 .debug_abbrev  0x000028c0       0xdf Middlewares/Third_Party/FreeRTOS/Source/list.o
 .debug_abbrev  0x0000299f      0x297 Middlewares/Third_Party/FreeRTOS/Source/queue.o
 .debug_abbrev  0x00002c36      0x309 Middlewares/Third_Party/FreeRTOS/Source/tasks.o
 .debug_abbrev  0x00002f3f      0x229 Middlewares/Third_Party/FreeRTOS/Source/timers.o
 .debug_abbrev  0x00003168      0x254 Middlewares/Third_Party/FreeRTOS/Source/portable/GCC/ARM_CM3/port.o
 .debug_abbrev  0x000033bc      0x20d Middlewares/Third_Party/FreeRTOS/Source/portable/MemMang/heap_4.o
 .debug_abbrev  0x000035c9      0x1b5 Src/communication.o
 .debug_abbrev  0x0000377e      0x27b Src/main.o
 .debug_abbrev  0x000039f9      0x20a Src/sim808.o
 .debug_abbrev  0x00003c03      0x220 Src/stm32l1xx_hal_msp.o
 .debug_abbrev  0x00003e23      0x1c5 Src/stm32l1xx_hal_timebase_TIM.o
 .debug_abbrev  0x00003fe8      0x1f4 Src/stm32l1xx_it.o
 .debug_abbrev  0x000041dc      0x104 Src/system_stm32l1xx.o
 .debug_abbrev  0x000042e0      0x170 Src/usb_device.o
 .debug_abbrev  0x00004450      0x227 Src/usbd_cdc_if.o
 .debug_abbrev  0x00004677      0x28f Src/usbd_conf.o
 .debug_abbrev  0x00004906      0x167 Src/usbd_desc.o
 .debug_abbrev  0x00004a6d       0x12 startup/startup_stm32l151xc.o

.debug_loc      0x00000000    0x104ef
 .debug_loc     0x00000000       0x6a Drivers/STM32L1xx_HAL_Driver/Src/stm32l1xx_hal.o
 .debug_loc     0x0000006a      0x875 Drivers/STM32L1xx_HAL_Driver/Src/stm32l1xx_hal_adc.o
 .debug_loc     0x000008df      0x4dc Drivers/STM32L1xx_HAL_Driver/Src/stm32l1xx_hal_adc_ex.o
 .debug_loc     0x00000dbb      0x548 Drivers/STM32L1xx_HAL_Driver/Src/stm32l1xx_hal_cortex.o
 .debug_loc     0x00001303      0x66e Drivers/STM32L1xx_HAL_Driver/Src/stm32l1xx_hal_dma.o
 .debug_loc     0x00001971      0x320 Drivers/STM32L1xx_HAL_Driver/Src/stm32l1xx_hal_gpio.o
 .debug_loc     0x00001c91     0x1228 Drivers/STM32L1xx_HAL_Driver/Src/stm32l1xx_hal_pcd.o
 .debug_loc     0x00002eb9       0xd4 Drivers/STM32L1xx_HAL_Driver/Src/stm32l1xx_hal_pcd_ex.o
 .debug_loc     0x00002f8d      0xbfb Drivers/STM32L1xx_HAL_Driver/Src/stm32l1xx_hal_rcc.o
 .debug_loc     0x00003b88      0x3e0 Drivers/STM32L1xx_HAL_Driver/Src/stm32l1xx_hal_rcc_ex.o
 .debug_loc     0x00003f68      0x619 Drivers/STM32L1xx_HAL_Driver/Src/stm32l1xx_hal_rtc.o
 .debug_loc     0x00004581     0x14b0 Drivers/STM32L1xx_HAL_Driver/Src/stm32l1xx_hal_rtc_ex.o
 .debug_loc     0x00005a31     0x3051 Drivers/STM32L1xx_HAL_Driver/Src/stm32l1xx_hal_tim.o
 .debug_loc     0x00008a82     0x1009 Drivers/STM32L1xx_HAL_Driver/Src/stm32l1xx_hal_uart.o
 .debug_loc     0x00009a8b      0x4b1 Middlewares/ST/STM32_USB_Device_Library/Class/CDC/Src/usbd_cdc.o
 .debug_loc     0x00009f3c      0x629 Middlewares/ST/STM32_USB_Device_Library/Core/Src/usbd_core.o
 .debug_loc     0x0000a565      0xb12 Middlewares/ST/STM32_USB_Device_Library/Core/Src/usbd_ctlreq.o
 .debug_loc     0x0000b077      0x23c Middlewares/ST/STM32_USB_Device_Library/Core/Src/usbd_ioreq.o
 .debug_loc     0x0000b2b3     0x103c Middlewares/Third_Party/FreeRTOS/Source/CMSIS_RTOS/cmsis_os.o
 .debug_loc     0x0000c2ef       0x65 Middlewares/Third_Party/FreeRTOS/Source/list.o
 .debug_loc     0x0000c354      0xe4b Middlewares/Third_Party/FreeRTOS/Source/queue.o
 .debug_loc     0x0000d19f     0x1298 Middlewares/Third_Party/FreeRTOS/Source/tasks.o
 .debug_loc     0x0000e437      0x9ad Middlewares/Third_Party/FreeRTOS/Source/timers.o
 .debug_loc     0x0000ede4       0xce Middlewares/Third_Party/FreeRTOS/Source/portable/GCC/ARM_CM3/port.o
 .debug_loc     0x0000eeb2      0x282 Middlewares/Third_Party/FreeRTOS/Source/portable/MemMang/heap_4.o
 .debug_loc     0x0000f134      0x112 Src/communication.o
 .debug_loc     0x0000f246       0x42 Src/main.o
 .debug_loc     0x0000f288       0x9f Src/sim808.o
 .debug_loc     0x0000f327       0xcb Src/stm32l1xx_hal_msp.o
 .debug_loc     0x0000f3f2       0x79 Src/stm32l1xx_hal_timebase_TIM.o
 .debug_loc     0x0000f46b      0x16b Src/system_stm32l1xx.o
 .debug_loc     0x0000f5d6      0x10f Src/usbd_cdc_if.o
 .debug_loc     0x0000f6e5      0xb53 Src/usbd_conf.o
 .debug_loc     0x00010238      0x2b7 Src/usbd_desc.o

.debug_aranges  0x00000000     0x18a0
 .debug_aranges
                0x00000000       0xb0 Drivers/STM32L1xx_HAL_Driver/Src/stm32l1xx_hal.o
 .debug_aranges
                0x000000b0       0xf0 Drivers/STM32L1xx_HAL_Driver/Src/stm32l1xx_hal_adc.o
 .debug_aranges
                0x000001a0       0x58 Drivers/STM32L1xx_HAL_Driver/Src/stm32l1xx_hal_adc_ex.o
 .debug_aranges
                0x000001f8       0xa8 Drivers/STM32L1xx_HAL_Driver/Src/stm32l1xx_hal_cortex.o
 .debug_aranges
                0x000002a0       0x80 Drivers/STM32L1xx_HAL_Driver/Src/stm32l1xx_hal_dma.o
 .debug_aranges
                0x00000320       0x58 Drivers/STM32L1xx_HAL_Driver/Src/stm32l1xx_hal_gpio.o
 .debug_aranges
                0x00000378      0x138 Drivers/STM32L1xx_HAL_Driver/Src/stm32l1xx_hal_pcd.o
 .debug_aranges
                0x000004b0       0x20 Drivers/STM32L1xx_HAL_Driver/Src/stm32l1xx_hal_pcd_ex.o
 .debug_aranges
                0x000004d0       0x90 Drivers/STM32L1xx_HAL_Driver/Src/stm32l1xx_hal_rcc.o
 .debug_aranges
                0x00000560       0x58 Drivers/STM32L1xx_HAL_Driver/Src/stm32l1xx_hal_rcc_ex.o
 .debug_aranges
                0x000005b8       0x90 Drivers/STM32L1xx_HAL_Driver/Src/stm32l1xx_hal_rtc.o
 .debug_aranges
                0x00000648      0x170 Drivers/STM32L1xx_HAL_Driver/Src/stm32l1xx_hal_rtc_ex.o
 .debug_aranges
                0x000007b8      0x368 Drivers/STM32L1xx_HAL_Driver/Src/stm32l1xx_hal_tim.o
 .debug_aranges
                0x00000b20      0x150 Drivers/STM32L1xx_HAL_Driver/Src/stm32l1xx_hal_uart.o
 .debug_aranges
                0x00000c70       0x90 Middlewares/ST/STM32_USB_Device_Library/Class/CDC/Src/usbd_cdc.o
 .debug_aranges
                0x00000d00       0xb8 Middlewares/ST/STM32_USB_Device_Library/Core/Src/usbd_core.o
 .debug_aranges
                0x00000db8       0x88 Middlewares/ST/STM32_USB_Device_Library/Core/Src/usbd_ctlreq.o
 .debug_aranges
                0x00000e40       0x50 Middlewares/ST/STM32_USB_Device_Library/Core/Src/usbd_ioreq.o
 .debug_aranges
                0x00000e90      0x1d8 Middlewares/Third_Party/FreeRTOS/Source/CMSIS_RTOS/cmsis_os.o
 .debug_aranges
                0x00001068       0x40 Middlewares/Third_Party/FreeRTOS/Source/list.o
 .debug_aranges
                0x000010a8       0xe8 Middlewares/Third_Party/FreeRTOS/Source/queue.o
 .debug_aranges
                0x00001190      0x198 Middlewares/Third_Party/FreeRTOS/Source/tasks.o
 .debug_aranges
                0x00001328       0xb8 Middlewares/Third_Party/FreeRTOS/Source/timers.o
 .debug_aranges
                0x000013e0       0x78 Middlewares/Third_Party/FreeRTOS/Source/portable/GCC/ARM_CM3/port.o
 .debug_aranges
                0x00001458       0x50 Middlewares/Third_Party/FreeRTOS/Source/portable/MemMang/heap_4.o
 .debug_aranges
                0x000014a8       0x38 Src/communication.o
 .debug_aranges
                0x000014e0       0x60 Src/main.o
 .debug_aranges
                0x00001540       0x48 Src/sim808.o
 .debug_aranges
                0x00001588       0x50 Src/stm32l1xx_hal_msp.o
 .debug_aranges
                0x000015d8       0x30 Src/stm32l1xx_hal_timebase_TIM.o
 .debug_aranges
                0x00001608       0x88 Src/stm32l1xx_it.o
 .debug_aranges
                0x00001690       0x28 Src/system_stm32l1xx.o
 .debug_aranges
                0x000016b8       0x20 Src/usb_device.o
 .debug_aranges
                0x000016d8       0x40 Src/usbd_cdc_if.o
 .debug_aranges
                0x00001718      0x110 Src/usbd_conf.o
 .debug_aranges
                0x00001828       0x50 Src/usbd_desc.o
 .debug_aranges
                0x00001878       0x28 startup/startup_stm32l151xc.o

.debug_ranges   0x00000000     0x1708
 .debug_ranges  0x00000000       0xa0 Drivers/STM32L1xx_HAL_Driver/Src/stm32l1xx_hal.o
 .debug_ranges  0x000000a0       0xe0 Drivers/STM32L1xx_HAL_Driver/Src/stm32l1xx_hal_adc.o
 .debug_ranges  0x00000180       0x48 Drivers/STM32L1xx_HAL_Driver/Src/stm32l1xx_hal_adc_ex.o
 .debug_ranges  0x000001c8       0x98 Drivers/STM32L1xx_HAL_Driver/Src/stm32l1xx_hal_cortex.o
 .debug_ranges  0x00000260       0x70 Drivers/STM32L1xx_HAL_Driver/Src/stm32l1xx_hal_dma.o
 .debug_ranges  0x000002d0       0x48 Drivers/STM32L1xx_HAL_Driver/Src/stm32l1xx_hal_gpio.o
 .debug_ranges  0x00000318      0x128 Drivers/STM32L1xx_HAL_Driver/Src/stm32l1xx_hal_pcd.o
 .debug_ranges  0x00000440       0x10 Drivers/STM32L1xx_HAL_Driver/Src/stm32l1xx_hal_pcd_ex.o
 .debug_ranges  0x00000450       0x98 Drivers/STM32L1xx_HAL_Driver/Src/stm32l1xx_hal_rcc.o
 .debug_ranges  0x000004e8       0x60 Drivers/STM32L1xx_HAL_Driver/Src/stm32l1xx_hal_rcc_ex.o
 .debug_ranges  0x00000548       0x80 Drivers/STM32L1xx_HAL_Driver/Src/stm32l1xx_hal_rtc.o
 .debug_ranges  0x000005c8      0x160 Drivers/STM32L1xx_HAL_Driver/Src/stm32l1xx_hal_rtc_ex.o
 .debug_ranges  0x00000728      0x358 Drivers/STM32L1xx_HAL_Driver/Src/stm32l1xx_hal_tim.o
 .debug_ranges  0x00000a80      0x140 Drivers/STM32L1xx_HAL_Driver/Src/stm32l1xx_hal_uart.o
 .debug_ranges  0x00000bc0       0x80 Middlewares/ST/STM32_USB_Device_Library/Class/CDC/Src/usbd_cdc.o
 .debug_ranges  0x00000c40       0xa8 Middlewares/ST/STM32_USB_Device_Library/Core/Src/usbd_core.o
 .debug_ranges  0x00000ce8       0x78 Middlewares/ST/STM32_USB_Device_Library/Core/Src/usbd_ctlreq.o
 .debug_ranges  0x00000d60       0x40 Middlewares/ST/STM32_USB_Device_Library/Core/Src/usbd_ioreq.o
 .debug_ranges  0x00000da0      0x1c8 Middlewares/Third_Party/FreeRTOS/Source/CMSIS_RTOS/cmsis_os.o
 .debug_ranges  0x00000f68       0x30 Middlewares/Third_Party/FreeRTOS/Source/list.o
 .debug_ranges  0x00000f98      0x120 Middlewares/Third_Party/FreeRTOS/Source/queue.o
 .debug_ranges  0x000010b8      0x1c0 Middlewares/Third_Party/FreeRTOS/Source/tasks.o
 .debug_ranges  0x00001278       0xa8 Middlewares/Third_Party/FreeRTOS/Source/timers.o
 .debug_ranges  0x00001320       0x68 Middlewares/Third_Party/FreeRTOS/Source/portable/GCC/ARM_CM3/port.o
 .debug_ranges  0x00001388       0x40 Middlewares/Third_Party/FreeRTOS/Source/portable/MemMang/heap_4.o
 .debug_ranges  0x000013c8       0x28 Src/communication.o
 .debug_ranges  0x000013f0       0x50 Src/main.o
 .debug_ranges  0x00001440       0x38 Src/sim808.o
 .debug_ranges  0x00001478       0x40 Src/stm32l1xx_hal_msp.o
 .debug_ranges  0x000014b8       0x20 Src/stm32l1xx_hal_timebase_TIM.o
 .debug_ranges  0x000014d8       0x78 Src/stm32l1xx_it.o
 .debug_ranges  0x00001550       0x18 Src/system_stm32l1xx.o
 .debug_ranges  0x00001568       0x10 Src/usb_device.o
 .debug_ranges  0x00001578       0x30 Src/usbd_cdc_if.o
 .debug_ranges  0x000015a8      0x100 Src/usbd_conf.o
 .debug_ranges  0x000016a8       0x40 Src/usbd_desc.o
 .debug_ranges  0x000016e8       0x20 startup/startup_stm32l151xc.o

.debug_macro    0x00000000    0x1de43
 .debug_macro   0x00000000      0x34e Drivers/STM32L1xx_HAL_Driver/Src/stm32l1xx_hal.o
 .debug_macro   0x0000034e      0x880 Drivers/STM32L1xx_HAL_Driver/Src/stm32l1xx_hal.o
 .debug_macro   0x00000bce       0x7c Drivers/STM32L1xx_HAL_Driver/Src/stm32l1xx_hal.o
 .debug_macro   0x00000c4a       0x9a Drivers/STM32L1xx_HAL_Driver/Src/stm32l1xx_hal.o
 .debug_macro   0x00000ce4       0x2e Drivers/STM32L1xx_HAL_Driver/Src/stm32l1xx_hal.o
 .debug_macro   0x00000d12       0x22 Drivers/STM32L1xx_HAL_Driver/Src/stm32l1xx_hal.o
 .debug_macro   0x00000d34       0x22 Drivers/STM32L1xx_HAL_Driver/Src/stm32l1xx_hal.o
 .debug_macro   0x00000d56       0x87 Drivers/STM32L1xx_HAL_Driver/Src/stm32l1xx_hal.o
 .debug_macro   0x00000ddd       0x44 Drivers/STM32L1xx_HAL_Driver/Src/stm32l1xx_hal.o
 .debug_macro   0x00000e21       0xfd Drivers/STM32L1xx_HAL_Driver/Src/stm32l1xx_hal.o
 .debug_macro   0x00000f1e       0x5e Drivers/STM32L1xx_HAL_Driver/Src/stm32l1xx_hal.o
 .debug_macro   0x00000f7c      0x1df Drivers/STM32L1xx_HAL_Driver/Src/stm32l1xx_hal.o
 .debug_macro   0x0000115b       0x34 Drivers/STM32L1xx_HAL_Driver/Src/stm32l1xx_hal.o
 .debug_macro   0x0000118f       0x34 Drivers/STM32L1xx_HAL_Driver/Src/stm32l1xx_hal.o
 .debug_macro   0x000011c3      0xcb4 Drivers/STM32L1xx_HAL_Driver/Src/stm32l1xx_hal.o
 .debug_macro   0x00001e77     0xb888 Drivers/STM32L1xx_HAL_Driver/Src/stm32l1xx_hal.o
 .debug_macro   0x0000d6ff       0x43 Drivers/STM32L1xx_HAL_Driver/Src/stm32l1xx_hal.o
 .debug_macro   0x0000d742     0x342b Drivers/STM32L1xx_HAL_Driver/Src/stm32l1xx_hal.o
 .debug_macro   0x00010b6d       0x52 Drivers/STM32L1xx_HAL_Driver/Src/stm32l1xx_hal.o
 .debug_macro   0x00010bbf       0x35 Drivers/STM32L1xx_HAL_Driver/Src/stm32l1xx_hal.o
 .debug_macro   0x00010bf4       0x9c Drivers/STM32L1xx_HAL_Driver/Src/stm32l1xx_hal.o
 .debug_macro   0x00010c90       0x16 Drivers/STM32L1xx_HAL_Driver/Src/stm32l1xx_hal.o
 .debug_macro   0x00010ca6       0x97 Drivers/STM32L1xx_HAL_Driver/Src/stm32l1xx_hal.o
 .debug_macro   0x00010d3d      0x30d Drivers/STM32L1xx_HAL_Driver/Src/stm32l1xx_hal.o
 .debug_macro   0x0001104a       0xfd Drivers/STM32L1xx_HAL_Driver/Src/stm32l1xx_hal.o
 .debug_macro   0x00011147       0x10 Drivers/STM32L1xx_HAL_Driver/Src/stm32l1xx_hal.o
 .debug_macro   0x00011157       0x52 Drivers/STM32L1xx_HAL_Driver/Src/stm32l1xx_hal.o
 .debug_macro   0x000111a9       0x1f Drivers/STM32L1xx_HAL_Driver/Src/stm32l1xx_hal.o
 .debug_macro   0x000111c8       0x43 Drivers/STM32L1xx_HAL_Driver/Src/stm32l1xx_hal.o
 .debug_macro   0x0001120b       0x20 Drivers/STM32L1xx_HAL_Driver/Src/stm32l1xx_hal.o
 .debug_macro   0x0001122b      0x187 Drivers/STM32L1xx_HAL_Driver/Src/stm32l1xx_hal.o
 .debug_macro   0x000113b2       0x10 Drivers/STM32L1xx_HAL_Driver/Src/stm32l1xx_hal.o
 .debug_macro   0x000113c2       0x1c Drivers/STM32L1xx_HAL_Driver/Src/stm32l1xx_hal.o
 .debug_macro   0x000113de       0x52 Drivers/STM32L1xx_HAL_Driver/Src/stm32l1xx_hal.o
 .debug_macro   0x00011430       0x40 Drivers/STM32L1xx_HAL_Driver/Src/stm32l1xx_hal.o
 .debug_macro   0x00011470       0x10 Drivers/STM32L1xx_HAL_Driver/Src/stm32l1xx_hal.o
 .debug_macro   0x00011480       0x40 Drivers/STM32L1xx_HAL_Driver/Src/stm32l1xx_hal.o
 .debug_macro   0x000114c0       0xd7 Drivers/STM32L1xx_HAL_Driver/Src/stm32l1xx_hal.o